$ date
Wednesday 29 October  09:30:50 AEDT 2014
$ git checkout master
Already on 'master'
$ git reset --hard stable
HEAD is now at f7e87a44ef60 Merge tag 'media/v3.18-rc2' of git://git.kernel.org/pub/scm/linux/kernel/git/mchehab/linux-media
Merging origin/master (9f76628da20f Merge branch 'for-3.18' of git://linux-nfs.org/~bfields/linux)
$ git merge origin/master
Updating f7e87a44ef60..9f76628da20f
Fast-forward
 arch/arm/kernel/asm-offsets.c | 12 +++++++++-
 arch/arm/mm/init.c            |  8 +++----
 fs/nfsd/nfs4proc.c            |  7 ++++--
 kernel/trace/ftrace.c         | 54 +++++++++++++++++++++++++++++--------------
 mm/memory.c                   |  1 +
 5 files changed, 58 insertions(+), 24 deletions(-)
Merging fixes/master (b94d525e58dc Merge git://git.kernel.org/pub/scm/linux/kernel/git/davem/net)
$ git merge fixes/master
Already up-to-date.
Merging kbuild-current/rc-fixes (7d1311b93e58 Linux 3.17-rc1)
$ git merge kbuild-current/rc-fixes
Already up-to-date.
Merging arc-current/for-curr (2ce7598c9a45 Linux 3.17-rc4)
$ git merge arc-current/for-curr
Already up-to-date.
Merging arm-current/fixes (178c3dfe853a ARM: fix some printk formats)
$ git merge arm-current/fixes
Already up-to-date.
Merging m68k-current/for-linus (f7bbd12a4b7e m68k: Wire up bpf)
$ git merge m68k-current/for-linus
Merge made by the 'recursive' strategy.
 arch/m68k/include/asm/unistd.h      | 2 +-
 arch/m68k/include/uapi/asm/unistd.h | 1 +
 arch/m68k/kernel/syscalltable.S     | 1 +
 3 files changed, 3 insertions(+), 1 deletion(-)
Merging metag-fixes/fixes (ffe6902b66aa asm-generic: remove _STK_LIM_MAX)
$ git merge metag-fixes/fixes
Already up-to-date.
Merging mips-fixes/mips-fixes (1795cd9b3a91 Linux 3.16-rc5)
$ git merge mips-fixes/mips-fixes
Already up-to-date.
Merging powerpc-merge/merge (396a34340cdf powerpc: Fix endianness of flash_block_list in rtas_flash)
$ git merge powerpc-merge/merge
Already up-to-date.
Merging powerpc-merge-mpe/fixes (eb01d4c2388c cxl: Fix PSL error due to duplicate segment table entries)
$ git merge powerpc-merge-mpe/fixes
Auto-merging MAINTAINERS
Merge made by the 'recursive' strategy.
 MAINTAINERS                                    |  2 +-
 arch/powerpc/include/asm/hugetlb.h             |  2 +-
 arch/powerpc/include/asm/systbl.h              |  1 +
 arch/powerpc/include/asm/unistd.h              |  2 +-
 arch/powerpc/include/uapi/asm/unistd.h         |  1 +
 arch/powerpc/mm/copro_fault.c                  |  3 +-
 arch/powerpc/mm/slice.c                        |  3 +-
 arch/powerpc/platforms/powernv/opal-lpc.c      |  4 +-
 arch/powerpc/platforms/powernv/opal-wrappers.S |  2 +-
 drivers/misc/cxl/fault.c                       | 74 ++++++++++++++------------
 drivers/misc/cxl/native.c                      |  4 +-
 11 files changed, 51 insertions(+), 47 deletions(-)
Merging sparc/master (c20ce79303c7 sparc: Hook up bpf system call.)
$ git merge sparc/master
Merge made by the 'recursive' strategy.
 arch/sparc/include/uapi/asm/unistd.h | 3 ++-
 arch/sparc/kernel/systbls_32.S       | 2 +-
 arch/sparc/kernel/systbls_64.S       | 4 ++--
 3 files changed, 5 insertions(+), 4 deletions(-)
Merging net/master (068301f2be36 Merge branch 'cdc-ether')
$ git merge net/master
Merge made by the 'recursive' strategy.
 Documentation/ptp/testptp.mk                       |  33 +++
 drivers/bcma/host_pci.c                            |   5 +-
 drivers/bcma/main.c                                |   2 +-
 drivers/net/dsa/mv88e6171.c                        |   2 +-
 drivers/net/ethernet/amd/xgbe/xgbe-drv.c           |  22 +-
 drivers/net/ethernet/apm/xgene/xgene_enet_sgmac.c  |  16 +-
 drivers/net/ethernet/broadcom/bcmsysport.c         |  11 +-
 drivers/net/ethernet/chelsio/cxgb4/cxgb4_dcb.c     |  55 +++-
 drivers/net/ethernet/chelsio/cxgb4/cxgb4_main.c    |   6 +-
 drivers/net/ethernet/cisco/enic/enic_clsf.c        |  12 +-
 drivers/net/ethernet/cisco/enic/enic_main.c        |   4 +-
 drivers/net/ethernet/freescale/fec_main.c          |   3 +-
 drivers/net/ethernet/freescale/fs_enet/mac-fec.c   |   3 +
 drivers/net/ethernet/freescale/fs_enet/mac-scc.c   |   3 +
 drivers/net/ethernet/intel/i40e/i40e_main.c        |   4 +-
 drivers/net/ethernet/mellanox/mlx4/eq.c            |   1 +
 drivers/net/ethernet/mellanox/mlx5/core/eq.c       |   1 +
 drivers/net/ethernet/sfc/tx.c                      |   4 -
 drivers/net/ethernet/ti/cpsw.c                     |  18 +-
 drivers/net/hyperv/netvsc_drv.c                    |   1 +
 drivers/net/macvlan.c                              |  10 +-
 drivers/net/phy/marvell.c                          |  19 ++
 drivers/net/usb/ax88179_178a.c                     |   7 +-
 drivers/net/usb/cdc_ether.c                        |  47 ++-
 drivers/net/usb/usbnet.c                           |  20 ++
 drivers/net/wireless/ath/ath.h                     |   1 +
 drivers/net/wireless/ath/ath9k/common.c            |   8 +-
 drivers/net/wireless/ath/ath9k/init.c              |  55 ++--
 drivers/net/wireless/ath/ath9k/main.c              |   3 +
 drivers/net/wireless/ath/ath9k/xmit.c              |  10 +-
 drivers/net/wireless/ath/regd.c                    |  14 +
 drivers/net/wireless/brcm80211/brcmfmac/dhd_sdio.c |  25 +-
 drivers/net/wireless/iwlwifi/dvm/mac80211.c        |  24 +-
 drivers/net/wireless/iwlwifi/iwl-8000.c            |   3 +-
 drivers/net/wireless/iwlwifi/iwl-trans.h           |   2 +
 drivers/net/wireless/iwlwifi/mvm/coex.c            |   4 +-
 drivers/net/wireless/iwlwifi/mvm/coex_legacy.c     |   4 +-
 drivers/net/wireless/iwlwifi/mvm/fw-api-power.h    |  35 ++-
 drivers/net/wireless/iwlwifi/mvm/fw-api.h          |   1 +
 drivers/net/wireless/iwlwifi/mvm/fw.c              |   9 +
 drivers/net/wireless/iwlwifi/mvm/mac80211.c        |  32 ++-
 drivers/net/wireless/iwlwifi/mvm/ops.c             |   1 +
 drivers/net/wireless/iwlwifi/mvm/scan.c            |   3 +-
 drivers/net/wireless/iwlwifi/mvm/time-event.c      |   2 +-
 drivers/net/wireless/iwlwifi/mvm/tx.c              |   8 +-
 drivers/net/wireless/iwlwifi/pcie/trans.c          |  22 +-
 drivers/net/wireless/rtlwifi/base.c                |   2 +-
 drivers/net/wireless/rtlwifi/pci.c                 |   3 +-
 drivers/net/wireless/rtlwifi/rtl8192c/fw_common.c  |   8 +-
 drivers/net/wireless/rtlwifi/rtl8192c/fw_common.h  |   4 +-
 drivers/net/wireless/rtlwifi/rtl8192ce/hw.c        |   2 +-
 drivers/net/wireless/rtlwifi/rtl8192cu/hw.c        |  17 +-
 drivers/net/wireless/rtlwifi/rtl8192cu/hw.h        |   1 -
 drivers/net/wireless/rtlwifi/rtl8192cu/sw.c        |   7 +
 drivers/net/wireless/rtlwifi/rtl8192ee/hw.c        |   8 +-
 drivers/net/wireless/rtlwifi/rtl8821ae/phy.c       |  15 +-
 drivers/net/wireless/rtlwifi/usb.c                 |  11 +
 drivers/net/xen-netback/common.h                   |  39 +--
 drivers/net/xen-netback/interface.c                |  74 +----
 drivers/net/xen-netback/netback.c                  | 319 +++++++++++++--------
 drivers/net/xen-netback/xenbus.c                   |  22 +-
 include/linux/skbuff.h                             |   4 +
 include/linux/usb/usbnet.h                         |   4 +
 include/net/netfilter/nf_tables.h                  |   3 +
 include/net/netfilter/nft_masq.h                   |   3 +
 init/Kconfig                                       |  14 +
 kernel/Makefile                                    |   2 +-
 kernel/bpf/Makefile                                |   6 +-
 kernel/bpf/core.c                                  |   9 +
 kernel/bpf/verifier.c                              |   3 +-
 net/Kconfig                                        |   2 +-
 net/bridge/br_netfilter.c                          |  24 +-
 net/core/dev.c                                     |   4 +
 net/core/skbuff.c                                  |  13 +-
 net/core/tso.c                                     |   3 +-
 net/dsa/dsa.c                                      |   5 +-
 net/ipv4/af_inet.c                                 |   2 +-
 net/ipv4/gre_offload.c                             |   2 +-
 net/ipv4/ip_output.c                               |   2 +-
 net/ipv4/netfilter/nf_reject_ipv4.c                |   3 +
 net/ipv4/netfilter/nft_masq_ipv4.c                 |   1 +
 net/ipv4/tcp.c                                     |  59 ++--
 net/ipv4/tcp_ipv4.c                                |   4 +-
 net/ipv4/udp_offload.c                             |   2 +-
 net/ipv6/ip6_offload.c                             |   2 +-
 net/ipv6/netfilter/nf_reject_ipv6.c                |   4 +
 net/ipv6/netfilter/nft_masq_ipv6.c                 |   1 +
 net/ipv6/tcp_ipv6.c                                |   4 +-
 net/ipv6/xfrm6_policy.c                            |  11 +-
 net/mac80211/cfg.c                                 |   2 +-
 net/mac80211/rate.c                                |   2 +-
 net/mac80211/rc80211_minstrel_debugfs.c            |  12 +-
 net/mac80211/rc80211_minstrel_ht_debugfs.c         |  13 +-
 net/mac80211/sta_info.h                            |   1 +
 net/mpls/mpls_gso.c                                |   2 +-
 net/netfilter/ipset/ip_set_core.c                  |   2 +-
 net/netfilter/nf_conntrack_proto_tcp.c             |   4 +-
 net/netfilter/nf_tables_api.c                      |  18 +-
 net/netfilter/nfnetlink_log.c                      |  31 +-
 net/netfilter/nfnetlink_queue_core.c               |   2 +-
 net/netfilter/nft_compat.c                         |  81 +++++-
 net/netfilter/nft_masq.c                           |  12 +
 net/netfilter/nft_nat.c                            |  86 +++---
 net/netlink/af_netlink.c                           |  37 ++-
 net/openvswitch/datapath.c                         |   2 +
 net/sched/sch_api.c                                |   2 +-
 net/tipc/node.c                                    |  46 +--
 net/tipc/node.h                                    |   7 +-
 net/tipc/socket.c                                  |   6 +-
 net/wireless/nl80211.c                             |  10 +-
 net/xfrm/xfrm_output.c                             |   2 +
 samples/bpf/test_verifier.c                        |  11 +
 112 files changed, 1118 insertions(+), 576 deletions(-)
 create mode 100644 Documentation/ptp/testptp.mk
Merging ipsec/master (d10845fc85b2 Merge branch 'gso_encap_fixes')
$ git merge ipsec/master
Already up-to-date.
Merging sound-current/for-linus (317168d0c766 ALSA: pcm: Zero-clear reserved fields of PCM status ioctl in compat mode)
$ git merge sound-current/for-linus
Removing sound/soc/s6000/s6105-ipcam.c
Removing sound/soc/s6000/s6000-pcm.h
Removing sound/soc/s6000/s6000-pcm.c
Removing sound/soc/s6000/s6000-i2s.h
Removing sound/soc/s6000/s6000-i2s.c
Removing sound/soc/s6000/Makefile
Removing sound/soc/s6000/Kconfig
Merge made by the 'recursive' strategy.
 .../devicetree/bindings/sound/sgtl5000.txt         |  10 +
 sound/core/pcm_compat.c                            |   2 +
 sound/firewire/bebob/bebob_focusrite.c             |  62 ++-
 sound/firewire/bebob/bebob_stream.c                |  18 +-
 sound/firewire/bebob/bebob_terratec.c              |   7 +-
 sound/pci/ad1889.c                                 |   8 +-
 sound/pci/hda/patch_realtek.c                      |   6 +-
 sound/soc/Kconfig                                  |   1 -
 sound/soc/Makefile                                 |   1 -
 sound/soc/codecs/adau1761.c                        |   4 +
 sound/soc/fsl/fsl_asrc.c                           |   2 +-
 sound/soc/fsl/fsl_esai.c                           |   2 +-
 sound/soc/intel/sst-haswell-pcm.c                  |   4 +-
 sound/soc/s6000/Kconfig                            |  26 -
 sound/soc/s6000/Makefile                           |  11 -
 sound/soc/s6000/s6000-i2s.c                        | 617 ---------------------
 sound/soc/s6000/s6000-i2s.h                        |  23 -
 sound/soc/s6000/s6000-pcm.c                        | 521 -----------------
 sound/soc/s6000/s6000-pcm.h                        |  33 --
 sound/soc/s6000/s6105-ipcam.c                      | 221 --------
 20 files changed, 96 insertions(+), 1483 deletions(-)
 delete mode 100644 sound/soc/s6000/Kconfig
 delete mode 100644 sound/soc/s6000/Makefile
 delete mode 100644 sound/soc/s6000/s6000-i2s.c
 delete mode 100644 sound/soc/s6000/s6000-i2s.h
 delete mode 100644 sound/soc/s6000/s6000-pcm.c
 delete mode 100644 sound/soc/s6000/s6000-pcm.h
 delete mode 100644 sound/soc/s6000/s6105-ipcam.c
Merging pci-current/for-linus (c302d35eac32 Revert duplicate "PCI: pciehp: Prevent NULL dereference during probe")
$ git merge pci-current/for-linus
Merge made by the 'recursive' strategy.
 drivers/pci/hotplug/pciehp_core.c | 7 -------
 1 file changed, 7 deletions(-)
Merging wireless/master (99c814066e75 Merge tag 'mac80211-for-john-2014-10-23' of git://git.kernel.org/pub/scm/linux/kernel/git/jberg/mac80211)
$ git merge wireless/master
Already up-to-date.
Merging driver-core.current/driver-core-linus (cac7f2429872 Linux 3.18-rc2)
$ git merge driver-core.current/driver-core-linus
Already up-to-date.
Merging tty.current/tty-linus (cac7f2429872 Linux 3.18-rc2)
$ git merge tty.current/tty-linus
Already up-to-date.
Merging usb.current/usb-linus (9680b60ed79e usb: chipidea: Fix oops when removing the ci_hdrc module)
$ git merge usb.current/usb-linus
Merge made by the 'recursive' strategy.
 drivers/usb/chipidea/core.c              |  1 -
 drivers/usb/dwc2/core.h                  |  2 +-
 drivers/usb/dwc2/gadget.c                | 14 ++---
 drivers/usb/dwc3/dwc3-omap.c             | 15 +-----
 drivers/usb/dwc3/dwc3-pci.c              |  2 +
 drivers/usb/dwc3/ep0.c                   | 48 +++++++++++++-----
 drivers/usb/dwc3/gadget.c                | 39 ++++++++------
 drivers/usb/dwc3/gadget.h                |  3 +-
 drivers/usb/dwc3/trace.h                 | 53 +++++++++++++------
 drivers/usb/gadget/composite.c           |  2 +-
 drivers/usb/gadget/function/f_acm.c      |  8 +--
 drivers/usb/gadget/function/f_eem.c      |  1 -
 drivers/usb/gadget/function/f_fs.c       | 42 ++++++++++++---
 drivers/usb/gadget/function/f_hid.c      |  5 +-
 drivers/usb/gadget/function/f_loopback.c | 87 +++++++++++++++-----------------
 drivers/usb/gadget/function/f_ncm.c      |  1 -
 drivers/usb/gadget/function/f_obex.c     |  9 ++--
 drivers/usb/gadget/function/f_phonet.c   |  2 +-
 drivers/usb/gadget/function/f_rndis.c    |  9 ++--
 drivers/usb/gadget/function/f_subset.c   |  1 -
 drivers/usb/gadget/function/f_uac2.c     | 23 +++++++--
 drivers/usb/gadget/function/f_uvc.c      | 54 ++++++++++++++++----
 drivers/usb/gadget/function/uvc_video.c  |  3 +-
 drivers/usb/gadget/udc/Kconfig           |  1 +
 drivers/usb/gadget/udc/udc-core.c        |  5 ++
 drivers/usb/musb/musb_cppi41.c           |  3 +-
 drivers/usb/musb/musb_dsps.c             | 18 +++++--
 27 files changed, 294 insertions(+), 157 deletions(-)
Merging usb-gadget-fixes/fixes (9f2104db1295 usb: dwc2: gadget: fix calls to phy control functions in suspend/resume code)
$ git merge usb-gadget-fixes/fixes
Merge made by the 'recursive' strategy.
 drivers/usb/dwc2/gadget.c | 9 ++++++---
 1 file changed, 6 insertions(+), 3 deletions(-)
$ git reset --hard HEAD^
HEAD is now at 24112dd4bc09 Merge remote-tracking branch 'usb.current/usb-linus'
Merging next-20141028 version of usb-gadget-fixes
$ git merge -m next-20141028/usb-gadget-fixes 9b1763553a89b2a84881119eeabfccdb803bb468
Already up-to-date.
Merging usb-serial-fixes/usb-linus (7f2719f0003d usb: serial: ftdi_sio: add "bricked" FTDI device PID)
$ git merge usb-serial-fixes/usb-linus
Merge made by the 'recursive' strategy.
 drivers/usb/serial/cp210x.c       |  1 +
 drivers/usb/serial/ftdi_sio.c     |  3 +++
 drivers/usb/serial/ftdi_sio_ids.h | 12 +++++++++++-
 drivers/usb/serial/kobil_sct.c    | 15 ---------------
 drivers/usb/serial/option.c       | 10 ++++++++++
 5 files changed, 25 insertions(+), 16 deletions(-)
Merging staging.current/staging-linus (7e74783a9db7 Merge tag 'iio-fixes-for-3.18a' of git://git.kernel.org/pub/scm/linux/kernel/git/jic23/iio into staging-linus)
$ git merge staging.current/staging-linus
Merge made by the 'recursive' strategy.
 drivers/iio/common/st_sensors/st_sensors_buffer.c |  2 +-
 drivers/staging/comedi/Kconfig                    |  1 +
 drivers/staging/comedi/comedi_fops.c              | 15 +++++++--------
 drivers/staging/iio/adc/mxs-lradc.c               | 12 ++++++++----
 drivers/staging/iio/impedance-analyzer/ad5933.c   | 15 ++++++---------
 drivers/staging/rtl8723au/include/rtw_eeprom.h    |  2 +-
 6 files changed, 24 insertions(+), 23 deletions(-)
Merging char-misc.current/char-misc-linus (cac7f2429872 Linux 3.18-rc2)
$ git merge char-misc.current/char-misc-linus
Already up-to-date.
Merging input-current/for-linus (185af4d6668e Input: psmouse - remove unneeded check in psmouse_reconnect())
$ git merge input-current/for-linus
Merge made by the 'recursive' strategy.
 drivers/input/keyboard/opencores-kbd.c  |  2 +-
 drivers/input/keyboard/stmpe-keypad.c   |  2 +-
 drivers/input/misc/ims-pcu.c            |  2 +-
 drivers/input/misc/soc_button_array.c   |  2 +-
 drivers/input/mouse/psmouse-base.c      |  7 -------
 drivers/input/mouse/vsxxxaa.c           |  2 +-
 drivers/input/serio/i8042-x86ia64io.h   | 16 ++++++++++++++++
 drivers/input/touchscreen/wm97xx-core.c |  4 ++--
 8 files changed, 23 insertions(+), 14 deletions(-)
Merging md-current/for-linus (d47648fcf061 raid5: avoid finding "discard" stripe)
$ git merge md-current/for-linus
Already up-to-date.
Merging crypto-current/master (09adc8789c4e crypto: qat - Enforce valid numa configuration)
$ git merge crypto-current/master
Merge made by the 'recursive' strategy.
 drivers/crypto/qat/qat_common/adf_accel_devices.h |  3 +--
 drivers/crypto/qat/qat_common/adf_transport.c     | 12 +++++----
 drivers/crypto/qat/qat_common/qat_algs.c          |  7 +++--
 drivers/crypto/qat/qat_common/qat_crypto.c        |  8 +++---
 drivers/crypto/qat/qat_dh895xcc/adf_admin.c       |  2 +-
 drivers/crypto/qat/qat_dh895xcc/adf_drv.c         | 32 +++++++++--------------
 drivers/crypto/qat/qat_dh895xcc/adf_isr.c         |  2 +-
 7 files changed, 32 insertions(+), 34 deletions(-)
Merging ide/master (7546e52b5e3d Drivers: ide: Remove typedef atiixp_ide_timing)
$ git merge ide/master
Already up-to-date.
Merging dwmw2/master (5950f0803ca9 pcmcia: remove RPX board stuff)
$ git merge dwmw2/master
Already up-to-date.
Merging devicetree-current/devicetree/merge (e66c98c7a0ea of: Fix NULL dereference in selftest removal code)
$ git merge devicetree-current/devicetree/merge
Already up-to-date.
Merging rr-fixes/fixes (f49819560f53 virtio-rng: skip reading when we start to remove the device)
$ git merge rr-fixes/fixes
Already up-to-date.
Merging vfio-fixes/for-linus (239a87020b26 Merge branch 'for-joerg/arm-smmu/fixes' of git://git.kernel.org/pub/scm/linux/kernel/git/will/linux into for-linus)
$ git merge vfio-fixes/for-linus
Already up-to-date.
Merging kselftest-fixes/fixes (ce6a144a0d01 selftests/memfd: Run test on all architectures)
$ git merge kselftest-fixes/fixes
Already up-to-date.
Merging drm-intel-fixes/for-linux-next-fixes (6be1e3d3ea29 drm/i915: Fix GMBUSFREQ on vlv/chv)
$ git merge drm-intel-fixes/for-linux-next-fixes
Merge made by the 'recursive' strategy.
 drivers/gpu/drm/i915/intel_display.c |  2 +-
 drivers/gpu/drm/i915/intel_dp.c      | 19 +++++++++++++++++++
 2 files changed, 20 insertions(+), 1 deletion(-)
Merging asm-generic/master (f3670394c29f Revert "x86/efi: Fixup GOT in all boot code paths")
$ git merge asm-generic/master
Already up-to-date.
Merging arc/for-next (21d2271fd081 Merge git://www.linux-watchdog.org/linux-watchdog)
$ git merge arc/for-next
Already up-to-date.
Merging arm/for-next (178c3dfe853a ARM: fix some printk formats)
$ git merge arm/for-next
Already up-to-date.
Merging arm-perf/for-next/perf (f114040e3ea6 Linux 3.18-rc1)
$ git merge arm-perf/for-next/perf
Already up-to-date.
Merging arm-soc/for-next (4ec9a68dd832 Merge branch 'fixes' into for-next)
$ git merge arm-soc/for-next
Auto-merging arch/arm/configs/multi_v7_defconfig
Auto-merging MAINTAINERS
Merge made by the 'recursive' strategy.
 MAINTAINERS                               |  1 +
 arch/arm/Kconfig.debug                    |  2 +-
 arch/arm/arm-soc-for-next-contents.txt    |  0
 arch/arm/configs/multi_v7_defconfig       |  2 +
 arch/arm/configs/socfpga_defconfig        | 71 ++++++++++++-------------------
 arch/arm/mach-ixp4xx/include/mach/io.h    |  4 +-
 arch/arm/mach-pxa/include/mach/addr-map.h |  5 +++
 drivers/soc/versatile/soc-realview.c      |  1 +
 8 files changed, 40 insertions(+), 46 deletions(-)
 create mode 100644 arch/arm/arm-soc-for-next-contents.txt
Merging bcm2835/for-next (fa389e220254 Linux 3.14-rc6)
$ git merge bcm2835/for-next
Already up-to-date.
Merging berlin/berlin/for-next (60cddecff657 Merge branch 'berlin/dt' into berlin/for-next)
$ git merge berlin/berlin/for-next
Merge made by the 'recursive' strategy.
 .../devicetree/bindings/arm/marvell,berlin.txt     |  10 ++
 arch/arm/boot/dts/berlin2-sony-nsz-gs7.dts         |   9 ++
 arch/arm/boot/dts/berlin2.dtsi                     |  71 +++++++++++
 arch/arm/boot/dts/berlin2cd-google-chromecast.dts  |  26 ++++
 arch/arm/boot/dts/berlin2cd.dtsi                   |  46 ++++++++
 arch/arm/boot/dts/berlin2q-marvell-dmp.dts         |   8 ++
 arch/arm/boot/dts/berlin2q.dtsi                    |  42 ++++++-
 arch/arm/mach-berlin/Kconfig                       |   4 +-
 drivers/reset/Makefile                             |   1 +
 drivers/reset/reset-berlin.c                       | 131 +++++++++++++++++++++
 10 files changed, 346 insertions(+), 2 deletions(-)
 create mode 100644 drivers/reset/reset-berlin.c
Merging cortex-m/for-next (f0d7515372ff ARM: v7m: add trivial suspend support)
$ git merge cortex-m/for-next
Already up-to-date.
Merging ep93xx/ep93xx-for-next (bfb0709fd17b Merge branch 'ep93xx-fixes' into ep93xx-for-next)
$ git merge ep93xx/ep93xx-for-next
Merge made by the 'recursive' strategy.
Merging imx-mxs/for-next (809d4af84856 Merge branch 'imx/dt' into for-next)
$ git merge imx-mxs/for-next
Merge made by the 'recursive' strategy.
 arch/arm/boot/dts/imx51.dtsi                |  12 +++-
 arch/arm/boot/dts/imx53.dtsi                |  25 +++++--
 arch/arm/boot/dts/imx6qdl-sabresd.dtsi      |   2 +-
 arch/arm/boot/dts/imx6sx-sdb.dts            |  62 ++++++++++++++++
 arch/arm/boot/dts/imx6sx.dtsi               |   2 +-
 arch/arm/boot/dts/vf610-colibri-eval-v3.dts |  14 ++++
 arch/arm/boot/dts/vf610-colibri.dtsi        |  37 ++++++++++
 arch/arm/boot/dts/vf610.dtsi                |  21 ++++++
 arch/arm/mach-imx/Kconfig                   |  21 +++++-
 arch/arm/mach-imx/Makefile                  |   2 +-
 arch/arm/mach-imx/anatop.c                  |  34 ++++++++-
 arch/arm/mach-imx/clk-cpu.c                 | 107 ++++++++++++++++++++++++++++
 arch/arm/mach-imx/clk-imx51-imx53.c         |  14 +++-
 arch/arm/mach-imx/clk.h                     |   4 ++
 arch/arm/mach-imx/common.h                  |   1 +
 arch/arm/mach-imx/mach-imx53.c              |   2 +
 arch/arm/mach-imx/mach-imx6sx.c             |  51 +++++++++++++
 arch/arm/mach-imx/mmdc.c                    |  17 +++++
 arch/arm/mach-imx/mxc.h                     |   2 +
 arch/arm/mach-imx/pm-imx6.c                 |  10 +--
 arch/arm/mach-imx/suspend-imx6.S            |  14 ++--
 include/dt-bindings/clock/imx5-clock.h      |   5 +-
 include/linux/mfd/syscon/imx6q-iomuxc-gpr.h |  39 ++++++++++
 23 files changed, 469 insertions(+), 29 deletions(-)
 create mode 100644 arch/arm/mach-imx/clk-cpu.c
Merging ixp4xx/next (19f949f52599 Linux 3.8)
$ git merge ixp4xx/next
Already up-to-date.
Merging keystone/next (39179cb5b789 soc: ti: knav_qmss_queue: Return proper error if devm_kzalloc fails)
$ git merge keystone/next
Merge made by the 'recursive' strategy.
 drivers/soc/ti/knav_qmss.h       | 8 ++++----
 drivers/soc/ti/knav_qmss_queue.c | 9 +++++----
 2 files changed, 9 insertions(+), 8 deletions(-)
Merging msm/for-next (81cf1e061d00 ARM: msm: Rename msm devicetrees to have standard 'qcom' prefix)
$ git merge msm/for-next
Already up-to-date.
Merging mvebu/for-next (65a3bb88bb33 Merge branch 'mvebu/dt' into mvebu/for-next)
$ git merge mvebu/for-next
Already up-to-date!
Merge made by the 'recursive' strategy.
Merging renesas/next (fa6b9be46a22 Merge branches 'heads/soc-for-v3.19', 'heads/soc-cleanups-for-v3.19', 'heads/boards-cleanups-for-v3.19', 'heads/defconfig-for-v3.19', 'heads/dt-for-v3.19', 'heads/dt-clocksource-for-v3.19', 'heads/kconfig-cleanups-for-v3.19', 'heads/r8a7740-multiplatform-for-v3.19', 'heads/clocks-for-v3.19' and 'heads/runtime-pm-for-v3.19' into next)
$ git merge renesas/next
Removing arch/arm/mach-shmobile/clock-r8a7791.c
Removing arch/arm/mach-shmobile/board-koelsch.c
Removing arch/arm/mach-shmobile/board-koelsch-reference.c
Removing arch/arm/configs/koelsch_defconfig
Merge made by the 'recursive' strategy.
 .../devicetree/bindings/timer/renesas,mtu2.txt     |   2 +-
 .../devicetree/bindings/timer/renesas,tmu.txt      |   4 +-
 arch/arm/boot/dts/Makefile                         |  16 +-
 arch/arm/boot/dts/emev2-kzm9d.dts                  |  63 +--
 arch/arm/boot/dts/emev2.dtsi                       |  12 +-
 arch/arm/boot/dts/r7s72100-genmai.dts              |   3 +-
 arch/arm/boot/dts/r7s72100.dtsi                    | 202 ++++----
 arch/arm/boot/dts/r8a73a4-ape6evm-reference.dts    |   7 +-
 arch/arm/boot/dts/r8a73a4.dtsi                     | 243 +++++-----
 arch/arm/boot/dts/r8a7740-armadillo800eva.dts      |   5 +
 arch/arm/boot/dts/r8a7740.dtsi                     |  44 +-
 arch/arm/boot/dts/r8a7778-bockw-reference.dts      |   7 +-
 arch/arm/boot/dts/r8a7778.dtsi                     |  36 ++
 arch/arm/boot/dts/r8a7779-marzen.dts               |  84 ++++
 arch/arm/boot/dts/r8a7779.dtsi                     |  24 +
 arch/arm/boot/dts/r8a7790-lager.dts                | 100 +++-
 arch/arm/boot/dts/r8a7790.dtsi                     | 195 +++++++-
 arch/arm/boot/dts/r8a7791-henninger.dts            |  12 +
 arch/arm/boot/dts/r8a7791-koelsch.dts              |  28 +-
 arch/arm/boot/dts/r8a7791.dtsi                     | 176 ++++++-
 arch/arm/boot/dts/r8a7794-alt.dts                  |   1 +
 arch/arm/boot/dts/r8a7794.dtsi                     |   8 +
 arch/arm/boot/dts/r8a77xx-aa104xd12-panel.dtsi     |  41 ++
 arch/arm/boot/dts/sh73a0-kzm9g-reference.dts       |   1 +
 arch/arm/configs/koelsch_defconfig                 | 113 -----
 arch/arm/configs/shmobile_defconfig                |   1 -
 arch/arm/mach-shmobile/Kconfig                     |  21 +-
 arch/arm/mach-shmobile/Makefile                    |   5 +-
 arch/arm/mach-shmobile/Makefile.boot               |   1 -
 arch/arm/mach-shmobile/board-ape6evm-reference.c   |   5 -
 arch/arm/mach-shmobile/board-ape6evm.c             |   4 -
 arch/arm/mach-shmobile/board-armadillo800eva.c     |  57 ++-
 arch/arm/mach-shmobile/board-bockw-reference.c     |   4 -
 arch/arm/mach-shmobile/board-bockw.c               |   4 -
 arch/arm/mach-shmobile/board-koelsch-reference.c   | 117 -----
 arch/arm/mach-shmobile/board-koelsch.c             | 527 ---------------------
 arch/arm/mach-shmobile/board-kzm9g-reference.c     |   4 -
 arch/arm/mach-shmobile/board-kzm9g.c               |   4 -
 arch/arm/mach-shmobile/board-lager-reference.c     |  84 ----
 arch/arm/mach-shmobile/board-lager.c               |   4 -
 arch/arm/mach-shmobile/board-mackerel.c            |   4 -
 arch/arm/mach-shmobile/board-marzen-reference.c    |   5 -
 arch/arm/mach-shmobile/board-marzen.c              |   4 -
 arch/arm/mach-shmobile/clock-r8a73a4.c             |   4 -
 arch/arm/mach-shmobile/clock-r8a7740.c             |  11 +-
 arch/arm/mach-shmobile/clock-r8a7778.c             |   4 -
 arch/arm/mach-shmobile/clock-r8a7779.c             |   4 -
 arch/arm/mach-shmobile/clock-r8a7790.c             |   4 -
 arch/arm/mach-shmobile/clock-r8a7791.c             | 342 -------------
 arch/arm/mach-shmobile/clock-sh7372.c              |   4 -
 arch/arm/mach-shmobile/clock-sh73a0.c              |   4 -
 arch/arm/mach-shmobile/clock.c                     |  36 +-
 arch/arm/mach-shmobile/clock.h                     |  14 -
 arch/arm/mach-shmobile/console.c                   |   4 -
 arch/arm/mach-shmobile/headsmp-scu.S               |   5 -
 arch/arm/mach-shmobile/intc-sh7372.c               |   4 -
 arch/arm/mach-shmobile/intc-sh73a0.c               |   4 -
 arch/arm/mach-shmobile/pm-r8a7740.c                |  44 +-
 arch/arm/mach-shmobile/r8a73a4.h                   |   1 -
 arch/arm/mach-shmobile/r8a7740.h                   |   4 -
 arch/arm/mach-shmobile/r8a7778.h                   |   5 -
 arch/arm/mach-shmobile/r8a7791.h                   |   3 -
 arch/arm/mach-shmobile/setup-emev2.c               |   4 -
 arch/arm/mach-shmobile/setup-r7s72100.c            |   4 -
 arch/arm/mach-shmobile/setup-r8a73a4.c             |  13 +-
 arch/arm/mach-shmobile/setup-r8a7740.c             |  15 +-
 arch/arm/mach-shmobile/setup-r8a7778.c             |  14 +-
 arch/arm/mach-shmobile/setup-r8a7779.c             |   4 -
 arch/arm/mach-shmobile/setup-r8a7790.c             |   4 -
 arch/arm/mach-shmobile/setup-r8a7791.c             | 185 +-------
 arch/arm/mach-shmobile/setup-rcar-gen2.c           |  76 +--
 arch/arm/mach-shmobile/setup-sh7372.c              |   5 +-
 arch/arm/mach-shmobile/setup-sh73a0.c              |  13 +-
 arch/arm/mach-shmobile/sh73a0.h                    |   1 -
 arch/arm/mach-shmobile/sleep-sh7372.S              |   5 -
 arch/arm/mach-shmobile/smp-emev2.c                 |   4 -
 arch/arm/mach-shmobile/smp-r8a7779.c               |   4 -
 arch/arm/mach-shmobile/smp-sh73a0.c                |   4 -
 arch/arm/mach-shmobile/timer.c                     |  28 +-
 include/dt-bindings/clock/r8a7740-clock.h          |   1 +
 include/dt-bindings/clock/r8a7790-clock.h          |  12 +-
 include/dt-bindings/clock/r8a7791-clock.h          |   9 +-
 82 files changed, 1192 insertions(+), 1996 deletions(-)
 create mode 100644 arch/arm/boot/dts/r8a77xx-aa104xd12-panel.dtsi
 delete mode 100644 arch/arm/configs/koelsch_defconfig
 delete mode 100644 arch/arm/mach-shmobile/board-koelsch-reference.c
 delete mode 100644 arch/arm/mach-shmobile/board-koelsch.c
 delete mode 100644 arch/arm/mach-shmobile/clock-r8a7791.c
Merging samsung/for-next (5d184e4fb69a Merge branch 'v3.19-next/pm-samsung-2' into for-next)
$ git merge samsung/for-next
Removing arch/arm/mach-exynos/hotplug.c
Auto-merging arch/arm/boot/dts/Makefile
Merge made by the 'recursive' strategy.
 Documentation/arm/firmware.txt             |  28 +-
 arch/arm/boot/dts/Makefile                 |   1 +
 arch/arm/boot/dts/exynos3250.dtsi          |  10 +
 arch/arm/boot/dts/exynos4210.dtsi          |  17 +
 arch/arm/boot/dts/exynos4212.dtsi          |  17 +
 arch/arm/boot/dts/exynos4412-trats2.dts    | 352 ++++++++++-
 arch/arm/boot/dts/exynos4412.dtsi          |  29 +
 arch/arm/boot/dts/exynos4x12-pinctrl.dtsi  |  16 +
 arch/arm/boot/dts/exynos5250-arndale.dts   | 907 ++++++++++++++---------------
 arch/arm/boot/dts/exynos5250-smdk5250.dts  | 618 ++++++++++----------
 arch/arm/boot/dts/exynos5250-snow.dts      | 266 ++++-----
 arch/arm/boot/dts/exynos5250-spring.dts    | 536 +++++++++++++++++
 arch/arm/boot/dts/exynos5250.dtsi          |  16 +-
 arch/arm/boot/dts/exynos5420-peach-pit.dts |   7 +-
 arch/arm/boot/dts/exynos5800-peach-pi.dts  |   7 +-
 arch/arm/boot/dts/s3c6410-mini6410.dts     |   4 -
 arch/arm/boot/dts/s3c64xx.dtsi             |   1 -
 arch/arm/include/asm/firmware.h            |  10 +-
 arch/arm/mach-exynos/Kconfig               |   5 +
 arch/arm/mach-exynos/Makefile              |   7 +-
 arch/arm/mach-exynos/common.h              |  15 +-
 arch/arm/mach-exynos/exynos.c              |   5 +-
 arch/arm/mach-exynos/firmware.c            |  67 ++-
 arch/arm/mach-exynos/hotplug.c             |  91 ---
 arch/arm/mach-exynos/platsmp.c             | 136 +++++
 arch/arm/mach-exynos/pm.c                  | 310 ++--------
 arch/arm/mach-exynos/pmu.c                 |   1 +
 arch/arm/mach-exynos/regs-pmu.h            |   6 +
 arch/arm/mach-exynos/sleep.S               |  28 +
 arch/arm/mach-exynos/smc.h                 |   4 +
 arch/arm/mach-exynos/suspend.c             | 356 +++++++++++
 arch/arm/mach-tegra/cpuidle-tegra114.c     |   2 +-
 arch/arm/plat-samsung/Makefile             |   1 +
 33 files changed, 2565 insertions(+), 1311 deletions(-)
 create mode 100644 arch/arm/boot/dts/exynos5250-spring.dts
 delete mode 100644 arch/arm/mach-exynos/hotplug.c
 create mode 100644 arch/arm/mach-exynos/suspend.c
Merging sunxi/sunxi/for-next (3f9f9abe20a1 Merge branches 'sunxi/core-for-3.19' and 'sunxi/dt-for-3.19' into sunxi/for-next)
$ git merge sunxi/sunxi/for-next
Auto-merging arch/arm/boot/dts/Makefile
Auto-merging arch/arm/Kconfig.debug
Merge made by the 'recursive' strategy.
 Documentation/arm/sunxi/README                     |  16 +-
 Documentation/devicetree/bindings/arm/sunxi.txt    |  12 +
 .../devicetree/bindings/vendor-prefixes.txt        |   1 +
 arch/arm/Kconfig.debug                             |  10 +
 arch/arm/boot/dts/Makefile                         |   5 +
 arch/arm/boot/dts/sun7i-a20-bananapi.dts           | 214 +++++++++++++++++
 arch/arm/boot/dts/sun7i-a20-m3.dts                 | 168 ++++++++++++++
 arch/arm/boot/dts/sun7i-a20-olinuxino-lime2.dts    | 228 ++++++++++++++++++
 arch/arm/boot/dts/sun7i-a20.dtsi                   |  21 ++
 arch/arm/boot/dts/sun9i-a80-optimus.dts            |  66 ++++++
 arch/arm/boot/dts/sun9i-a80.dtsi                   | 257 +++++++++++++++++++++
 arch/arm/mach-sunxi/Kconfig                        |   7 +
 arch/arm/mach-sunxi/sunxi.c                        |   9 +
 13 files changed, 1011 insertions(+), 3 deletions(-)
 create mode 100644 Documentation/devicetree/bindings/arm/sunxi.txt
 create mode 100644 arch/arm/boot/dts/sun7i-a20-bananapi.dts
 create mode 100644 arch/arm/boot/dts/sun7i-a20-m3.dts
 create mode 100644 arch/arm/boot/dts/sun7i-a20-olinuxino-lime2.dts
 create mode 100644 arch/arm/boot/dts/sun9i-a80-optimus.dts
 create mode 100644 arch/arm/boot/dts/sun9i-a80.dtsi
Merging tegra/for-next (5599b9197647 Merge branch for-3.18/defconfig into for-next)
$ git merge tegra/for-next
Already up-to-date!
Merge made by the 'recursive' strategy.
Merging arm64/for-next/core (0a6479b0ffad arm64: Remove unneeded extern keyword)
$ git merge arm64/for-next/core
Already up-to-date.
Merging blackfin/for-linus (275f5a8573e7 blackfin: defconfigs: cleanup unused CONFIG_MTD_CHAR, add MTD_SPI_NOR for BF537-STAMP)
$ git merge blackfin/for-linus
Merge made by the 'recursive' strategy.
 arch/blackfin/configs/BF518F-EZBRD_defconfig    |  1 -
 arch/blackfin/configs/BF527-TLL6527M_defconfig  |  1 -
 arch/blackfin/configs/BF533-EZKIT_defconfig     |  1 -
 arch/blackfin/configs/BF533-STAMP_defconfig     |  1 -
 arch/blackfin/configs/BF537-STAMP_defconfig     |  3 ++-
 arch/blackfin/configs/BF538-EZKIT_defconfig     |  1 -
 arch/blackfin/configs/BF561-ACVILON_defconfig   |  1 -
 arch/blackfin/configs/BF561-EZKIT-SMP_defconfig |  1 -
 arch/blackfin/configs/BF561-EZKIT_defconfig     |  1 -
 arch/blackfin/configs/CM-BF527_defconfig        |  1 -
 arch/blackfin/configs/CM-BF533_defconfig        |  1 -
 arch/blackfin/configs/CM-BF537E_defconfig       |  1 -
 arch/blackfin/configs/CM-BF537U_defconfig       |  1 -
 arch/blackfin/configs/CM-BF548_defconfig        |  1 -
 arch/blackfin/configs/CM-BF561_defconfig        |  1 -
 arch/blackfin/configs/DNP5370_defconfig         |  1 -
 arch/blackfin/configs/IP0X_defconfig            |  1 -
 arch/blackfin/configs/PNAV-10_defconfig         |  1 -
 arch/blackfin/configs/SRV1_defconfig            |  1 -
 arch/blackfin/configs/TCM-BF518_defconfig       |  1 -
 arch/blackfin/configs/TCM-BF537_defconfig       |  1 -
 arch/blackfin/kernel/kgdb.c                     | 12 ++++--------
 arch/blackfin/mach-bf609/boards/ezkit.c         |  8 ++++----
 23 files changed, 10 insertions(+), 33 deletions(-)
Merging c6x/for-linux-next (ae72758f1dd9 c6x: fix build failure caused by cache.h)
$ git merge c6x/for-linux-next
Already up-to-date.
Merging cris/for-next (d928e3d7e5a8 CRIS: strcmp only available on CRISv32)
$ git merge cris/for-next
Auto-merging scripts/headers.sh
Auto-merging arch/cris/include/asm/Kbuild
Auto-merging arch/cris/arch-v32/drivers/sync_serial.c
Auto-merging arch/cris/arch-v32/drivers/Kconfig
Merge made by the 'recursive' strategy.
 arch/cris/arch-v10/lib/usercopy.c                |   14 +-
 arch/cris/arch-v32/drivers/Kconfig               |    1 +
 arch/cris/arch-v32/drivers/Makefile              |    1 -
 arch/cris/arch-v32/drivers/i2c.h                 |    1 -
 arch/cris/arch-v32/drivers/sync_serial.c         | 1430 ++++++++++++----------
 arch/cris/arch-v32/kernel/debugport.c            |   82 +-
 arch/cris/arch-v32/kernel/time.c                 |   29 +-
 arch/cris/arch-v32/lib/usercopy.c                |   15 +-
 arch/cris/arch-v32/mach-fs/pinmux.c              |  152 +--
 arch/cris/include/arch-v32/mach-fs/mach/pinmux.h |    2 -
 arch/cris/include/asm/Kbuild                     |    4 -
 arch/cris/include/uapi/asm/Kbuild                |    4 +-
 arch/cris/kernel/crisksyms.c                     |    9 +-
 arch/cris/kernel/traps.c                         |   61 +-
 arch/cris/mm/init.c                              |   38 +-
 arch/cris/mm/ioremap.c                           |    3 +-
 scripts/headers.sh                               |    2 -
 17 files changed, 1039 insertions(+), 809 deletions(-)
Merging hexagon/linux-next (a9a44fdf3296 Hexagon: update CR year for elf.h)
$ git merge hexagon/linux-next
Already up-to-date.
Merging ia64/next (0f33be009b89 Linux 3.17-rc6)
$ git merge ia64/next
Already up-to-date.
Merging m68k/for-next (bcf8eb09b564 nubus: Remove superfluous interrupt disable/restore)
$ git merge m68k/for-next
Merge made by the 'recursive' strategy.
 drivers/nubus/nubus.c | 4 ----
 1 file changed, 4 deletions(-)
Merging m68knommu/for-next (e803d4bd3118 m68k: Fix typo 'COFNIG_MBAR')
$ git merge m68knommu/for-next
Already up-to-date.
Merging metag/for-next (f93125ae17d1 metag: cachepart: Fix failure check)
$ git merge metag/for-next
Already up-to-date.
Merging microblaze/next (802f4db7e2e7 microblaze: Wire up bpf syscall)
$ git merge microblaze/next
Merge made by the 'recursive' strategy.
 arch/microblaze/Kconfig                   | 4 ++++
 arch/microblaze/include/asm/unistd.h      | 2 +-
 arch/microblaze/include/uapi/asm/unistd.h | 1 +
 arch/microblaze/kernel/syscall_table.S    | 1 +
 arch/microblaze/pci/pci-common.c          | 9 +++++++--
 5 files changed, 14 insertions(+), 3 deletions(-)
Merging mips/mips-for-linux-next (62c02414678d Merge branch '3.18-fixes' into mips-for-linux-next)
$ git merge mips/mips-for-linux-next
Auto-merging include/linux/irqchip/mips-gic.h
Removing arch/mips/mti-sead3/sead3-serial.c
Removing arch/mips/kernel/irq-gic.c
Merge made by the 'recursive' strategy.
 Documentation/devicetree/bindings/mips/cpu_irq.txt |   4 +-
 arch/mips/Kconfig                                  |  12 +-
 arch/mips/ar7/platform.c                           |  24 +-
 arch/mips/ath79/irq.c                              |   1 -
 arch/mips/ath79/setup.c                            |   5 +
 arch/mips/bcm47xx/nvram.c                          |  96 +--
 arch/mips/bcm63xx/cpu.c                            |   2 +-
 arch/mips/cavium-octeon/octeon-irq.c               |   2 +
 arch/mips/include/asm/irq.h                        |   3 +
 arch/mips/include/asm/irq_cpu.h                    |   4 +-
 arch/mips/include/asm/mach-bcm47xx/bcm47xx_nvram.h |   1 +
 arch/mips/include/asm/mach-generic/irq.h           |   6 +
 arch/mips/include/asm/mach-malta/irq.h             |   1 -
 arch/mips/include/asm/mach-sead3/irq.h             |   1 -
 arch/mips/include/asm/mips-boards/maltaint.h       |  24 +-
 arch/mips/include/asm/mips-boards/sead3int.h       |  15 +-
 arch/mips/include/asm/octeon/cvmx-pow.h            |  69 +-
 arch/mips/include/asm/time.h                       |   1 +
 arch/mips/include/uapi/asm/unistd.h                |  15 +-
 arch/mips/kernel/Makefile                          |   1 -
 arch/mips/kernel/cevt-gic.c                        |  16 +-
 arch/mips/kernel/cevt-r4k.c                        |   6 +-
 arch/mips/kernel/cpu-probe.c                       |  66 +-
 arch/mips/kernel/crash_dump.c                      |   4 +-
 arch/mips/kernel/csrc-gic.c                        |  12 +-
 arch/mips/kernel/i8259.c                           |  24 +-
 arch/mips/kernel/irq-gic.c                         | 402 ------------
 arch/mips/kernel/irq_cpu.c                         |  48 +-
 arch/mips/kernel/perf_event_mipsxx.c               |  30 +-
 arch/mips/kernel/process.c                         |  54 +-
 arch/mips/kernel/scall32-o32.S                     |   1 +
 arch/mips/kernel/scall64-64.S                      |   1 +
 arch/mips/kernel/scall64-n32.S                     |   1 +
 arch/mips/kernel/scall64-o32.S                     |   1 +
 arch/mips/kernel/setup.c                           |   2 +-
 arch/mips/kernel/smp-cmp.c                         |   2 +-
 arch/mips/kernel/smp-cps.c                         |   6 +-
 arch/mips/kernel/smp-gic.c                         |   2 +-
 arch/mips/kernel/smp-mt.c                          |   6 +-
 arch/mips/lantiq/irq.c                             |   8 +-
 arch/mips/loongson/common/gpio.c                   |   2 +-
 arch/mips/math-emu/ieee754dp.c                     |   2 +-
 arch/mips/math-emu/ieee754sp.c                     |   2 +-
 arch/mips/mm/sc-r5k.c                              |   2 +-
 arch/mips/mti-malta/malta-int.c                    | 327 ++--------
 arch/mips/mti-malta/malta-time.c                   |  47 +-
 arch/mips/mti-sead3/sead3-ehci.c                   |   8 +-
 arch/mips/mti-sead3/sead3-int.c                    | 131 +---
 arch/mips/mti-sead3/sead3-net.c                    |  14 +-
 arch/mips/mti-sead3/sead3-platform.c               |  18 +-
 arch/mips/mti-sead3/sead3-serial.c                 |  45 --
 arch/mips/mti-sead3/sead3-time.c                   |  35 +-
 arch/mips/oprofile/op_model_mipsxx.c               |  18 +-
 arch/mips/pci/msi-xlp.c                            |   4 +-
 arch/mips/pci/ops-bcm63xx.c                        |   2 +-
 arch/mips/pci/ops-nile4.c                          |  12 +-
 arch/mips/pci/ops-pmcmsp.c                         |  12 -
 arch/mips/pci/pci-ar71xx.c                         |  13 -
 arch/mips/pci/pci-ar724x.c                         |  23 -
 arch/mips/pci/pci-rt3883.c                         |   9 -
 arch/mips/pci/pci-tx4939.c                         |   2 +-
 arch/mips/pmcs-msp71xx/msp_prom.c                  |   2 +-
 arch/mips/ralink/irq.c                             |  10 +-
 arch/mips/rb532/gpio.c                             |   2 +-
 arch/mips/sgi-ip22/ip22-mc.c                       |   6 +-
 arch/mips/sgi-ip22/ip28-berr.c                     |   6 +-
 arch/mips/sgi-ip27/ip27-klnuma.c                   |   5 +-
 arch/mips/sgi-ip27/ip27-memory.c                   |   5 +-
 arch/mips/sibyte/swarm/rtc_m41t81.c                |   4 +-
 arch/mips/sibyte/swarm/rtc_xicor1241.c             |   4 +-
 arch/mips/sibyte/swarm/setup.c                     |   2 +-
 arch/mips/txx9/generic/setup_tx4927.c              |   4 +-
 arch/mips/txx9/generic/setup_tx4938.c              |   4 +-
 arch/mips/txx9/generic/setup_tx4939.c              |   4 +-
 drivers/bcma/driver_mips.c                         |  13 +-
 drivers/irqchip/Kconfig                            |   4 +
 drivers/irqchip/Makefile                           |   1 +
 drivers/irqchip/irq-mips-gic.c                     | 721 +++++++++++++++++++++
 drivers/ssb/driver_mipscore.c                      |  14 +-
 .../asm/gic.h => include/linux/irqchip/mips-gic.h  | 145 ++---
 80 files changed, 1271 insertions(+), 1392 deletions(-)
 delete mode 100644 arch/mips/kernel/irq-gic.c
 delete mode 100644 arch/mips/mti-sead3/sead3-serial.c
 create mode 100644 drivers/irqchip/irq-mips-gic.c
 rename arch/mips/include/asm/gic.h => include/linux/irqchip/mips-gic.h (71%)
Merging openrisc/for-upstream (548dafe880ad openrisc: Use get_signal() signal_setup_done())
$ git merge openrisc/for-upstream
Already up-to-date.
Merging parisc/for-next (6c700d71f7fa [PARISC] hpux: Remove obsolete regs parameter from do_execve() in hpux_execve())
$ git merge parisc/for-next
Already up-to-date.
Merging parisc-hd/for-next (5e40d331bd72 Merge branch 'next' of git://git.kernel.org/pub/scm/linux/kernel/git/jmorris/linux-security)
$ git merge parisc-hd/for-next
Already up-to-date.
Merging powerpc/next (9e813308a5c1 powerpc/thp: Add tracepoints to track hugepage invalidate)
$ git merge powerpc/next
Already up-to-date.
Merging powerpc-mpe/next (c3351dfabf5c Merge branch 'for-next' of git://git.kernel.org/pub/scm/linux/kernel/git/nab/target-pending)
$ git merge powerpc-mpe/next
Already up-to-date.
Merging fsl/next (cb0446c1b625 Revert "powerpc/fsl_msi: spread msi ints across different MSIRs")
$ git merge fsl/next
Already up-to-date.
Merging mpc5xxx/next (9e813308a5c1 powerpc/thp: Add tracepoints to track hugepage invalidate)
$ git merge mpc5xxx/next
Already up-to-date.
Merging s390/features (fcbe08d66f57 s390/mm: pmdp_get_and_clear_full optimization)
$ git merge s390/features
Auto-merging mm/memory.c
Merge made by the 'recursive' strategy.
 arch/s390/configs/default_defconfig     |  36 +++----
 arch/s390/configs/gcov_defconfig        |  25 +----
 arch/s390/configs/performance_defconfig |  30 ++----
 arch/s390/configs/zfcpdump_defconfig    |  10 +-
 arch/s390/defconfig                     |   5 +-
 arch/s390/include/asm/ftrace.h          |  52 ++++++++-
 arch/s390/include/asm/kprobes.h         |   1 +
 arch/s390/include/asm/lowcore.h         |   4 +-
 arch/s390/include/asm/pgalloc.h         |   2 -
 arch/s390/include/asm/pgtable.h         |  33 +++++-
 arch/s390/kernel/asm-offsets.c          |   1 -
 arch/s390/kernel/early.c                |   4 -
 arch/s390/kernel/ftrace.c               | 136 +++++++++++++++---------
 arch/s390/kernel/idle.c                 |   3 +-
 arch/s390/kernel/kprobes.c              | 178 +++++++++++++++++++++----------
 arch/s390/kernel/mcount.S               |   1 +
 arch/s390/kernel/process.c              |   2 +-
 arch/s390/kernel/setup.c                |   2 -
 arch/s390/kernel/smp.c                  |   1 -
 arch/s390/kernel/time.c                 |   3 +-
 arch/s390/kernel/traps.c                |  14 +--
 arch/s390/kernel/vdso32/clock_gettime.S |  12 ++-
 arch/s390/kernel/vdso32/gettimeofday.S  |  14 +--
 arch/s390/kernel/vdso64/clock_gettime.S |  13 ++-
 arch/s390/kernel/vdso64/gettimeofday.S  |   6 +-
 arch/s390/kernel/vtime.c                |   4 +
 arch/s390/kvm/kvm-s390.c                |   2 +-
 arch/s390/kvm/priv.c                    |  17 ++-
 arch/s390/mm/fault.c                    |   6 +-
 arch/s390/mm/pgtable.c                  | 183 ++++++++++++++------------------
 include/asm-generic/pgtable.h           |  11 ++
 include/linux/kprobes.h                 |   1 +
 include/linux/mm.h                      |  11 ++
 kernel/kprobes.c                        |  18 ++--
 mm/huge_memory.c                        |   5 +-
 mm/memory.c                             |   2 +-
 scripts/recordmcount.c                  |   2 +-
 scripts/recordmcount.pl                 |   2 +-
 38 files changed, 504 insertions(+), 348 deletions(-)
Merging sparc-next/master (61ed53deb1c6 Merge tag 'ntb-3.18' of git://github.com/jonmason/ntb)
$ git merge sparc-next/master
Already up-to-date.
Merging tile/master (78410af51146 tile: add clock_gettime support to vDSO)
$ git merge tile/master
Already up-to-date.
Merging uml/next (989e59fa41c5 um: Include generic barrier.h)
$ git merge uml/next
Resolved 'arch/um/include/asm/Kbuild' using previous resolution.
Removing arch/x86/um/shared/sysdep/skas_ptrace.h
Removing arch/um/sys-ppc/shared/sysdep/skas_ptrace.h
Removing arch/um/sys-ia64/sysdep/skas_ptrace.h
Auto-merging arch/um/os-Linux/skas/process.c
Auto-merging arch/um/kernel/um_arch.c
Auto-merging arch/um/kernel/trap.c
Auto-merging arch/um/kernel/ptrace.c
Removing arch/um/include/shared/skas_ptrace.h
Removing arch/um/include/shared/skas/proc_mm.h
Auto-merging arch/um/include/shared/os.h
Auto-merging arch/um/include/asm/Kbuild
CONFLICT (content): Merge conflict in arch/um/include/asm/Kbuild
Automatic merge failed; fix conflicts and then commit the result.
$ git commit -v -a
[master f05076ba4aff] Merge remote-tracking branch 'uml/next'
$ git diff -M --stat --summary HEAD^..
 arch/um/include/shared/os.h                 |   2 -
 arch/um/include/shared/skas/proc_mm.h       |  44 ------
 arch/um/include/shared/skas/skas.h          |   3 -
 arch/um/include/shared/skas_ptrace.h        |  14 --
 arch/um/kernel/ptrace.c                     |  32 ----
 arch/um/kernel/reboot.c                     |  35 ++---
 arch/um/kernel/skas/mmu.c                   |  68 +++------
 arch/um/kernel/skas/process.c               |  27 ----
 arch/um/kernel/trap.c                       |   2 +-
 arch/um/kernel/um_arch.c                    |  10 --
 arch/um/os-Linux/process.c                  |  16 --
 arch/um/os-Linux/skas/mem.c                 | 100 ++----------
 arch/um/os-Linux/skas/process.c             | 200 ++++++------------------
 arch/um/os-Linux/start_up.c                 | 154 -------------------
 arch/um/sys-ia64/sysdep/skas_ptrace.h       |  22 ---
 arch/um/sys-ppc/shared/sysdep/skas_ptrace.h |  22 ---
 arch/x86/um/ldt.c                           | 227 ++++++----------------------
 arch/x86/um/shared/sysdep/faultinfo_32.h    |   3 -
 arch/x86/um/shared/sysdep/faultinfo_64.h    |   3 -
 arch/x86/um/shared/sysdep/skas_ptrace.h     |  22 ---
 20 files changed, 148 insertions(+), 858 deletions(-)
 delete mode 100644 arch/um/include/shared/skas/proc_mm.h
 delete mode 100644 arch/um/include/shared/skas_ptrace.h
 delete mode 100644 arch/um/sys-ia64/sysdep/skas_ptrace.h
 delete mode 100644 arch/um/sys-ppc/shared/sysdep/skas_ptrace.h
 delete mode 100644 arch/x86/um/shared/sysdep/skas_ptrace.h
Merging unicore32/unicore32 (d670878e2c9a unicore32: Remove ARCH_HAS_CPUFREQ config option)
$ git merge unicore32/unicore32
Already up-to-date.
Merging xtensa/for_next (66acb0216d5a Merge tag 'xtensa-for-next-20141021-1' of git://github.com/jcmvbkbc/linux-xtensa into for_next)
$ git merge xtensa/for_next
Merge made by the 'recursive' strategy.
 arch/xtensa/Kconfig                         |   4 +-
 arch/xtensa/boot/dts/lx200mx.dts            |  16 ++++
 arch/xtensa/configs/generic_kc705_defconfig | 131 +++++++++++++++++++++++++++
 arch/xtensa/configs/smp_lx200_defconfig     | 135 ++++++++++++++++++++++++++++
 arch/xtensa/include/asm/pgtable.h           |   2 +
 arch/xtensa/include/uapi/asm/unistd.h       |  12 ++-
 6 files changed, 296 insertions(+), 4 deletions(-)
 create mode 100644 arch/xtensa/boot/dts/lx200mx.dts
 create mode 100644 arch/xtensa/configs/generic_kc705_defconfig
 create mode 100644 arch/xtensa/configs/smp_lx200_defconfig
Merging btrfs/next (a43bb39b5c71 btrfs: Fix compile error when CONFIG_SECURITY is not set.)
$ git merge btrfs/next
Already up-to-date.
Merging ceph/master (c27a3e4d667f libceph: do not hard code max auth ticket len)
$ git merge ceph/master
Already up-to-date.
Merging cifs/for-next (6212096bb0a1 [CIFS] Update modinfo cifs version for cifs.ko)
$ git merge cifs/for-next
Merge made by the 'recursive' strategy.
 fs/cifs/cifsfs.h  |  2 +-
 fs/cifs/smb2ops.c | 63 ++++++++++++++++++++++++++++++++++++++++++++++++++++++-
 fs/cifs/smb2pdu.c |  3 +--
 fs/cifs/smb2pdu.h | 19 +++++++++++++++++
 4 files changed, 83 insertions(+), 4 deletions(-)
Merging configfs/linux-next (b930c26416c4 Merge branch 'for-linus' of git://git.kernel.org/pub/scm/linux/kernel/git/mason/linux-btrfs)
$ git merge configfs/linux-next
Already up-to-date.
Merging ecryptfs/next (332b122d39c9 eCryptfs: Force RO mount when encrypted view is enabled)
$ git merge ecryptfs/next
Auto-merging fs/ecryptfs/main.c
Merge made by the 'recursive' strategy.
 fs/ecryptfs/file.c | 12 ------------
 fs/ecryptfs/main.c | 16 +++++++++++++---
 2 files changed, 13 insertions(+), 15 deletions(-)
Merging ext3/for_next (3c9cafe05ff0 fs, jbd: use a more generic hash function)
$ git merge ext3/for_next
Merge made by the 'recursive' strategy.
 fs/ext3/super.c  | 7 -------
 fs/jbd/revoke.c  | 7 ++-----
 fs/quota/dquot.c | 2 +-
 3 files changed, 3 insertions(+), 13 deletions(-)
Merging ext4/dev (cac7f2429872 Linux 3.18-rc2)
$ git merge ext4/dev
Already up-to-date.
Merging f2fs/dev (320e655eb9f0 f2fs: remove pointless bit testing in f2fs_delete_entry())
$ git merge f2fs/dev
Merge made by the 'recursive' strategy.
 Documentation/filesystems/f2fs.txt |   4 +
 fs/f2fs/acl.c                      | 148 +++++++++++-
 fs/f2fs/acl.h                      |   5 +-
 fs/f2fs/checkpoint.c               |   3 +
 fs/f2fs/data.c                     | 127 +++++-----
 fs/f2fs/debug.c                    |   3 +
 fs/f2fs/dir.c                      | 309 ++++++++++++++----------
 fs/f2fs/f2fs.h                     | 130 +++++++++--
 fs/f2fs/file.c                     |  64 ++---
 fs/f2fs/gc.c                       |   8 +-
 fs/f2fs/inline.c                   | 464 +++++++++++++++++++++++++++++--------
 fs/f2fs/inode.c                    |   9 +-
 fs/f2fs/namei.c                    |  44 ++--
 fs/f2fs/node.h                     |   5 +-
 fs/f2fs/recovery.c                 |   5 +-
 fs/f2fs/segment.c                  |  50 ++--
 fs/f2fs/segment.h                  |   5 +-
 fs/f2fs/super.c                    |  10 +-
 fs/f2fs/xattr.c                    |   6 +-
 fs/f2fs/xattr.h                    |   6 +-
 include/linux/f2fs_fs.h            |  23 +-
 21 files changed, 1048 insertions(+), 380 deletions(-)
Merging fscache/fscache (1a8ed18fb7db cachefiles: remove two unused pagevecs.)
$ git merge fscache/fscache
Resolved 'fs/fscache/object.c' using previous resolution.
Auto-merging fs/fscache/object.c
CONFLICT (content): Merge conflict in fs/fscache/object.c
Automatic merge failed; fix conflicts and then commit the result.
$ git commit -v -a
[master 607d037f7a4b] Merge remote-tracking branch 'fscache/fscache'
$ git diff -M --stat --summary HEAD^..
Merging fuse/for-next (d7afaec0b564 fuse: add FUSE_NO_OPEN_SUPPORT flag to INIT)
$ git merge fuse/for-next
Already up-to-date.
Merging gfs2/master (bd2614983dd7 GFS2: directly return gfs2_dir_check())
$ git merge gfs2/master
Merge made by the 'recursive' strategy.
 fs/gfs2/inode.c | 6 +-----
 1 file changed, 1 insertion(+), 5 deletions(-)
Merging jfs/jfs-next (bb5e50aaa805 fs/jfs/super.c: convert simple_str to kstr)
$ git merge jfs/jfs-next
Already up-to-date.
Merging logfs/master (339466142b3f Fix the call to BUG() caused by no free segment found)
$ git merge logfs/master
Auto-merging fs/logfs/super.c
Merge made by the 'recursive' strategy.
 fs/logfs/dev_mtd.c | 2 +-
 fs/logfs/super.c   | 6 +++---
 2 files changed, 4 insertions(+), 4 deletions(-)
Merging nfs/linux-next (cac7f2429872 Linux 3.18-rc2)
$ git merge nfs/linux-next
Already up-to-date.
Merging nfsd/nfsd-next (ccc6398ea5d5 nfsd: clean up comments over nfs4_file definition)
$ git merge nfsd/nfsd-next
Merge made by the 'recursive' strategy.
 fs/nfsd/nfs4state.c |  2 +-
 fs/nfsd/state.h     | 14 +++++++++-----
 fs/nfsd/vfs.c       | 10 +++++++---
 net/sunrpc/xdr.c    |  9 +++++----
 4 files changed, 22 insertions(+), 13 deletions(-)
Merging omfs/for-next (976d167615b6 Linux 3.1-rc9)
$ git merge omfs/for-next
Already up-to-date.
Merging squashfs/master (6d565409503f Squashfs: fix failure to unlock pages on decompress error)
$ git merge squashfs/master
Already up-to-date.
Merging v9fs/for-next (f15844e0777f 9P: fix return value in v9fs_fid_xattr_set)
$ git merge v9fs/for-next
Already up-to-date.
Merging ubifs/linux-next (91401a34038e UBI: Fastmap: Calc fastmap size correctly)
$ git merge ubifs/linux-next
Already up-to-date.
Merging xfs/for-next (cac7f2429872 Linux 3.18-rc2)
$ git merge xfs/for-next
Already up-to-date.
Merging file-locks/linux-next (1b2b32dcdb3d locks: fix fcntl_setlease/getlease return when !CONFIG_FILE_LOCKING)
$ git merge file-locks/linux-next
Already up-to-date.
Merging vfs/for-next (a457606a6f81 fs/file_table.c: Update alloc_file() comment)
$ git merge vfs/for-next
Already up-to-date.
Merging pci/next (f114040e3ea6 Linux 3.18-rc1)
$ git merge pci/next
Already up-to-date.
Merging hid/for-next (afdb5cce979b HID: input: Map unknown consumer page codes to KEY_UNKNOWN)
$ git merge hid/for-next
Merge made by the 'recursive' strategy.
 drivers/hid/hid-input.c | 2 +-
 1 file changed, 1 insertion(+), 1 deletion(-)
Merging i2c/i2c/for-next (f114040e3ea6 Linux 3.18-rc1)
$ git merge i2c/i2c/for-next
Already up-to-date.
Merging jdelvare-hwmon/master (ae530d4403e9 hwmon: (i5500_temp) Convert to use ATTRIBUTE_GROUPS macro)
$ git merge jdelvare-hwmon/master
Auto-merging drivers/hwmon/Makefile
Auto-merging drivers/hwmon/Kconfig
Merge made by the 'recursive' strategy.
 drivers/hwmon/Kconfig      |  10 +++
 drivers/hwmon/Makefile     |   1 +
 drivers/hwmon/i5500_temp.c | 149 +++++++++++++++++++++++++++++++++++++++++++++
 3 files changed, 160 insertions(+)
 create mode 100644 drivers/hwmon/i5500_temp.c
Merging hwmon-staging/hwmon-next (8c7ff586a6f8 hwmon: (iio_hwmon) Add support for humidity sensors)
$ git merge hwmon-staging/hwmon-next
Merge made by the 'recursive' strategy.
 .../devicetree/bindings/hwmon/ltc2978.txt          |  39 +++++++
 drivers/hwmon/iio_hwmon.c                          |   7 +-
 drivers/hwmon/pmbus/Kconfig                        |  11 +-
 drivers/hwmon/pmbus/ltc2978.c                      |  39 ++++++-
 drivers/hwmon/pmbus/pmbus.h                        |  30 ++++++
 drivers/hwmon/pmbus/pmbus_core.c                   | 118 +++++++++++++++++++++
 include/linux/i2c/pmbus.h                          |   4 +
 7 files changed, 244 insertions(+), 4 deletions(-)
 create mode 100644 Documentation/devicetree/bindings/hwmon/ltc2978.txt
Merging v4l-dvb/master (f3d83a101266 [media] s5p-jpeg: Avoid -Wuninitialized warning in s5p_jpeg_parse_hdr)
$ git merge v4l-dvb/master
Already up-to-date.
Merging kbuild/for-next (e9f717fb534c Merge branch 'kbuild/misc' into kbuild/for-next)
$ git merge kbuild/for-next
Auto-merging lib/Kconfig.debug
Auto-merging kernel/gcov/Kconfig
Auto-merging init/Kconfig
Auto-merging arch/x86/Kconfig
Auto-merging Makefile
Merge made by the 'recursive' strategy.
 Documentation/lto-build  | 173 +++++++++++++++++++++++++++++++++++++++++++++++
 Makefile                 |  19 +++++-
 arch/x86/Kconfig         |   2 +-
 init/Kconfig             |  73 ++++++++++++++++++++
 kernel/gcov/Kconfig      |   2 +-
 lib/Kconfig.debug        |   2 +-
 scripts/Makefile.lto     |  84 +++++++++++++++++++++++
 scripts/Makefile.modpost |   7 +-
 scripts/link-vmlinux.sh  |   2 +-
 9 files changed, 356 insertions(+), 8 deletions(-)
 create mode 100644 Documentation/lto-build
 create mode 100644 scripts/Makefile.lto
Merging kconfig/for-next (95edca5c523c localmodconfig: Add config depends by default settings)
$ git merge kconfig/for-next
Already up-to-date.
Merging libata/for-next (e35b98849f25 ata: sata_rcar: Add r8a7793 device support)
$ git merge libata/for-next
Merge made by the 'recursive' strategy.
 .../devicetree/bindings/ata/sata_rcar.txt          |  6 +-
 drivers/ata/ahci.c                                 | 19 +++++-
 drivers/ata/libahci.c                              | 78 +++++-----------------
 drivers/ata/sata_rcar.c                            | 15 +++++
 4 files changed, 52 insertions(+), 66 deletions(-)
Merging pm/linux-next (f0281080f788 Merge branch 'device-properties' into linux-next)
$ git merge pm/linux-next
Merge made by the 'recursive' strategy.
 Documentation/acpi/gpio-properties.txt    |  52 +++
 drivers/acpi/Makefile                     |   1 +
 drivers/acpi/internal.h                   |   6 +
 drivers/acpi/property.c                   | 581 ++++++++++++++++++++++++++++++
 drivers/acpi/scan.c                       | 199 ++++++++--
 drivers/base/Makefile                     |   2 +-
 drivers/base/power/main.c                 |   2 +
 drivers/base/property.c                   | 531 +++++++++++++++++++++++++++
 drivers/cpufreq/cpufreq-dt.c              |  68 ++--
 drivers/gpio/devres.c                     |  32 ++
 drivers/gpio/gpio-sch.c                   | 293 ++++++---------
 drivers/gpio/gpiolib-acpi.c               | 117 +++++-
 drivers/gpio/gpiolib.c                    |  85 ++++-
 drivers/gpio/gpiolib.h                    |   7 +-
 drivers/input/keyboard/gpio_keys_polled.c | 112 +++---
 drivers/leds/leds-gpio.c                  | 143 ++++----
 drivers/misc/eeprom/at25.c                |  34 +-
 drivers/of/base.c                         | 102 +++++-
 include/acpi/acpi_bus.h                   |  28 ++
 include/linux/acpi.h                      | 136 ++++++-
 include/linux/gpio/consumer.h             |   7 +
 include/linux/gpio_keys.h                 |   3 +
 include/linux/leds.h                      |   1 +
 include/linux/of.h                        |  44 +++
 include/linux/property.h                  | 107 ++++++
 kernel/power/hibernate.c                  |   8 +-
 net/rfkill/rfkill-gpio.c                  |  18 +-
 27 files changed, 2285 insertions(+), 434 deletions(-)
 create mode 100644 Documentation/acpi/gpio-properties.txt
 create mode 100644 drivers/acpi/property.c
 create mode 100644 drivers/base/property.c
 create mode 100644 include/linux/property.h
Merging idle/next (e7c95ff32d00 tools/power turbostat: tweak whitespace in output format)
$ git merge idle/next
Already up-to-date.
Merging apm/for-next (53675abbd1e5 x86, apm: Remove unused variable)
$ git merge apm/for-next
Already up-to-date.
Merging cpupowerutils/master (f16603386b38 cpupower tools: add install target to the debug tools' makefiles)
$ git merge cpupowerutils/master
Already up-to-date.
Merging thermal/next (6ceaf58abe25 Merge branch 'int340x-thermal' of .git into next)
$ git merge thermal/next
Already up-to-date.
Merging thermal-soc/next (df67e40f5139 thermal: fix multiple disbalanced device node counters)
$ git merge thermal-soc/next
Merge made by the 'recursive' strategy.
 .../devicetree/bindings/thermal/rcar-thermal.txt   |   5 +-
 drivers/thermal/of-thermal.c                       |  40 ++++--
 drivers/thermal/samsung/exynos_thermal_common.h    |   2 +-
 drivers/thermal/samsung/exynos_tmu.c               | 141 ++++++---------------
 drivers/thermal/samsung/exynos_tmu.h               |  81 ++----------
 drivers/thermal/samsung/exynos_tmu_data.c          |  83 ++++--------
 drivers/thermal/samsung/exynos_tmu_data.h          |  39 +-----
 7 files changed, 111 insertions(+), 280 deletions(-)
Merging ieee1394/for-next (19583ca584d6 Linux 3.16)
$ git merge ieee1394/for-next
Already up-to-date.
Merging dlm/next (c07127b48c63 dlm: fix missing endian conversion of rcom_status flags)
$ git merge dlm/next
Already up-to-date.
Merging swiotlb/linux-next (8e0629c1d4ce swiotlb: don't assume PA 0 is invalid)
$ git merge swiotlb/linux-next
Already up-to-date.
Merging slave-dma/next (f114040e3ea6 Linux 3.18-rc1)
$ git merge slave-dma/next
Already up-to-date.
Merging net-next/master (2c6c49ded7a7 openvswitch: Export lockdep_ovsl_is_held to modules.)
$ git merge net-next/master
Recorded preimage for 'drivers/net/phy/marvell.c'
Auto-merging drivers/net/phy/marvell.c
CONFLICT (content): Merge conflict in drivers/net/phy/marvell.c
Auto-merging drivers/net/ethernet/intel/i40e/i40e_main.c
Automatic merge failed; fix conflicts and then commit the result.
$ git commit -v -a
Recorded resolution for 'drivers/net/phy/marvell.c'.
[master 6f8e2fbd280c] Merge remote-tracking branch 'net-next/master'
$ git diff -M --stat --summary HEAD^..
 arch/arm/mach-mmp/gplugd.c                         |    1 +
 drivers/net/ethernet/3com/typhoon.c                |    4 +-
 drivers/net/ethernet/apm/xgene/xgene_enet_main.c   |   12 -
 drivers/net/ethernet/cirrus/mac89x0.c              |    8 +-
 drivers/net/ethernet/intel/i40e/i40e_adminq_cmd.h  | 2139 ++++++++++----------
 drivers/net/ethernet/intel/i40e/i40e_common.c      |   28 +
 drivers/net/ethernet/intel/i40e/i40e_ethtool.c     |   33 +-
 drivers/net/ethernet/intel/i40e/i40e_main.c        |  108 +-
 drivers/net/ethernet/intel/i40e/i40e_prototype.h   |    2 +
 drivers/net/ethernet/intel/i40e/i40e_type.h        |    1 +
 drivers/net/ethernet/intel/i40e/i40e_virtchnl_pf.c |    2 +-
 .../net/ethernet/intel/i40evf/i40e_adminq_cmd.h    | 2136 ++++++++++---------
 drivers/net/ethernet/intel/i40evf/i40evf_main.c    |    4 +-
 drivers/net/ethernet/marvell/pxa168_eth.c          |  254 +--
 drivers/net/ethernet/mellanox/mlx4/cmd.c           |    9 +
 drivers/net/ethernet/mellanox/mlx4/en_clock.c      |   46 -
 drivers/net/ethernet/mellanox/mlx4/en_ethtool.c    |  503 ++++-
 drivers/net/ethernet/mellanox/mlx4/en_main.c       |   12 +-
 drivers/net/ethernet/mellanox/mlx4/en_netdev.c     |  126 +-
 drivers/net/ethernet/mellanox/mlx4/en_port.c       |   24 +-
 drivers/net/ethernet/mellanox/mlx4/en_port.h       |   35 +-
 drivers/net/ethernet/mellanox/mlx4/en_rx.c         |    1 -
 drivers/net/ethernet/mellanox/mlx4/en_selftest.c   |   12 +-
 drivers/net/ethernet/mellanox/mlx4/fw.c            |  123 +-
 drivers/net/ethernet/mellanox/mlx4/mlx4_en.h       |   18 +-
 drivers/net/ethernet/mellanox/mlx4/port.c          |  156 ++
 drivers/net/ethernet/natsemi/macsonic.c            |    4 -
 drivers/net/ethernet/renesas/sh_eth.c              |    8 +-
 .../net/ethernet/samsung/sxgbe/sxgbe_platform.c    |    3 -
 drivers/net/ethernet/sun/sunvnet.c                 |  263 ++-
 drivers/net/ethernet/sun/sunvnet.h                 |    6 +-
 drivers/net/ethernet/wiznet/w5100.c                |    6 +-
 drivers/net/ethernet/wiznet/w5300.c                |    6 +-
 drivers/net/phy/marvell.c                          |   46 +
 drivers/net/xen-netfront.c                         |  253 +--
 drivers/s390/net/Kconfig                           |    2 +-
 drivers/s390/net/ctcm_sysfs.c                      |    8 +-
 drivers/s390/net/lcs.c                             |   11 +-
 drivers/s390/net/qeth_core.h                       |   16 -
 drivers/s390/net/qeth_core_main.c                  |   24 +-
 drivers/s390/net/qeth_l2_main.c                    |    2 +-
 drivers/s390/net/qeth_l3.h                         |    4 -
 drivers/s390/net/qeth_l3_main.c                    |   10 +-
 include/linux/marvell_phy.h                        |    1 +
 include/linux/mlx4/cmd.h                           |    2 +
 include/linux/mlx4/device.h                        |   71 +-
 include/linux/pxa168_eth.h                         |    3 +
 include/net/ipx.h                                  |    3 +
 include/net/netlink.h                              |   10 +
 include/net/sctp/structs.h                         |    1 -
 include/net/tcp.h                                  |   12 +-
 include/uapi/linux/ethtool.h                       |   18 +-
 include/uapi/linux/if_link.h                       |    1 +
 net/bridge/br_forward.c                            |    5 +
 net/bridge/br_input.c                              |   60 +
 net/bridge/br_netlink.c                            |    4 +-
 net/bridge/br_private.h                            |    1 +
 net/bridge/br_sysfs_if.c                           |    2 +
 net/ipv4/ipconfig.c                                |    3 +-
 net/ipv6/addrconf.c                                |    4 +-
 net/ipv6/exthdrs.c                                 |    2 +-
 net/ipv6/icmp.c                                    |    1 -
 net/ipv6/route.c                                   |   94 +-
 net/ipv6/syncookies.c                              |    1 -
 net/ipx/af_ipx.c                                   |    2 +-
 net/ipx/ipx_proc.c                                 |    4 +-
 net/ipx/sysctl_net_ipx.c                           |    4 +-
 net/lapb/lapb_iface.c                              |   17 +-
 net/llc/llc_if.c                                   |    2 +-
 net/openvswitch/Kconfig                            |   18 +-
 net/openvswitch/Makefile                           |   14 +-
 net/openvswitch/actions.c                          |   11 +-
 net/openvswitch/datapath.c                         |   17 +-
 net/openvswitch/vport-geneve.c                     |   23 +-
 net/openvswitch/vport-gre.c                        |   23 +-
 net/openvswitch/vport-internal_dev.c               |   17 +-
 net/openvswitch/vport-netdev.c                     |   14 +-
 net/openvswitch/vport-netdev.h                     |    3 +
 net/openvswitch/vport-vxlan.c                      |   23 +-
 net/openvswitch/vport.c                            |  102 +-
 net/openvswitch/vport.h                            |   14 +-
 81 files changed, 4107 insertions(+), 2969 deletions(-)
Merging ipsec-next/master (5c1e9f2c1ff7 xfrm: fix set but not used warning in xfrm_policy_queue_process())
$ git merge ipsec-next/master
Merge made by the 'recursive' strategy.
 net/xfrm/xfrm_policy.c | 3 +--
 1 file changed, 1 insertion(+), 2 deletions(-)
Merging wireless-next/master (5ca06ebe75d9 ath9k: use a random MAC address if the EEPROM address is invalid)
$ git merge wireless-next/master
Auto-merging drivers/net/wireless/ath/ath9k/main.c
Auto-merging drivers/net/wireless/ath/ath9k/init.c
Auto-merging drivers/net/wireless/ath/ath.h
Auto-merging drivers/bcma/main.c
Merge made by the 'recursive' strategy.
 drivers/bcma/bcma_private.h                        |    1 +
 drivers/bcma/main.c                                |    9 +-
 drivers/bcma/scan.c                                |    1 +
 drivers/net/wireless/ath/ath.h                     |    2 +-
 drivers/net/wireless/ath/ath10k/ce.c               |   83 +-
 drivers/net/wireless/ath/ath10k/ce.h               |   21 +-
 drivers/net/wireless/ath/ath10k/core.c             |  111 +-
 drivers/net/wireless/ath/ath10k/core.h             |   80 +-
 drivers/net/wireless/ath/ath10k/debug.c            |  891 ++++++++++++----
 drivers/net/wireless/ath/ath10k/debug.h            |   40 +-
 drivers/net/wireless/ath/ath10k/hif.h              |   10 +
 drivers/net/wireless/ath/ath10k/htt.h              |    2 +-
 drivers/net/wireless/ath/ath10k/htt_rx.c           |   20 +-
 drivers/net/wireless/ath/ath10k/htt_tx.c           |    2 +
 drivers/net/wireless/ath/ath10k/hw.h               |   17 +-
 drivers/net/wireless/ath/ath10k/mac.c              |  509 +++++----
 drivers/net/wireless/ath/ath10k/mac.h              |    1 +
 drivers/net/wireless/ath/ath10k/pci.c              |  203 ++--
 drivers/net/wireless/ath/ath10k/spectral.c         |   34 +-
 drivers/net/wireless/ath/ath10k/spectral.h         |    8 +-
 drivers/net/wireless/ath/ath10k/trace.h            |  163 +++
 drivers/net/wireless/ath/ath10k/txrx.c             |    1 +
 drivers/net/wireless/ath/ath10k/wmi.c              | 1116 +++++++++++---------
 drivers/net/wireless/ath/ath10k/wmi.h              |  273 ++---
 drivers/net/wireless/ath/ath6kl/common.h           |    2 +-
 drivers/net/wireless/ath/ath6kl/debug.c            |   28 +-
 drivers/net/wireless/ath/ath6kl/debug.h            |   13 +-
 drivers/net/wireless/ath/ath9k/Kconfig             |    5 +
 drivers/net/wireless/ath/ath9k/Makefile            |    3 +-
 drivers/net/wireless/ath/ath9k/ar5008_phy.c        |    5 +-
 drivers/net/wireless/ath/ath9k/ar9002_calib.c      |   42 +-
 drivers/net/wireless/ath/ath9k/ar9003_calib.c      |   11 +-
 drivers/net/wireless/ath/ath9k/ar9003_hw.c         |    3 -
 drivers/net/wireless/ath/ath9k/ar9003_phy.c        |    5 +-
 drivers/net/wireless/ath/ath9k/ar9003_rtt.h        |   36 +
 .../net/wireless/ath/ath9k/ar955x_1p0_initvals.h   |    8 +-
 .../net/wireless/ath/ath9k/ar9580_1p0_initvals.h   |  144 ++-
 drivers/net/wireless/ath/ath9k/ath9k.h             |   15 +-
 drivers/net/wireless/ath/ath9k/calib.c             |    6 +-
 drivers/net/wireless/ath/ath9k/calib.h             |    2 +-
 drivers/net/wireless/ath/ath9k/channel.c           |  319 ++++--
 drivers/net/wireless/ath/ath9k/debug.c             |   49 +-
 drivers/net/wireless/ath/ath9k/debug.h             |    1 +
 drivers/net/wireless/ath/ath9k/eeprom_def.c        |   31 +-
 drivers/net/wireless/ath/ath9k/hw-ops.h            |    7 +-
 drivers/net/wireless/ath/ath9k/hw.c                |   43 +-
 drivers/net/wireless/ath/ath9k/hw.h                |   26 +-
 drivers/net/wireless/ath/ath9k/init.c              |    7 +
 drivers/net/wireless/ath/ath9k/link.c              |   12 +-
 drivers/net/wireless/ath/ath9k/main.c              |  200 +++-
 drivers/net/wireless/ath/ath9k/pci.c               |    6 +
 drivers/net/wireless/ath/ath9k/reg.h               |   33 +-
 drivers/net/wireless/ath/ath9k/tx99.c              |    4 +-
 drivers/net/wireless/ath/wil6210/wil6210.h         |    3 +
 drivers/net/wireless/ipw2x00/ipw2200.c             |    2 +-
 drivers/net/wireless/ipw2x00/libipw.h              |    5 -
 drivers/net/wireless/ipw2x00/libipw_module.c       |   15 +-
 drivers/net/wireless/ipw2x00/libipw_rx.c           |   21 +-
 drivers/net/wireless/rt2x00/rt2500usb.c            |   10 +-
 drivers/net/wireless/rt2x00/rt2x00usb.c            |    4 +-
 drivers/net/wireless/rt2x00/rt2x00usb.h            |   39 +-
 include/linux/ath9k_platform.h                     |    3 +
 62 files changed, 3060 insertions(+), 1706 deletions(-)
Merging bluetooth/master (0b1db38ca26b Bluetooth: Fix check for direct advertising)
$ git merge bluetooth/master
Removing net/mac802154/wpan.c
Auto-merging net/mac802154/ieee802154_i.h
Removing net/mac802154/ieee802154_dev.c
Auto-merging net/ieee802154/core.c
Auto-merging include/net/cfg802154.h
Auto-merging include/linux/ieee802154.h
Removing drivers/net/ieee802154/fakehard.c
Auto-merging MAINTAINERS
Merge made by the 'recursive' strategy.
 MAINTAINERS                                   |   7 +
 drivers/bluetooth/ath3k.c                     |   2 +
 drivers/bluetooth/btusb.c                     |   1 +
 drivers/net/ieee802154/Kconfig                |  10 -
 drivers/net/ieee802154/Makefile               |   1 -
 drivers/net/ieee802154/at86rf230.c            | 350 +++++++--------
 drivers/net/ieee802154/cc2520.c               |  66 +--
 drivers/net/ieee802154/fakehard.c             | 427 ------------------
 drivers/net/ieee802154/fakelb.c               |  86 ++--
 drivers/net/ieee802154/mrf24j40.c             | 100 +++--
 include/{net => linux}/ieee802154.h           |  23 +-
 include/linux/nl802154.h                      |   4 -
 include/net/6lowpan.h                         |  12 +-
 include/net/af_ieee802154.h                   |   4 -
 include/net/bluetooth/hci_core.h              |   8 +-
 include/net/{wpan-phy.h => cfg802154.h}       |  14 +-
 include/net/ieee802154_netdev.h               |   6 +-
 include/net/mac802154.h                       |  81 ++--
 include/net/nl802154.h                        |   4 -
 net/6lowpan/iphc.c                            |  71 ++-
 net/bluetooth/6lowpan.c                       | 288 ++++++++-----
 net/bluetooth/hci_conn.c                      |  14 +-
 net/bluetooth/hci_core.c                      |   6 +-
 net/bluetooth/hci_event.c                     |  48 ++-
 net/bluetooth/hci_sock.c                      |   2 +-
 net/bluetooth/l2cap_core.c                    |   7 +-
 net/bluetooth/mgmt.c                          |  83 ++--
 net/bluetooth/rfcomm/core.c                   |   6 +-
 net/bluetooth/smp.c                           |  34 +-
 net/ieee802154/6lowpan_rtnl.c                 | 108 +++--
 net/ieee802154/Makefile                       |   2 +-
 net/ieee802154/af802154.h                     |   4 -
 net/ieee802154/af_ieee802154.c                |   4 -
 net/ieee802154/{wpan-class.c => core.c}       |   8 +-
 net/ieee802154/dgram.c                        |   6 +-
 net/ieee802154/header_ops.c                   |   3 +-
 net/ieee802154/ieee802154.h                   |   4 -
 net/ieee802154/netlink.c                      |   4 -
 net/ieee802154/nl-mac.c                       |   8 +-
 net/ieee802154/nl-phy.c                       |   6 +-
 net/ieee802154/nl_policy.c                    |   4 -
 net/ieee802154/raw.c                          |   4 -
 net/ieee802154/reassembly.c                   |   8 +-
 net/ieee802154/reassembly.h                   |   4 +-
 net/mac802154/Kconfig                         |   2 +-
 net/mac802154/Makefile                        |   4 +-
 net/mac802154/ieee802154_dev.c                | 415 ------------------
 net/mac802154/{mac802154.h => ieee802154_i.h} |  54 ++-
 net/mac802154/iface.c                         | 375 ++++++++++++++++
 net/mac802154/llsec.c                         |   4 +-
 net/mac802154/mac_cmd.c                       |  14 +-
 net/mac802154/main.c                          | 428 ++++++++++++++++++
 net/mac802154/mib.c                           | 220 +++++-----
 net/mac802154/monitor.c                       |  76 +---
 net/mac802154/rx.c                            | 291 ++++++++++---
 net/mac802154/tx.c                            | 153 ++++---
 net/mac802154/util.c                          |  55 +++
 net/mac802154/wpan.c                          | 599 --------------------------
 58 files changed, 2128 insertions(+), 2504 deletions(-)
 delete mode 100644 drivers/net/ieee802154/fakehard.c
 rename include/{net => linux}/ieee802154.h (94%)
 rename include/net/{wpan-phy.h => cfg802154.h} (89%)
 rename net/ieee802154/{wpan-class.c => core.c} (94%)
 delete mode 100644 net/mac802154/ieee802154_dev.c
 rename net/mac802154/{mac802154.h => ieee802154_i.h} (84%)
 create mode 100644 net/mac802154/iface.c
 create mode 100644 net/mac802154/main.c
 create mode 100644 net/mac802154/util.c
 delete mode 100644 net/mac802154/wpan.c
Merging infiniband/for-next (7b909bb49ac2 Merge branches 'core', 'cxgb4', 'iser', 'mlx5' and 'ocrdma' into for-next)
$ git merge infiniband/for-next
Already up-to-date.
Merging mtd/master (8b3d58e55445 mtd: nand: omap: Correct CONFIG_MTD_NAND_OMAP_BCH help message)
$ git merge mtd/master
Already up-to-date.
Merging l2-mtd/master (b00358a5632b nandsim: add id_bytes module parameter)
$ git merge l2-mtd/master
Merge made by the 'recursive' strategy.
 .../devicetree/bindings/mtd/diskonchip.txt         |  15 +++
 drivers/mtd/bcm47xxpart.c                          |  28 +++--
 drivers/mtd/devices/docg3.c                        | 122 +++++++++++----------
 drivers/mtd/devices/m25p80.c                       |  64 +++++++++--
 drivers/mtd/devices/phram.c                        |   2 +-
 drivers/mtd/maps/bfin-async-flash.c                |   1 -
 drivers/mtd/nand/nandsim.c                         |  42 ++++---
 drivers/mtd/nand/omap2.c                           |   7 +-
 drivers/mtd/nand/orion_nand.c                      |  39 ++-----
 drivers/mtd/spi-nor/fsl-quadspi.c                  |  14 +--
 drivers/mtd/spi-nor/spi-nor.c                      |  20 ++--
 fs/jffs2/summary.c                                 |   1 +
 include/linux/mtd/spi-nor.h                        |  24 +---
 13 files changed, 212 insertions(+), 167 deletions(-)
 create mode 100644 Documentation/devicetree/bindings/mtd/diskonchip.txt
Merging crypto/master (bac68f2c9a43 crypto: caam - add support for rfc4106(gcm(aes)))
$ git merge crypto/master
Auto-merging drivers/crypto/qat/qat_dh895xcc/adf_isr.c
Auto-merging drivers/crypto/qat/qat_common/qat_algs.c
Merge made by the 'recursive' strategy.
 crypto/drbg.c                               |  79 ++-
 crypto/testmgr.c                            |   3 +-
 drivers/char/hw_random/core.c               |  12 +-
 drivers/crypto/caam/caamalg.c               | 771 +++++++++++++++++++++++++++-
 drivers/crypto/qat/qat_common/adf_aer.c     |   2 +-
 drivers/crypto/qat/qat_common/adf_dev_mgr.c |   6 +-
 drivers/crypto/qat/qat_common/qat_algs.c    |   1 -
 drivers/crypto/qat/qat_dh895xcc/adf_isr.c   |  12 +-
 8 files changed, 798 insertions(+), 88 deletions(-)
Merging drm/drm-next (bbf0ef0334f2 Merge tag 'drm-intel-next-2014-10-03-no-ppgtt' of git://anongit.freedesktop.org/drm-intel into drm-next)
$ git merge drm/drm-next
Auto-merging drivers/gpu/drm/i915/intel_dp.c
Auto-merging drivers/gpu/drm/i915/intel_display.c
Merge made by the 'recursive' strategy.
 Documentation/DocBook/drm.tmpl           |   28 +
 arch/x86/kernel/early-quirks.c           |   23 +
 drivers/char/agp/intel-gtt.c             |    4 -
 drivers/gpu/drm/i915/Makefile            |    5 +-
 drivers/gpu/drm/i915/i915_cmd_parser.c   |   11 +-
 drivers/gpu/drm/i915/i915_debugfs.c      |    9 +-
 drivers/gpu/drm/i915/i915_dma.c          |   29 +-
 drivers/gpu/drm/i915/i915_drv.c          |   49 +-
 drivers/gpu/drm/i915/i915_drv.h          |   48 +-
 drivers/gpu/drm/i915/i915_gem.c          |  101 +--
 drivers/gpu/drm/i915/i915_gem_gtt.c      |   36 +-
 drivers/gpu/drm/i915/i915_gpu_error.c    |   13 +-
 drivers/gpu/drm/i915/i915_irq.c          |  274 +++---
 drivers/gpu/drm/i915/i915_reg.h          |  190 ++++-
 drivers/gpu/drm/i915/intel_bios.h        |   10 +-
 drivers/gpu/drm/i915/intel_crt.c         |    2 +-
 drivers/gpu/drm/i915/intel_ddi.c         |   52 +-
 drivers/gpu/drm/i915/intel_display.c     |  895 +++++++++----------
 drivers/gpu/drm/i915/intel_dp.c          |  194 ++++-
 drivers/gpu/drm/i915/intel_drv.h         |   90 +-
 drivers/gpu/drm/i915/intel_dsi.c         |    2 +-
 drivers/gpu/drm/i915/intel_frontbuffer.c |  279 ++++++
 drivers/gpu/drm/i915/intel_hdmi.c        |   25 +-
 drivers/gpu/drm/i915/intel_lrc.c         |    2 +-
 drivers/gpu/drm/i915/intel_lvds.c        |    2 +-
 drivers/gpu/drm/i915/intel_panel.c       |   32 +-
 drivers/gpu/drm/i915/intel_pm.c          | 1247 ++-------------------------
 drivers/gpu/drm/i915/intel_ringbuffer.c  |   34 +-
 drivers/gpu/drm/i915/intel_runtime_pm.c  | 1375 ++++++++++++++++++++++++++++++
 drivers/gpu/drm/i915/intel_sprite.c      |  473 +++++++---
 drivers/gpu/drm/i915/intel_tv.c          |    9 +-
 drivers/gpu/drm/i915/intel_uncore.c      |   19 +-
 include/drm/drm_dp_helper.h              |    5 +-
 include/drm/i915_pciids.h                |   17 +
 34 files changed, 3403 insertions(+), 2181 deletions(-)
 create mode 100644 drivers/gpu/drm/i915/intel_frontbuffer.c
 create mode 100644 drivers/gpu/drm/i915/intel_runtime_pm.c
Merging drm-panel/drm/panel/for-next (7d1311b93e58 Linux 3.17-rc1)
$ git merge drm-panel/drm/panel/for-next
Already up-to-date.
Merging drm-intel/for-linux-next (421d82916774 drm/i915: use intel_fb_obj() macros to assign gem objects)
$ git merge drm-intel/for-linux-next
Auto-merging drivers/gpu/drm/i915/intel_ringbuffer.c
Auto-merging drivers/gpu/drm/i915/intel_hdmi.c
Auto-merging drivers/gpu/drm/i915/intel_dp.c
Auto-merging drivers/gpu/drm/i915/intel_display.c
Auto-merging drivers/gpu/drm/i915/i915_gem_gtt.c
Auto-merging drivers/gpu/drm/i915/i915_cmd_parser.c
Merge made by the 'recursive' strategy.
 Documentation/DocBook/drm.tmpl                |    5 +
 drivers/gpu/drm/drm_plane_helper.c            |    5 +
 drivers/gpu/drm/i915/Makefile                 |    7 +-
 drivers/gpu/drm/i915/i915_cmd_parser.c        |   18 +-
 drivers/gpu/drm/i915/i915_debugfs.c           |   43 +-
 drivers/gpu/drm/i915/i915_dma.c               |   12 +-
 drivers/gpu/drm/i915/i915_drv.c               |  210 +++--
 drivers/gpu/drm/i915/i915_drv.h               |   66 +-
 drivers/gpu/drm/i915/i915_gem.c               |   28 +-
 drivers/gpu/drm/i915/i915_gem_context.c       |   10 +-
 drivers/gpu/drm/i915/i915_gem_execbuffer.c    |   33 +-
 drivers/gpu/drm/i915/i915_gem_gtt.c           |   24 +-
 drivers/gpu/drm/i915/i915_gem_gtt.h           |    8 +-
 drivers/gpu/drm/i915/i915_gem_render_state.c  |    2 +
 drivers/gpu/drm/i915/i915_gem_stolen.c        |    2 +-
 drivers/gpu/drm/i915/i915_gem_tiling.c        |   41 +-
 drivers/gpu/drm/i915/i915_gpu_error.c         |   10 +-
 drivers/gpu/drm/i915/i915_ioc32.c             |    2 -
 drivers/gpu/drm/i915/i915_irq.c               |  366 +--------
 drivers/gpu/drm/i915/i915_reg.h               |   21 +-
 drivers/gpu/drm/i915/i915_sysfs.c             |   22 +-
 drivers/gpu/drm/i915/intel_audio.c            |  355 +++++++++
 drivers/gpu/drm/i915/intel_crt.c              |    2 +-
 drivers/gpu/drm/i915/intel_ddi.c              |    4 +-
 drivers/gpu/drm/i915/intel_display.c          | 1010 ++++++++++---------------
 drivers/gpu/drm/i915/intel_dp.c               |  326 +++++---
 drivers/gpu/drm/i915/intel_dp_mst.c           |   10 +-
 drivers/gpu/drm/i915/intel_drv.h              |   54 +-
 drivers/gpu/drm/i915/intel_fifo_underrun.c    |  381 ++++++++++
 drivers/gpu/drm/i915/intel_hdmi.c             |    2 +-
 drivers/gpu/drm/i915/intel_panel.c            |    5 +-
 drivers/gpu/drm/i915/intel_pm.c               |   65 +-
 drivers/gpu/drm/i915/intel_renderstate.h      |    1 +
 drivers/gpu/drm/i915/intel_renderstate_gen8.c |  802 ++++++++++++++++----
 drivers/gpu/drm/i915/intel_renderstate_gen9.c |  974 ++++++++++++++++++++++++
 drivers/gpu/drm/i915/intel_ringbuffer.c       |  190 +++--
 drivers/gpu/drm/i915/intel_runtime_pm.c       |    2 +-
 drivers/gpu/drm/i915/intel_sprite.c           |   68 +-
 drivers/gpu/drm/i915/intel_uncore.c           |   91 +--
 39 files changed, 3616 insertions(+), 1661 deletions(-)
 create mode 100644 drivers/gpu/drm/i915/intel_audio.c
 create mode 100644 drivers/gpu/drm/i915/intel_fifo_underrun.c
 create mode 100644 drivers/gpu/drm/i915/intel_renderstate_gen9.c
Merging drm-tegra/drm/tegra/for-next (8ed05f485498 drm/tegra: Depend on COMMON_CLK)
$ git merge drm-tegra/drm/tegra/for-next
Merge made by the 'recursive' strategy.
 drivers/gpu/drm/tegra/Kconfig | 1 +
 1 file changed, 1 insertion(+)
Merging drm-misc/topic/core-stuff (5a1cbdb0fb67 gpu: drm: Fix warning caused by a parameter description in drm_crtc.c)
$ git merge drm-misc/topic/core-stuff
Auto-merging include/drm/drm_dp_mst_helper.h
Auto-merging include/drm/drm_dp_helper.h
Auto-merging drivers/gpu/drm/i915/intel_lrc.c
Auto-merging drivers/gpu/drm/i915/i915_reg.h
Auto-merging drivers/gpu/drm/i915/i915_cmd_parser.c
Auto-merging drivers/gpu/drm/drm_dp_mst_topology.c
Merge made by the 'recursive' strategy.
 drivers/gpu/drm/drm_crtc.c             |  36 ++----
 drivers/gpu/drm/drm_dp_helper.c        | 192 --------------------------------
 drivers/gpu/drm/drm_dp_mst_topology.c  |  15 +--
 drivers/gpu/drm/drm_drv.c              |   5 +-
 drivers/gpu/drm/drm_fops.c             |  12 +-
 drivers/gpu/drm/drm_irq.c              |   4 +-
 drivers/gpu/drm/drm_modes.c            |   2 +-
 drivers/gpu/drm/drm_prime.c            |   4 +-
 drivers/gpu/drm/gma500/cdv_intel_dp.c  | 195 +++++++++++++++++++++++++++++++++
 drivers/gpu/drm/i915/i915_cmd_parser.c |   4 +-
 drivers/gpu/drm/i915/i915_reg.h        |   2 +-
 drivers/gpu/drm/i915/intel_lrc.c       |   2 +-
 include/drm/drmP.h                     |   8 +-
 include/drm/drm_dp_helper.h            |  20 ----
 include/drm/drm_dp_mst_helper.h        |   2 +-
 15 files changed, 236 insertions(+), 267 deletions(-)
Merging sound/for-next (f994cb3a09a5 ALSA: au88x0: Kill the rest snd_print*())
$ git merge sound/for-next
Merge made by the 'recursive' strategy.
 Documentation/DocBook/alsa-driver-api.tmpl        |  12 ++
 Documentation/DocBook/writing-an-alsa-driver.tmpl |  23 +++
 Documentation/sound/alsa/ControlNames.txt         |  32 +++-
 include/sound/compress_driver.h                   |   5 +-
 include/sound/jack.h                              |   5 +-
 include/sound/seq_kernel.h                        |   4 +
 sound/aoa/codecs/onyx.c                           |   8 +-
 sound/aoa/codecs/tas.c                            |  10 +-
 sound/core/control.c                              |   5 +
 sound/core/pcm_native.c                           |  55 +++---
 sound/core/seq/seq.c                              |   5 +-
 sound/core/seq/seq_device.c                       | 103 +++++++----
 sound/drivers/mts64.c                             |  18 +-
 sound/drivers/vx/vx_mixer.c                       |  35 +---
 sound/firewire/bebob/bebob.h                      |   4 +-
 sound/firewire/bebob/bebob_focusrite.c            |  10 +-
 sound/firewire/bebob/bebob_maudio.c               |  59 ++-----
 sound/firewire/bebob/bebob_terratec.c             |   4 +-
 sound/firewire/bebob/bebob_yamaha.c               |   2 +-
 sound/i2c/other/ak4xxx-adda.c                     |  26 +--
 sound/isa/ad1816a/ad1816a_lib.c                   |  10 +-
 sound/isa/es1688/es1688_lib.c                     |  10 +-
 sound/isa/es18xx.c                                |  26 +--
 sound/isa/msnd/msnd_pinnacle_mixer.c              |  11 +-
 sound/isa/sb/sb16_main.c                          |  10 +-
 sound/isa/sb/sb_mixer.c                           |  31 +---
 sound/isa/wss/wss_lib.c                           |  16 +-
 sound/mips/sgio2audio.c                           |  11 +-
 sound/parisc/harmony.c                            |  12 +-
 sound/pci/ac97/ac97_codec.c                       |  10 +-
 sound/pci/ac97/ac97_patch.c                       | 198 +++++++---------------
 sound/pci/ac97/ac97_patch.h                       |   2 +-
 sound/pci/asihpi/asihpi.c                         |  46 +----
 sound/pci/au88x0/au88x0.c                         |  35 ++--
 sound/pci/au88x0/au88x0.h                         |   4 +-
 sound/pci/au88x0/au88x0_a3d.c                     |  21 +--
 sound/pci/au88x0/au88x0_core.c                    | 102 ++++++-----
 sound/pci/au88x0/au88x0_eq.c                      |   3 +-
 sound/pci/au88x0/au88x0_game.c                    |   3 +-
 sound/pci/au88x0/au88x0_mpu401.c                  |   2 +-
 sound/pci/au88x0/au88x0_pcm.c                     |   8 +-
 sound/pci/au88x0/au88x0_synth.c                   |  17 +-
 sound/pci/aw2/aw2-alsa.c                          |  13 +-
 sound/pci/azt3328.c                               |  13 +-
 sound/pci/ca0106/ca0106_mixer.c                   |  40 +----
 sound/pci/ctxfi/ctatc.c                           |  10 +-
 sound/pci/ctxfi/cttimer.c                         |   4 +-
 sound/pci/echoaudio/echoaudio.c                   |  33 +---
 sound/pci/emu10k1/emumixer.c                      |  58 ++-----
 sound/pci/emu10k1/p16v.c                          |  20 +--
 sound/pci/es1938.c                                |  10 +-
 sound/pci/fm801.c                                 |  10 +-
 sound/pci/hda/hda_codec.c                         |  29 +---
 sound/pci/hda/hda_generic.c                       |  17 +-
 sound/pci/ice1712/aureon.c                        |  46 +----
 sound/pci/ice1712/ews.c                           |  16 +-
 sound/pci/ice1712/ice1712.c                       |  27 +--
 sound/pci/ice1712/ice1724.c                       |   8 +-
 sound/pci/ice1712/maya44.c                        |  20 +--
 sound/pci/ice1712/phase.c                         |  12 +-
 sound/pci/ice1712/pontis.c                        |   8 +-
 sound/pci/ice1712/prodigy192.c                    |  18 +-
 sound/pci/ice1712/prodigy_hifi.c                  |  11 +-
 sound/pci/ice1712/quartet.c                       |  27 +--
 sound/pci/ice1712/se.c                            |   9 +-
 sound/pci/korg1212/korg1212.c                     |  26 +--
 sound/pci/pcxhr/pcxhr.c                           |  52 +++---
 sound/pci/pcxhr/pcxhr_core.c                      |  10 +-
 sound/pci/pcxhr/pcxhr_mixer.c                     |  18 +-
 sound/pci/rme32.c                                 |  34 ++--
 sound/pci/rme96.c                                 |  62 +++----
 sound/pci/rme9652/hdsp.c                          | 175 +++++++------------
 sound/pci/rme9652/hdspm.c                         |  13 +-
 sound/pci/rme9652/rme9652.c                       |  58 ++-----
 sound/pci/sonicvibes.c                            |  10 +-
 sound/pci/via82xx.c                               |  10 +-
 sound/ppc/tumbler.c                               |  11 +-
 sound/sparc/cs4231.c                              |  12 +-
 sound/usb/6fire/control.c                         |  22 +--
 sound/usb/mixer.c                                 |   9 +-
 sound/usb/mixer_quirks.c                          |  35 +---
 81 files changed, 696 insertions(+), 1333 deletions(-)
Merging sound-asoc/for-next (f5f543ab237a Merge remote-tracking branches 'asoc/topic/sta529', 'asoc/topic/stac9766', 'asoc/topic/tegra', 'asoc/topic/wm8731' and 'asoc/topic/wm8962' into asoc-next)
$ git merge sound-asoc/for-next
Merge made by the 'recursive' strategy.
 .../devicetree/bindings/sound/eukrea-tlv320.txt    |   15 +-
 .../devicetree/bindings/sound/fsl,esai.txt         |   44 +-
 .../devicetree/bindings/sound/fsl,spdif.txt        |   37 +-
 .../devicetree/bindings/sound/fsl-sai.txt          |   66 +-
 .../bindings/sound/imx-audio-sgtl5000.txt          |   61 +-
 .../devicetree/bindings/sound/imx-audio-spdif.txt  |   22 +-
 .../devicetree/bindings/sound/imx-audio-wm8962.txt |   45 +-
 .../devicetree/bindings/sound/imx-audmux.txt       |   22 +-
 Documentation/devicetree/bindings/sound/rt5677.txt |   17 +
 .../devicetree/bindings/sound/sgtl5000.txt         |   13 +
 arch/arm/mach-pxa/spitz.c                          |    9 +
 arch/x86/include/asm/platform_sst_audio.h          |   62 +
 include/sound/rt5677.h                             |   10 +
 include/sound/soc-dapm.h                           |    9 +-
 include/sound/soc.h                                |   19 +-
 sound/soc/cirrus/Kconfig                           |    3 +-
 sound/soc/codecs/Kconfig                           |   24 +-
 sound/soc/codecs/Makefile                          |    6 +
 sound/soc/codecs/ak4535.c                          |   31 +-
 sound/soc/codecs/ak4641.c                          |   33 +-
 sound/soc/codecs/ak4642.c                          |   16 -
 sound/soc/codecs/ak4671.c                          |   13 -
 sound/soc/codecs/cs4265.c                          |    2 -
 sound/soc/codecs/cs4271-i2c.c                      |   62 +
 sound/soc/codecs/cs4271-spi.c                      |   55 +
 sound/soc/codecs/cs4271.c                          |  155 +--
 sound/soc/codecs/cs4271.h                          |   11 +
 sound/soc/codecs/hdmi.c                            |    2 +
 sound/soc/codecs/max98088.c                        |   27 +-
 sound/soc/codecs/max98095.c                        |    5 -
 sound/soc/codecs/max9850.c                         |   22 +-
 sound/soc/codecs/rt5645.c                          |   15 +-
 sound/soc/codecs/rt5645.h                          |    1 +
 sound/soc/codecs/rt5677-spi.c                      |  130 +++
 sound/soc/codecs/rt5677-spi.h                      |   21 +
 sound/soc/codecs/rt5677.c                          |  469 +++++++-
 sound/soc/codecs/rt5677.h                          |   56 +
 sound/soc/codecs/sgtl5000.c                        |   98 +-
 sound/soc/codecs/sta32x.c                          |   21 +-
 sound/soc/codecs/sta350.c                          |   21 +-
 sound/soc/codecs/sta529.c                          |   35 +-
 sound/soc/codecs/stac9766.c                        |   11 +-
 sound/soc/codecs/wm8731.c                          |    3 +-
 sound/soc/codecs/wm8962.c                          |    3 +-
 sound/soc/fsl/eukrea-tlv320.c                      |    5 +-
 sound/soc/fsl/fsl_asrc.c                           |   26 +
 sound/soc/fsl/imx-sgtl5000.c                       |    6 +-
 sound/soc/fsl/imx-spdif.c                          |    3 +-
 sound/soc/fsl/imx-wm8962.c                         |    6 +-
 sound/soc/generic/simple-card.c                    |   15 +-
 sound/soc/intel/Kconfig                            |   10 +-
 sound/soc/intel/Makefile                           |    3 +
 sound/soc/intel/sst-atom-controls.c                | 1208 +++++++++++++++++++-
 sound/soc/intel/sst-atom-controls.h                |  428 +++++++
 sound/soc/intel/sst-firmware.c                     |    9 +-
 sound/soc/intel/sst-haswell-ipc.c                  |    8 +-
 sound/soc/intel/sst-haswell-ipc.h                  |    4 +-
 sound/soc/intel/sst-haswell-pcm.c                  |   12 +-
 sound/soc/intel/sst-mfld-platform-pcm.c            |  153 ++-
 sound/soc/intel/sst-mfld-platform.h                |    4 +
 sound/soc/intel/sst/Makefile                       |    3 +
 sound/soc/intel/sst/sst.c                          |  434 +++++++
 sound/soc/intel/sst/sst.h                          |  540 +++++++++
 sound/soc/intel/sst/sst_drv_interface.c            |  405 +++++++
 sound/soc/intel/sst/sst_ipc.c                      |  373 ++++++
 sound/soc/intel/sst/sst_loader.c                   |  459 ++++++++
 sound/soc/intel/sst/sst_pvt.c                      |  446 ++++++++
 sound/soc/intel/sst/sst_stream.c                   |  437 +++++++
 sound/soc/pxa/spitz.c                              |   52 +-
 sound/soc/sh/rcar/dvc.c                            |   61 +-
 sound/soc/sh/rcar/gen.c                            |   27 +-
 sound/soc/soc-compress.c                           |   11 +-
 sound/soc/soc-core.c                               |  107 +-
 sound/soc/soc-dapm.c                               |  753 ++++++------
 sound/soc/soc-jack.c                               |    9 +-
 sound/soc/soc-pcm.c                                |    3 +
 sound/soc/tegra/tegra_rt5640.c                     |    6 +-
 77 files changed, 6674 insertions(+), 1154 deletions(-)
 create mode 100644 sound/soc/codecs/cs4271-i2c.c
 create mode 100644 sound/soc/codecs/cs4271-spi.c
 create mode 100644 sound/soc/codecs/cs4271.h
 create mode 100644 sound/soc/codecs/rt5677-spi.c
 create mode 100644 sound/soc/codecs/rt5677-spi.h
 create mode 100644 sound/soc/intel/sst/Makefile
 create mode 100644 sound/soc/intel/sst/sst.c
 create mode 100644 sound/soc/intel/sst/sst.h
 create mode 100644 sound/soc/intel/sst/sst_drv_interface.c
 create mode 100644 sound/soc/intel/sst/sst_ipc.c
 create mode 100644 sound/soc/intel/sst/sst_loader.c
 create mode 100644 sound/soc/intel/sst/sst_pvt.c
 create mode 100644 sound/soc/intel/sst/sst_stream.c
Merging modules/modules-next (d3051b489aa8 modules, lock around setting of MODULE_STATE_UNFORMED)
$ git merge modules/modules-next
Already up-to-date.
Merging virtio/virtio-next (1bbc26062754 virtio-rng: refactor probe error handling)
$ git merge virtio/virtio-next
Already up-to-date.
Merging input/next (6696777c6506 Input: add driver for Elan I2C/SMbus touchpad)
$ git merge input/next
Auto-merging Documentation/devicetree/bindings/vendor-prefixes.txt
Merge made by the 'recursive' strategy.
 .../devicetree/bindings/input/elan_i2c.txt         |   34 +
 .../devicetree/bindings/vendor-prefixes.txt        |    1 +
 drivers/input/keyboard/lpc32xx-keys.c              |   92 +-
 drivers/input/keyboard/mpr121_touchkey.c           |   42 +-
 drivers/input/keyboard/pxa27x_keypad.c             |   84 +-
 drivers/input/mouse/Kconfig                        |   30 +
 drivers/input/mouse/Makefile                       |    5 +
 drivers/input/mouse/elan_i2c.h                     |   86 ++
 drivers/input/mouse/elan_i2c_core.c                | 1137 ++++++++++++++++++++
 drivers/input/mouse/elan_i2c_i2c.c                 |  611 +++++++++++
 drivers/input/mouse/elan_i2c_smbus.c               |  514 +++++++++
 11 files changed, 2470 insertions(+), 166 deletions(-)
 create mode 100644 Documentation/devicetree/bindings/input/elan_i2c.txt
 create mode 100644 drivers/input/mouse/elan_i2c.h
 create mode 100644 drivers/input/mouse/elan_i2c_core.c
 create mode 100644 drivers/input/mouse/elan_i2c_i2c.c
 create mode 100644 drivers/input/mouse/elan_i2c_smbus.c
Merging input-mt/for-next (5e01dc7b26d9 Linux 3.12)
$ git merge input-mt/for-next
Already up-to-date.
Merging block/for-next (c21e59d8dc04 lib/scatterlist: fix memory leak with scsi-mq)
$ git merge block/for-next
Merge made by the 'recursive' strategy.
 block/blk-merge.c        |  5 +++--
 block/elevator.c         |  4 +++-
 block/scsi_ioctl.c       |  3 +--
 drivers/block/null_blk.c | 14 +++++++-------
 fs/buffer.c              | 38 +++++++++-----------------------------
 lib/scatterlist.c        |  6 +++---
 6 files changed, 26 insertions(+), 44 deletions(-)
Merging device-mapper/for-next (330f26b97345 dm thin: refactor requeue_io to eliminate spinlock bouncing)
$ git merge device-mapper/for-next
Auto-merging drivers/md/dm-bufio.c
Merge made by the 'recursive' strategy.
 drivers/md/dm-bio-prison.c                         | 186 +++---
 drivers/md/dm-bio-prison.h                         |  16 +-
 drivers/md/dm-bufio.c                              | 218 ++++---
 drivers/md/dm-cache-target.c                       |   3 +-
 drivers/md/dm-raid.c                               |  11 +-
 drivers/md/dm-stripe.c                             |   4 +-
 drivers/md/dm-thin-metadata.c                      |  35 +-
 drivers/md/dm-thin-metadata.h                      |   9 +-
 drivers/md/dm-thin.c                               | 661 ++++++++++++++++-----
 drivers/md/dm.c                                    |  12 +-
 .../md/persistent-data/dm-transaction-manager.c    |  77 ++-
 .../md/persistent-data/dm-transaction-manager.h    |   7 +
 12 files changed, 885 insertions(+), 354 deletions(-)
Merging embedded/master (4744b43431e8 embedded: fix vc_translate operator precedence)
$ git merge embedded/master
Already up-to-date.
Merging firmware/master (6e03a201bbe8 firmware: speed up request_firmware(), v3)
$ git merge firmware/master
Already up-to-date.
Merging pcmcia/master (80af9e6d7ae6 pcmcia at91_cf: fix raw gpio number usage)
$ git merge pcmcia/master
Already up-to-date.
Merging mmc/mmc-next (11bc9381b277 mmc: sdhci-s3c: use mmc_of_parse and remove the card_tasklet)
$ git merge mmc/mmc-next
Already up-to-date.
Merging mmc-uh/next (e30d920cefa6 mmc: sdhci-pxav3: Document clocks and additional clock-names property)
$ git merge mmc-uh/next
Auto-merging include/linux/platform_data/mmc-atmel-mci.h
Removing arch/avr32/mach-at32ap/include/mach/atmel-mci.h
Merge made by the 'recursive' strategy.
 .../devicetree/bindings/mmc/sdhci-pxa.txt          |   7 +
 arch/arm/mach-at91/at91sam9g45_devices.c           |   2 +-
 arch/avr32/mach-at32ap/at32ap700x.c                |   2 +-
 arch/avr32/mach-at32ap/include/mach/atmel-mci.h    |  17 --
 drivers/mmc/card/block.c                           |  70 ++++----
 drivers/mmc/card/mmc_test.c                        |  18 +-
 drivers/mmc/core/bus.c                             |  55 ++----
 drivers/mmc/core/core.c                            |  41 +++--
 drivers/mmc/core/debugfs.c                         |   9 +-
 drivers/mmc/core/mmc.c                             | 184 +++++++++------------
 drivers/mmc/core/mmc_ops.c                         |  61 ++++---
 drivers/mmc/core/mmc_ops.h                         |   2 +-
 drivers/mmc/core/sdio_bus.c                        |  16 +-
 drivers/mmc/host/atmel-mci.c                       |   2 +-
 drivers/mmc/host/dw_mmc-rockchip.c                 |   3 +
 drivers/mmc/host/dw_mmc.c                          | 128 +++-----------
 drivers/mmc/host/dw_mmc.h                          |   2 -
 drivers/mmc/host/mmci.c                            |   7 +
 drivers/mmc/host/msm_sdcc.c                        |   6 +-
 drivers/mmc/host/mxcmmc.c                          |  25 ++-
 drivers/mmc/host/sdhci-esdhc-imx.c                 |  10 +-
 drivers/mmc/host/sdhci-of-arasan.c                 |   5 +-
 drivers/mmc/host/sdhci-pci-o2micro.c               |   2 -
 drivers/mmc/host/sdhci-pxav2.c                     |  15 +-
 drivers/mmc/host/sdhci-pxav3.c                     |  60 ++++---
 drivers/mmc/host/sdhci.c                           |  10 +-
 drivers/mmc/host/sunxi-mmc.c                       |   1 -
 include/linux/mmc/card.h                           |  23 +--
 include/linux/mmc/core.h                           |   2 +-
 include/linux/mmc/dw_mmc.h                         |   2 -
 include/linux/mmc/mmc.h                            |   3 +
 include/linux/mmc/sdio_func.h                      |   2 -
 .../linux/platform_data/mmc-atmel-mci.h            |  13 +-
 include/linux/platform_data/pxa_sdhci.h            |   5 -
 34 files changed, 326 insertions(+), 484 deletions(-)
 delete mode 100644 arch/avr32/mach-at32ap/include/mach/atmel-mci.h
 rename arch/arm/mach-at91/include/mach/atmel-mci.h => include/linux/platform_data/mmc-atmel-mci.h (52%)
Merging kgdb/kgdb-next (662bfa325be1 kernel/debug/debug_core.c: Logging clean-up)
$ git merge kgdb/kgdb-next
Merge made by the 'recursive' strategy.
 kernel/debug/debug_core.c | 43 +++++++++++++++++++++----------------------
 1 file changed, 21 insertions(+), 22 deletions(-)
Merging uclinux/for-next (6dbe51c251a3 Linux 3.9-rc1)
$ git merge uclinux/for-next
Already up-to-date.
Merging md/for-next (b395f75eabb3 lib/raid6: Add log level to printks)
$ git merge md/for-next
Already up-to-date.
Merging mfd/for-mfd-next (645d10214b28 mfd: tps65910: Convert ti,system-power-controller DT property to poweroff-source)
$ git merge mfd/for-mfd-next
Auto-merging include/linux/of.h
Merge made by the 'recursive' strategy.
 .../devicetree/bindings/mfd/atmel-hlcdc.txt        |  51 +++++++++
 Documentation/devicetree/bindings/mfd/max77686.txt |   6 +
 Documentation/devicetree/bindings/mfd/max77693.txt |  21 ++++
 drivers/hid/hid-sensor-hub.c                       |   8 +-
 drivers/mfd/Kconfig                                |   7 +-
 drivers/mfd/Makefile                               |   3 +-
 drivers/mfd/arizona-spi.c                          |   2 +
 drivers/mfd/atmel-hlcdc.c                          | 122 +++++++++++++++++++++
 drivers/mfd/max77693.c                             |  31 +++++-
 drivers/mfd/mfd-core.c                             |   8 +-
 drivers/mfd/rts5227.c                              |   6 +
 drivers/mfd/rts5249.c                              |   4 +
 drivers/mfd/rtsx_gops.c                            |  37 +++++++
 drivers/mfd/rtsx_pcr.h                             |   3 +
 drivers/mfd/rtsx_usb.c                             |   4 +-
 drivers/mfd/sec-core.c                             |  10 --
 drivers/mfd/syscon.c                               |  96 ++++++++++++----
 drivers/mfd/tps65217.c                             |   2 +
 drivers/mfd/tps65910.c                             |   3 +-
 drivers/mfd/viperboard.c                           |   4 +-
 include/linux/mfd/atmel-hlcdc.h                    |  85 ++++++++++++++
 include/linux/mfd/core.h                           |   7 ++
 include/linux/mfd/max77693-private.h               |   1 -
 include/linux/mfd/rtsx_pci.h                       |  28 +++++
 include/linux/of.h                                 |  11 ++
 25 files changed, 508 insertions(+), 52 deletions(-)
 create mode 100644 Documentation/devicetree/bindings/mfd/atmel-hlcdc.txt
 create mode 100644 drivers/mfd/atmel-hlcdc.c
 create mode 100644 drivers/mfd/rtsx_gops.c
 create mode 100644 include/linux/mfd/atmel-hlcdc.h
Merging backlight/for-backlight-next (b6af73b42219 backlight: omap1: add blank line after declarations)
$ git merge backlight/for-backlight-next
Already up-to-date.
Merging battery/master (cdaf3e15385d power: charger-manager: Fix accessing invalidated power supply after charger unbind)
$ git merge battery/master
Merge made by the 'recursive' strategy.
 drivers/power/ab8500_fg.c             |  17 ++--
 drivers/power/bq2415x_charger.c       |  23 +++--
 drivers/power/charger-manager.c       | 164 +++++++++++++++++++++++-----------
 drivers/power/power_supply_core.c     |   3 +
 include/linux/power/charger-manager.h |   3 -
 include/linux/power_supply.h          |   6 ++
 6 files changed, 144 insertions(+), 72 deletions(-)
Merging fbdev/for-next (718b90ac4c21 video: xilinxfb: Simplify error path)
$ git merge fbdev/for-next
Already up-to-date.
Merging viafb/viafb-next (838ac785d521 viafb: avoid refresh and mode lookup in set_par)
$ git merge viafb/viafb-next
Already up-to-date.
Merging omap_dss2/for-next (f114040e3ea6 Linux 3.18-rc1)
$ git merge omap_dss2/for-next
Already up-to-date.
Merging regulator/for-next (138e1cd9518b Merge remote-tracking branches 'regulator/topic/s2mps11', 'regulator/topic/sky81452', 'regulator/topic/stub' and 'regulator/topic/suspend' into regulator-next)
$ git merge regulator/for-next
Merge made by the 'recursive' strategy.
 .../devicetree/bindings/power/poweroff.txt         |  18 +++
 .../bindings/regulator/act8865-regulator.txt       |   4 +
 .../devicetree/bindings/regulator/regulator.txt    |  13 ++
 drivers/regulator/act8865-regulator.c              |  31 +++++
 drivers/regulator/anatop-regulator.c               |  13 ++
 drivers/regulator/core.c                           |   3 +-
 drivers/regulator/dummy.c                          |   2 +-
 drivers/regulator/max77686.c                       |   2 +-
 drivers/regulator/max77693.c                       |   2 +-
 drivers/regulator/max77802.c                       | 152 +++++++++++++++------
 drivers/regulator/of_regulator.c                   |  40 +++++-
 drivers/regulator/rk808-regulator.c                |  57 +++++++-
 drivers/regulator/rn5t618-regulator.c              |  51 +------
 drivers/regulator/s2mpa01.c                        |   2 +-
 drivers/regulator/s2mps11.c                        |   2 +-
 drivers/regulator/sky81452-regulator.c             |   1 -
 include/dt-bindings/regulator/maxim,max77802.h     |  18 +++
 include/linux/mfd/max77686.h                       |   7 -
 include/linux/regulator/consumer.h                 |   2 +-
 include/linux/regulator/driver.h                   |   4 +
 20 files changed, 317 insertions(+), 107 deletions(-)
 create mode 100644 Documentation/devicetree/bindings/power/poweroff.txt
 create mode 100644 include/dt-bindings/regulator/maxim,max77802.h
Merging security/next (594081ee7145 integrity: do zero padding of the key id)
$ git merge security/next
Already up-to-date.
Merging integrity/next (1b68bdf9cded ima: detect violations for mmaped files)
$ git merge integrity/next
Already up-to-date.
Merging selinux/next (4093a8443941 selinux: normalize audit log formatting)
$ git merge selinux/next
Already up-to-date.
Merging lblnet/next (d8ec26d7f828 Linux 3.13)
$ git merge lblnet/next
Already up-to-date.
Merging watchdog/master (d2aa9ba6cdf4 watchdog: meson: remove magic value for reboot)
$ git merge watchdog/master
Merge made by the 'recursive' strategy.
Merging iommu/next (f34b4fa45e28 Merge branches 'arm/omap' and 'arm/msm' into next)
$ git merge iommu/next
Removing drivers/iommu/omap-iommu2.c
Merge made by the 'recursive' strategy.
 drivers/iommu/Kconfig            |  12 +-
 drivers/iommu/Makefile           |   1 -
 drivers/iommu/msm_iommu.c        |   3 +-
 drivers/iommu/msm_iommu_dev.c    |   6 +-
 drivers/iommu/omap-iommu-debug.c | 242 ++++++++--------------------
 drivers/iommu/omap-iommu.c       | 306 ++++++++++++++++++++++-------------
 drivers/iommu/omap-iommu.h       |  98 ++++++------
 drivers/iommu/omap-iommu2.c      | 337 ---------------------------------------
 8 files changed, 315 insertions(+), 690 deletions(-)
 delete mode 100644 drivers/iommu/omap-iommu2.c
Merging dwmw2-iommu/master (1860e379875d Linux 3.15)
$ git merge dwmw2-iommu/master
Already up-to-date.
Merging vfio/next (93899a679fd6 vfio-pci: Fix remove path locking)
$ git merge vfio/next
Already up-to-date.
Merging osd/linux-next (1fa3a002b254 Boaz Harrosh - fix email in Documentation)
$ git merge osd/linux-next
Already up-to-date.
Merging jc_docs/docs-next (371aedbfbba5 Documentation: Restrict TSC test code to x86)
$ git merge jc_docs/docs-next
Auto-merging Documentation/kernel-parameters.txt
Merge made by the 'recursive' strategy.
 Documentation/ABI/testing/sysfs-ibft                     |  2 +-
 Documentation/DocBook/media/Makefile                     |  2 +-
 Documentation/devicetree/bindings/submitting-patches.txt |  3 +++
 Documentation/kernel-parameters.txt                      | 14 ++++++++++++++
 Documentation/kmemleak.txt                               |  4 ++++
 Documentation/prctl/Makefile                             |  2 +-
 Documentation/vDSO/Makefile                              |  3 +++
 Documentation/vDSO/vdso_standalone_test_x86.c            |  2 +-
 Documentation/vm/hugetlbpage.txt                         |  2 +-
 9 files changed, 29 insertions(+), 5 deletions(-)
Merging trivial/for-next (7bb38d57fd75 Remove MN10300_PROC_MN2WS0038)
$ git merge trivial/for-next
Already up-to-date.
Merging audit/next (915f389d9c52 audit: add Paul Moore to the MAINTAINERS entry)
$ git merge audit/next
Auto-merging MAINTAINERS
Merge made by the 'recursive' strategy.
 MAINTAINERS | 5 +++--
 1 file changed, 3 insertions(+), 2 deletions(-)
Merging fsnotify/for-next (1ca39ab9d21a inotify: automatically restart syscalls)
$ git merge fsnotify/for-next
Already up-to-date.
Merging devicetree/devicetree/next (2118f4b8dfc6 of/selftest: Move hash table off stack to fix large frame size)
$ git merge devicetree/devicetree/next
Already up-to-date.
Merging dt-rh/for-next (d22e9131187d of: add vendor prefix for Chipidea)
$ git merge dt-rh/for-next
Already up-to-date.
Merging mailbox/mailbox-for-next (9f3e3cacb2ff dt: mailbox: add generic bindings)
$ git merge mailbox/mailbox-for-next
Already up-to-date.
Merging spi/for-next (625edad74872 Merge remote-tracking branches 'spi/topic/atmel', 'spi/topic/dw' and 'spi/topic/fsl-dspi' into spi-next)
$ git merge spi/for-next
Merge made by the 'recursive' strategy.
 drivers/spi/spi-atmel.c    | 72 +++++++++++++++++++++++++++++++++++-----------
 drivers/spi/spi-fsl-dspi.c |  3 +-
 2 files changed, 56 insertions(+), 19 deletions(-)
Merging tip/auto-latest (4f5df9aee3c6 Merge branch 'x86/vdso')
$ git merge tip/auto-latest
Auto-merging arch/x86/Kconfig
Merge made by the 'recursive' strategy.
 arch/powerpc/perf/hv-24x7.c          |   6 -
 arch/powerpc/perf/hv-gpci.c          |   6 -
 arch/s390/kernel/perf_cpum_sf.c      |   6 -
 arch/x86/Kconfig                     |   4 +
 arch/x86/include/asm/io_apic.h       |   2 -
 arch/x86/include/asm/mmu_context.h   |  11 +-
 arch/x86/include/asm/pci_x86.h       |   2 +
 arch/x86/include/asm/preempt.h       |   4 +-
 arch/x86/include/asm/switch_to.h     |  12 +-
 arch/x86/include/asm/vvar.h          |   1 -
 arch/x86/kernel/acpi/boot.c          |  14 +-
 arch/x86/kernel/apic/apic.c          |   4 +-
 arch/x86/kernel/apic/io_apic.c       |  12 --
 arch/x86/kernel/asm-offsets_64.c     |   1 -
 arch/x86/kernel/cpu/Makefile         |   7 +-
 arch/x86/kernel/cpu/perf_event.c     |   5 +-
 arch/x86/kernel/cpuid.c              |   2 +-
 arch/x86/kernel/entry_32.S           |  15 +-
 arch/x86/kernel/i8259.c              |   3 +-
 arch/x86/kernel/irqinit.c            |   3 +-
 arch/x86/kernel/msr.c                |  11 +-
 arch/x86/kernel/setup.c              |   2 +-
 arch/x86/kernel/smpboot.c            |   4 +-
 arch/x86/kernel/sysfb.c              |   2 +-
 arch/x86/kernel/sysfb_simplefb.c     |   5 +-
 arch/x86/kernel/time.c               |   2 +-
 arch/x86/kernel/tsc.c                |   5 +-
 arch/x86/kernel/vsyscall_64.c        |  82 +++++------
 arch/x86/mm/init_64.c                |  49 -------
 arch/x86/pci/irq.c                   |  12 ++
 arch/x86/purgatory/Makefile          |   1 +
 arch/x86/vdso/vgetcpu.c              |   1 -
 arch/x86/vdso/vma.c                  |  85 ++++++++---
 drivers/clocksource/arm_arch_timer.c |   6 +-
 drivers/tty/n_tty.c                  |  17 +--
 fs/notify/inotify/inotify_user.c     |   9 +-
 include/asm-generic/preempt.h        |   3 -
 include/linux/compiler-gcc4.h        |   1 -
 include/linux/compiler-gcc5.h        |   1 -
 include/linux/kernel.h               |   5 +
 include/linux/sched.h                |  56 +++++++-
 include/linux/wait.h                 |  23 ++-
 include/net/sock.h                   |   1 +
 include/trace/events/sched.h         |   9 +-
 include/uapi/linux/perf_event.h      |  14 +-
 include/uapi/linux/sched.h           |   2 +-
 kernel/context_tracking.c            |  40 ------
 kernel/cpuset.c                      |  23 +--
 kernel/events/core.c                 |  15 +-
 kernel/events/hw_breakpoint.c        |   7 -
 kernel/exit.c                        |   5 +
 kernel/futex.c                       |  36 +++--
 kernel/locking/mutex.c               |   8 +-
 kernel/module.c                      |  30 +++-
 kernel/sched/core.c                  | 263 ++++++++++++++++++++++++++++-------
 kernel/sched/deadline.c              |  74 ++++++++--
 kernel/sched/fair.c                  | 251 +++++++++++++++++++++++++++++----
 kernel/sched/sched.h                 |  30 ++++
 kernel/sched/wait.c                  |  61 ++++++++
 kernel/smpboot.c                     |  15 +-
 kernel/sysctl.c                      |   3 +-
 kernel/time/clockevents.c            |   2 +-
 kernel/time/posix-timers.c           |   1 +
 tools/perf/builtin-diff.c            |   5 +
 64 files changed, 971 insertions(+), 426 deletions(-)
Merging clockevents/clockevents/next (b0ad5917960c ARM/ARM64: arch-timer: fix arch_timer_probed logic)
$ git merge clockevents/clockevents/next
Merge made by the 'recursive' strategy.
Merging edac/linux_next (d0585cd815fa sb_edac: Claim a different PCI device)
$ git merge edac/linux_next
Already up-to-date.
Merging edac-amd/for-next (5c43cbdf78b5 {mv64x60,ppc4xx}_edac,: Remove deprecated IRQF_DISABLED)
$ git merge edac-amd/for-next
Merge made by the 'recursive' strategy.
 arch/x86/kernel/amd_nb.c    |  2 ++
 drivers/edac/edac_mc.c      | 40 ++++++++++++++++++++--------------------
 drivers/edac/mv64x60_edac.c |  8 ++++----
 drivers/edac/ppc4xx_edac.c  |  4 ++--
 include/linux/edac.h        |  4 +++-
 include/linux/pci_ids.h     |  2 ++
 6 files changed, 33 insertions(+), 27 deletions(-)
Merging irqchip/irqchip/for-next (3bbccffba8d5 Merge branch 'irqchip/core' into irqchip/for-next)
$ git merge irqchip/irqchip/for-next
Auto-merging drivers/irqchip/irq-armada-370-xp.c
Merge made by the 'recursive' strategy.
 drivers/irqchip/irq-armada-370-xp.c | 23 +++++++++++++++++------
 1 file changed, 17 insertions(+), 6 deletions(-)
Merging tiny/tiny/next (d45461ff03ad Merge branches 'tiny/bloat-o-meter-no-SyS', 'tiny/more-procless', 'tiny/no-advice', 'tiny/tinyconfig' and 'tiny/x86-boot-compressed-use-yn' into tiny/next)
$ git merge tiny/tiny/next
Merge made by the 'recursive' strategy.
Merging ftrace/for-next (70c738a64478 Merge branch 'trace/ftrace/testing' into trace/for-next)
$ git merge ftrace/for-next
Already up-to-date!
Merge made by the 'recursive' strategy.
Merging rcu/rcu/next (f120000b06ab Merge branch 'torture.2014.10.28d' into HEAD)
$ git merge rcu/rcu/next
Removing tools/testing/selftests/rcutorture/configs/rcu/v3.5/ver_functions.sh
Removing tools/testing/selftests/rcutorture/configs/rcu/v3.5/PT2-NH
Removing tools/testing/selftests/rcutorture/configs/rcu/v3.5/PT1-nh
Removing tools/testing/selftests/rcutorture/configs/rcu/v3.5/P5-U-T-NH-sd-SMP-hp
Removing tools/testing/selftests/rcutorture/configs/rcu/v3.5/P4-A-t-NH-sd-SMP-HP
Removing tools/testing/selftests/rcutorture/configs/rcu/v3.5/P3-3-T-nh-SD-SMP-hp
Removing tools/testing/selftests/rcutorture/configs/rcu/v3.5/P2-2-t-nh-sd-SMP-hp
Removing tools/testing/selftests/rcutorture/configs/rcu/v3.5/P1-S-T-NH-SD-SMP-HP
Removing tools/testing/selftests/rcutorture/configs/rcu/v3.5/NT3-NH
Removing tools/testing/selftests/rcutorture/configs/rcu/v3.5/NT1-nh
Removing tools/testing/selftests/rcutorture/configs/rcu/v3.5/N5-U-T-NH-sd-SMP-hp
Removing tools/testing/selftests/rcutorture/configs/rcu/v3.5/N4-A-t-NH-sd-SMP-HP
Removing tools/testing/selftests/rcutorture/configs/rcu/v3.5/N3-3-T-nh-SD-SMP-hp
Removing tools/testing/selftests/rcutorture/configs/rcu/v3.5/N2-2-t-nh-sd-SMP-hp
Removing tools/testing/selftests/rcutorture/configs/rcu/v3.5/N1-S-T-NH-SD-SMP-HP
Removing tools/testing/selftests/rcutorture/configs/rcu/v3.5/CFLIST
Removing tools/testing/selftests/rcutorture/configs/rcu/v3.3/ver_functions.sh
Removing tools/testing/selftests/rcutorture/configs/rcu/v3.3/PT2-NH
Removing tools/testing/selftests/rcutorture/configs/rcu/v3.3/PT1-nh
Removing tools/testing/selftests/rcutorture/configs/rcu/v3.3/P5-U-T-NH-sd-SMP-hp
Removing tools/testing/selftests/rcutorture/configs/rcu/v3.3/P4-A-t-NH-sd-SMP-HP
Removing tools/testing/selftests/rcutorture/configs/rcu/v3.3/P3-3-T-nh-SD-SMP-hp
Removing tools/testing/selftests/rcutorture/configs/rcu/v3.3/P2-2-t-nh-sd-SMP-hp
Removing tools/testing/selftests/rcutorture/configs/rcu/v3.3/P1-S-T-NH-SD-SMP-HP
Removing tools/testing/selftests/rcutorture/configs/rcu/v3.3/NT3-NH
Removing tools/testing/selftests/rcutorture/configs/rcu/v3.3/NT1-nh
Removing tools/testing/selftests/rcutorture/configs/rcu/v3.3/N5-U-T-NH-sd-SMP-hp
Removing tools/testing/selftests/rcutorture/configs/rcu/v3.3/N4-A-t-NH-sd-SMP-HP
Removing tools/testing/selftests/rcutorture/configs/rcu/v3.3/N3-3-T-nh-SD-SMP-hp
Removing tools/testing/selftests/rcutorture/configs/rcu/v3.3/N2-2-t-nh-sd-SMP-hp
Removing tools/testing/selftests/rcutorture/configs/rcu/v3.3/N1-S-T-NH-SD-SMP-HP
Removing tools/testing/selftests/rcutorture/configs/rcu/v3.3/CFLIST
Removing tools/testing/selftests/rcutorture/configs/rcu/v3.12/PT2-NH
Removing tools/testing/selftests/rcutorture/configs/rcu/v3.12/PT1-nh
Removing tools/testing/selftests/rcutorture/configs/rcu/v3.12/P7-4-T-NH-SD-SMP-hp
Removing tools/testing/selftests/rcutorture/configs/rcu/v3.12/P7-4-T-NH-SD-SMP-HP-none
Removing tools/testing/selftests/rcutorture/configs/rcu/v3.12/P7-4-T-NH-SD-SMP-HP-all
Removing tools/testing/selftests/rcutorture/configs/rcu/v3.12/P7-4-T-NH-SD-SMP-HP
Removing tools/testing/selftests/rcutorture/configs/rcu/v3.12/P6---t-nh-SD-smp-hp
Removing tools/testing/selftests/rcutorture/configs/rcu/v3.12/P5-U-T-NH-sd-SMP-hp
Removing tools/testing/selftests/rcutorture/configs/rcu/v3.12/P4-A-t-NH-sd-SMP-HP
Removing tools/testing/selftests/rcutorture/configs/rcu/v3.12/P3-3-T-nh-SD-SMP-hp
Removing tools/testing/selftests/rcutorture/configs/rcu/v3.12/P2-2-t-nh-sd-SMP-hp
Removing tools/testing/selftests/rcutorture/configs/rcu/v3.12/P1-S-T-NH-SD-SMP-HP
Removing tools/testing/selftests/rcutorture/configs/rcu/v3.12/NT3-NH
Removing tools/testing/selftests/rcutorture/configs/rcu/v3.12/NT1-nh
Removing tools/testing/selftests/rcutorture/configs/rcu/v3.12/N8-2-T-NH-SD-SMP-HP
Removing tools/testing/selftests/rcutorture/configs/rcu/v3.12/N7-4-T-NH-SD-SMP-HP
Removing tools/testing/selftests/rcutorture/configs/rcu/v3.12/N6---t-nh-SD-smp-hp
Removing tools/testing/selftests/rcutorture/configs/rcu/v3.12/N5-U-T-NH-sd-SMP-hp
Removing tools/testing/selftests/rcutorture/configs/rcu/v3.12/N4-A-t-NH-sd-SMP-HP
Removing tools/testing/selftests/rcutorture/configs/rcu/v3.12/N3-3-T-nh-SD-SMP-hp
Removing tools/testing/selftests/rcutorture/configs/rcu/v3.12/N2-2-t-nh-sd-SMP-hp
Removing tools/testing/selftests/rcutorture/configs/rcu/v3.12/N1-S-T-NH-SD-SMP-HP
Removing tools/testing/selftests/rcutorture/configs/rcu/v3.12/CFLIST
Removing tools/testing/selftests/rcutorture/configs/rcu/v0.0/ver_functions.sh
Removing tools/testing/selftests/rcutorture/configs/rcu/v0.0/PT2-NH
Removing tools/testing/selftests/rcutorture/configs/rcu/v0.0/PT1-nh
Removing tools/testing/selftests/rcutorture/configs/rcu/v0.0/P5-U-T-NH-sd-SMP-hp
Removing tools/testing/selftests/rcutorture/configs/rcu/v0.0/P4-A-t-NH-sd-SMP-HP
Removing tools/testing/selftests/rcutorture/configs/rcu/v0.0/P3-3-T-nh-SD-SMP-hp
Removing tools/testing/selftests/rcutorture/configs/rcu/v0.0/P2-2-t-nh-sd-SMP-hp
Removing tools/testing/selftests/rcutorture/configs/rcu/v0.0/P1-S-T-NH-SD-SMP-HP
Removing tools/testing/selftests/rcutorture/configs/rcu/v0.0/NT3-NH
Removing tools/testing/selftests/rcutorture/configs/rcu/v0.0/NT1-nh
Removing tools/testing/selftests/rcutorture/configs/rcu/v0.0/N5-U-T-NH-sd-SMP-hp
Removing tools/testing/selftests/rcutorture/configs/rcu/v0.0/N4-A-t-NH-sd-SMP-HP
Removing tools/testing/selftests/rcutorture/configs/rcu/v0.0/N3-3-T-nh-SD-SMP-hp
Removing tools/testing/selftests/rcutorture/configs/rcu/v0.0/N2-2-t-nh-sd-SMP-hp
Removing tools/testing/selftests/rcutorture/configs/rcu/v0.0/N1-S-T-NH-SD-SMP-HP
Removing tools/testing/selftests/rcutorture/configs/rcu/v0.0/CFLIST
Auto-merging lib/Kconfig.debug
Auto-merging kernel/sched/core.c
Auto-merging init/Kconfig
Auto-merging include/linux/sched.h
Auto-merging drivers/md/dm.c
Auto-merging Documentation/kernel-parameters.txt
Merge made by the 'recursive' strategy.
 Documentation/RCU/rcu.txt                          |   4 +-
 Documentation/RCU/stallwarn.txt                    |  14 +-
 Documentation/RCU/trace.txt                        |   4 +-
 Documentation/RCU/whatisRCU.txt                    |   2 +-
 Documentation/atomic_ops.txt                       |  12 +-
 Documentation/kernel-parameters.txt                |  15 +++
 Documentation/memory-barriers.txt                  |  71 ++++++++--
 drivers/md/dm.c                                    |  10 +-
 include/linux/compiler.h                           |   2 +-
 include/linux/init_task.h                          |   2 +-
 include/linux/rcupdate.h                           |  34 +++--
 include/linux/rcutiny.h                            |   2 +-
 include/linux/rcutree.h                            |   6 +-
 include/linux/sched.h                              |   4 +-
 include/trace/events/rcu.h                         |  22 ++--
 init/Kconfig                                       |  49 +++----
 kernel/cpu.c                                       |  21 ++-
 kernel/fork.c                                      |   5 +-
 kernel/rcu/Makefile                                |   2 +-
 kernel/rcu/rcu.h                                   |   2 +
 kernel/rcu/rcutorture.c                            |   1 +
 kernel/rcu/tiny.c                                  |   6 +-
 kernel/rcu/tree.c                                  | 112 +++++++++-------
 kernel/rcu/tree.h                                  |  23 ++--
 kernel/rcu/tree_plugin.h                           | 144 +++++++++++++--------
 kernel/rcu/update.c                                |  89 ++++++++++++-
 kernel/sched/core.c                                |   2 +-
 kernel/signal.c                                    |  42 +++---
 kernel/softirq.c                                   |   2 +-
 kernel/time/tick-sched.c                           |   2 +-
 kernel/time/timer.c                                |   3 +-
 lib/Kconfig.debug                                  |  14 +-
 .../selftests/rcutorture/bin/kvm-test-1-run.sh     |   6 +-
 tools/testing/selftests/rcutorture/bin/kvm.sh      |  19 +--
 .../selftests/rcutorture/configs/rcu/TINY02        |   2 +
 .../selftests/rcutorture/configs/rcu/TINY02.boot   |   2 +
 .../selftests/rcutorture/configs/rcu/TREE01        |   3 +-
 .../selftests/rcutorture/configs/rcu/TREE02        |   3 +-
 .../selftests/rcutorture/configs/rcu/TREE02-T      |   3 +-
 .../selftests/rcutorture/configs/rcu/TREE03        |   5 +-
 .../selftests/rcutorture/configs/rcu/TREE04        |   1 -
 .../selftests/rcutorture/configs/rcu/TREE05        |   1 -
 .../selftests/rcutorture/configs/rcu/TREE05.boot   |   1 +
 .../selftests/rcutorture/configs/rcu/TREE06        |   1 -
 .../selftests/rcutorture/configs/rcu/TREE06.boot   |   3 +
 .../selftests/rcutorture/configs/rcu/TREE07        |   1 -
 .../selftests/rcutorture/configs/rcu/TREE08        |   5 +-
 .../selftests/rcutorture/configs/rcu/TREE08-T      |   3 +-
 .../selftests/rcutorture/configs/rcu/TREE08.boot   |   2 +
 .../selftests/rcutorture/configs/rcu/TREE09        |   3 +-
 .../selftests/rcutorture/configs/rcu/v0.0/CFLIST   |  14 --
 .../configs/rcu/v0.0/N1-S-T-NH-SD-SMP-HP           |  18 ---
 .../configs/rcu/v0.0/N2-2-t-nh-sd-SMP-hp           |  20 ---
 .../configs/rcu/v0.0/N3-3-T-nh-SD-SMP-hp           |  22 ----
 .../configs/rcu/v0.0/N4-A-t-NH-sd-SMP-HP           |  18 ---
 .../configs/rcu/v0.0/N5-U-T-NH-sd-SMP-hp           |  22 ----
 .../selftests/rcutorture/configs/rcu/v0.0/NT1-nh   |  23 ----
 .../selftests/rcutorture/configs/rcu/v0.0/NT3-NH   |  20 ---
 .../configs/rcu/v0.0/P1-S-T-NH-SD-SMP-HP           |  19 ---
 .../configs/rcu/v0.0/P2-2-t-nh-sd-SMP-hp           |  20 ---
 .../configs/rcu/v0.0/P3-3-T-nh-SD-SMP-hp           |  20 ---
 .../configs/rcu/v0.0/P4-A-t-NH-sd-SMP-HP           |  22 ----
 .../configs/rcu/v0.0/P5-U-T-NH-sd-SMP-hp           |  27 ----
 .../selftests/rcutorture/configs/rcu/v0.0/PT1-nh   |  23 ----
 .../selftests/rcutorture/configs/rcu/v0.0/PT2-NH   |  22 ----
 .../rcutorture/configs/rcu/v0.0/ver_functions.sh   |  33 -----
 .../selftests/rcutorture/configs/rcu/v3.12/CFLIST  |  17 ---
 .../configs/rcu/v3.12/N1-S-T-NH-SD-SMP-HP          |  19 ---
 .../configs/rcu/v3.12/N2-2-t-nh-sd-SMP-hp          |  20 ---
 .../configs/rcu/v3.12/N3-3-T-nh-SD-SMP-hp          |  22 ----
 .../configs/rcu/v3.12/N4-A-t-NH-sd-SMP-HP          |  18 ---
 .../configs/rcu/v3.12/N5-U-T-NH-sd-SMP-hp          |  22 ----
 .../configs/rcu/v3.12/N6---t-nh-SD-smp-hp          |  19 ---
 .../configs/rcu/v3.12/N7-4-T-NH-SD-SMP-HP          |  26 ----
 .../configs/rcu/v3.12/N8-2-T-NH-SD-SMP-HP          |  22 ----
 .../selftests/rcutorture/configs/rcu/v3.12/NT1-nh  |  23 ----
 .../selftests/rcutorture/configs/rcu/v3.12/NT3-NH  |  20 ---
 .../configs/rcu/v3.12/P1-S-T-NH-SD-SMP-HP          |  20 ---
 .../configs/rcu/v3.12/P2-2-t-nh-sd-SMP-hp          |  20 ---
 .../configs/rcu/v3.12/P3-3-T-nh-SD-SMP-hp          |  20 ---
 .../configs/rcu/v3.12/P4-A-t-NH-sd-SMP-HP          |  22 ----
 .../configs/rcu/v3.12/P5-U-T-NH-sd-SMP-hp          |  27 ----
 .../configs/rcu/v3.12/P6---t-nh-SD-smp-hp          |  18 ---
 .../configs/rcu/v3.12/P7-4-T-NH-SD-SMP-HP          |  30 -----
 .../configs/rcu/v3.12/P7-4-T-NH-SD-SMP-HP-all      |  30 -----
 .../configs/rcu/v3.12/P7-4-T-NH-SD-SMP-HP-none     |  30 -----
 .../configs/rcu/v3.12/P7-4-T-NH-SD-SMP-hp          |  30 -----
 .../selftests/rcutorture/configs/rcu/v3.12/PT1-nh  |  23 ----
 .../selftests/rcutorture/configs/rcu/v3.12/PT2-NH  |  22 ----
 .../selftests/rcutorture/configs/rcu/v3.3/CFLIST   |  14 --
 .../configs/rcu/v3.3/N1-S-T-NH-SD-SMP-HP           |  19 ---
 .../configs/rcu/v3.3/N2-2-t-nh-sd-SMP-hp           |  20 ---
 .../configs/rcu/v3.3/N3-3-T-nh-SD-SMP-hp           |  22 ----
 .../configs/rcu/v3.3/N4-A-t-NH-sd-SMP-HP           |  18 ---
 .../configs/rcu/v3.3/N5-U-T-NH-sd-SMP-hp           |  22 ----
 .../selftests/rcutorture/configs/rcu/v3.3/NT1-nh   |  23 ----
 .../selftests/rcutorture/configs/rcu/v3.3/NT3-NH   |  20 ---
 .../configs/rcu/v3.3/P1-S-T-NH-SD-SMP-HP           |  20 ---
 .../configs/rcu/v3.3/P2-2-t-nh-sd-SMP-hp           |  20 ---
 .../configs/rcu/v3.3/P3-3-T-nh-SD-SMP-hp           |  20 ---
 .../configs/rcu/v3.3/P4-A-t-NH-sd-SMP-HP           |  22 ----
 .../configs/rcu/v3.3/P5-U-T-NH-sd-SMP-hp           |  27 ----
 .../selftests/rcutorture/configs/rcu/v3.3/PT1-nh   |  23 ----
 .../selftests/rcutorture/configs/rcu/v3.3/PT2-NH   |  22 ----
 .../rcutorture/configs/rcu/v3.3/ver_functions.sh   |  44 -------
 .../selftests/rcutorture/configs/rcu/v3.5/CFLIST   |  14 --
 .../configs/rcu/v3.5/N1-S-T-NH-SD-SMP-HP           |  19 ---
 .../configs/rcu/v3.5/N2-2-t-nh-sd-SMP-hp           |  20 ---
 .../configs/rcu/v3.5/N3-3-T-nh-SD-SMP-hp           |  22 ----
 .../configs/rcu/v3.5/N4-A-t-NH-sd-SMP-HP           |  18 ---
 .../configs/rcu/v3.5/N5-U-T-NH-sd-SMP-hp           |  22 ----
 .../selftests/rcutorture/configs/rcu/v3.5/NT1-nh   |  23 ----
 .../selftests/rcutorture/configs/rcu/v3.5/NT3-NH   |  20 ---
 .../configs/rcu/v3.5/P1-S-T-NH-SD-SMP-HP           |  20 ---
 .../configs/rcu/v3.5/P2-2-t-nh-sd-SMP-hp           |  20 ---
 .../configs/rcu/v3.5/P3-3-T-nh-SD-SMP-hp           |  20 ---
 .../configs/rcu/v3.5/P4-A-t-NH-sd-SMP-HP           |  22 ----
 .../configs/rcu/v3.5/P5-U-T-NH-sd-SMP-hp           |  27 ----
 .../selftests/rcutorture/configs/rcu/v3.5/PT1-nh   |  23 ----
 .../selftests/rcutorture/configs/rcu/v3.5/PT2-NH   |  22 ----
 .../rcutorture/configs/rcu/v3.5/ver_functions.sh   |  57 --------
 .../testing/selftests/rcutorture/doc/TINY_RCU.txt  |   2 +-
 .../selftests/rcutorture/doc/TREE_RCU-kconfig.txt  |  15 +--
 123 files changed, 519 insertions(+), 1873 deletions(-)
 create mode 100644 tools/testing/selftests/rcutorture/configs/rcu/TINY02.boot
 create mode 100644 tools/testing/selftests/rcutorture/configs/rcu/TREE06.boot
 delete mode 100644 tools/testing/selftests/rcutorture/configs/rcu/v0.0/CFLIST
 delete mode 100644 tools/testing/selftests/rcutorture/configs/rcu/v0.0/N1-S-T-NH-SD-SMP-HP
 delete mode 100644 tools/testing/selftests/rcutorture/configs/rcu/v0.0/N2-2-t-nh-sd-SMP-hp
 delete mode 100644 tools/testing/selftests/rcutorture/configs/rcu/v0.0/N3-3-T-nh-SD-SMP-hp
 delete mode 100644 tools/testing/selftests/rcutorture/configs/rcu/v0.0/N4-A-t-NH-sd-SMP-HP
 delete mode 100644 tools/testing/selftests/rcutorture/configs/rcu/v0.0/N5-U-T-NH-sd-SMP-hp
 delete mode 100644 tools/testing/selftests/rcutorture/configs/rcu/v0.0/NT1-nh
 delete mode 100644 tools/testing/selftests/rcutorture/configs/rcu/v0.0/NT3-NH
 delete mode 100644 tools/testing/selftests/rcutorture/configs/rcu/v0.0/P1-S-T-NH-SD-SMP-HP
 delete mode 100644 tools/testing/selftests/rcutorture/configs/rcu/v0.0/P2-2-t-nh-sd-SMP-hp
 delete mode 100644 tools/testing/selftests/rcutorture/configs/rcu/v0.0/P3-3-T-nh-SD-SMP-hp
 delete mode 100644 tools/testing/selftests/rcutorture/configs/rcu/v0.0/P4-A-t-NH-sd-SMP-HP
 delete mode 100644 tools/testing/selftests/rcutorture/configs/rcu/v0.0/P5-U-T-NH-sd-SMP-hp
 delete mode 100644 tools/testing/selftests/rcutorture/configs/rcu/v0.0/PT1-nh
 delete mode 100644 tools/testing/selftests/rcutorture/configs/rcu/v0.0/PT2-NH
 delete mode 100644 tools/testing/selftests/rcutorture/configs/rcu/v0.0/ver_functions.sh
 delete mode 100644 tools/testing/selftests/rcutorture/configs/rcu/v3.12/CFLIST
 delete mode 100644 tools/testing/selftests/rcutorture/configs/rcu/v3.12/N1-S-T-NH-SD-SMP-HP
 delete mode 100644 tools/testing/selftests/rcutorture/configs/rcu/v3.12/N2-2-t-nh-sd-SMP-hp
 delete mode 100644 tools/testing/selftests/rcutorture/configs/rcu/v3.12/N3-3-T-nh-SD-SMP-hp
 delete mode 100644 tools/testing/selftests/rcutorture/configs/rcu/v3.12/N4-A-t-NH-sd-SMP-HP
 delete mode 100644 tools/testing/selftests/rcutorture/configs/rcu/v3.12/N5-U-T-NH-sd-SMP-hp
 delete mode 100644 tools/testing/selftests/rcutorture/configs/rcu/v3.12/N6---t-nh-SD-smp-hp
 delete mode 100644 tools/testing/selftests/rcutorture/configs/rcu/v3.12/N7-4-T-NH-SD-SMP-HP
 delete mode 100644 tools/testing/selftests/rcutorture/configs/rcu/v3.12/N8-2-T-NH-SD-SMP-HP
 delete mode 100644 tools/testing/selftests/rcutorture/configs/rcu/v3.12/NT1-nh
 delete mode 100644 tools/testing/selftests/rcutorture/configs/rcu/v3.12/NT3-NH
 delete mode 100644 tools/testing/selftests/rcutorture/configs/rcu/v3.12/P1-S-T-NH-SD-SMP-HP
 delete mode 100644 tools/testing/selftests/rcutorture/configs/rcu/v3.12/P2-2-t-nh-sd-SMP-hp
 delete mode 100644 tools/testing/selftests/rcutorture/configs/rcu/v3.12/P3-3-T-nh-SD-SMP-hp
 delete mode 100644 tools/testing/selftests/rcutorture/configs/rcu/v3.12/P4-A-t-NH-sd-SMP-HP
 delete mode 100644 tools/testing/selftests/rcutorture/configs/rcu/v3.12/P5-U-T-NH-sd-SMP-hp
 delete mode 100644 tools/testing/selftests/rcutorture/configs/rcu/v3.12/P6---t-nh-SD-smp-hp
 delete mode 100644 tools/testing/selftests/rcutorture/configs/rcu/v3.12/P7-4-T-NH-SD-SMP-HP
 delete mode 100644 tools/testing/selftests/rcutorture/configs/rcu/v3.12/P7-4-T-NH-SD-SMP-HP-all
 delete mode 100644 tools/testing/selftests/rcutorture/configs/rcu/v3.12/P7-4-T-NH-SD-SMP-HP-none
 delete mode 100644 tools/testing/selftests/rcutorture/configs/rcu/v3.12/P7-4-T-NH-SD-SMP-hp
 delete mode 100644 tools/testing/selftests/rcutorture/configs/rcu/v3.12/PT1-nh
 delete mode 100644 tools/testing/selftests/rcutorture/configs/rcu/v3.12/PT2-NH
 delete mode 100644 tools/testing/selftests/rcutorture/configs/rcu/v3.3/CFLIST
 delete mode 100644 tools/testing/selftests/rcutorture/configs/rcu/v3.3/N1-S-T-NH-SD-SMP-HP
 delete mode 100644 tools/testing/selftests/rcutorture/configs/rcu/v3.3/N2-2-t-nh-sd-SMP-hp
 delete mode 100644 tools/testing/selftests/rcutorture/configs/rcu/v3.3/N3-3-T-nh-SD-SMP-hp
 delete mode 100644 tools/testing/selftests/rcutorture/configs/rcu/v3.3/N4-A-t-NH-sd-SMP-HP
 delete mode 100644 tools/testing/selftests/rcutorture/configs/rcu/v3.3/N5-U-T-NH-sd-SMP-hp
 delete mode 100644 tools/testing/selftests/rcutorture/configs/rcu/v3.3/NT1-nh
 delete mode 100644 tools/testing/selftests/rcutorture/configs/rcu/v3.3/NT3-NH
 delete mode 100644 tools/testing/selftests/rcutorture/configs/rcu/v3.3/P1-S-T-NH-SD-SMP-HP
 delete mode 100644 tools/testing/selftests/rcutorture/configs/rcu/v3.3/P2-2-t-nh-sd-SMP-hp
 delete mode 100644 tools/testing/selftests/rcutorture/configs/rcu/v3.3/P3-3-T-nh-SD-SMP-hp
 delete mode 100644 tools/testing/selftests/rcutorture/configs/rcu/v3.3/P4-A-t-NH-sd-SMP-HP
 delete mode 100644 tools/testing/selftests/rcutorture/configs/rcu/v3.3/P5-U-T-NH-sd-SMP-hp
 delete mode 100644 tools/testing/selftests/rcutorture/configs/rcu/v3.3/PT1-nh
 delete mode 100644 tools/testing/selftests/rcutorture/configs/rcu/v3.3/PT2-NH
 delete mode 100644 tools/testing/selftests/rcutorture/configs/rcu/v3.3/ver_functions.sh
 delete mode 100644 tools/testing/selftests/rcutorture/configs/rcu/v3.5/CFLIST
 delete mode 100644 tools/testing/selftests/rcutorture/configs/rcu/v3.5/N1-S-T-NH-SD-SMP-HP
 delete mode 100644 tools/testing/selftests/rcutorture/configs/rcu/v3.5/N2-2-t-nh-sd-SMP-hp
 delete mode 100644 tools/testing/selftests/rcutorture/configs/rcu/v3.5/N3-3-T-nh-SD-SMP-hp
 delete mode 100644 tools/testing/selftests/rcutorture/configs/rcu/v3.5/N4-A-t-NH-sd-SMP-HP
 delete mode 100644 tools/testing/selftests/rcutorture/configs/rcu/v3.5/N5-U-T-NH-sd-SMP-hp
 delete mode 100644 tools/testing/selftests/rcutorture/configs/rcu/v3.5/NT1-nh
 delete mode 100644 tools/testing/selftests/rcutorture/configs/rcu/v3.5/NT3-NH
 delete mode 100644 tools/testing/selftests/rcutorture/configs/rcu/v3.5/P1-S-T-NH-SD-SMP-HP
 delete mode 100644 tools/testing/selftests/rcutorture/configs/rcu/v3.5/P2-2-t-nh-sd-SMP-hp
 delete mode 100644 tools/testing/selftests/rcutorture/configs/rcu/v3.5/P3-3-T-nh-SD-SMP-hp
 delete mode 100644 tools/testing/selftests/rcutorture/configs/rcu/v3.5/P4-A-t-NH-sd-SMP-HP
 delete mode 100644 tools/testing/selftests/rcutorture/configs/rcu/v3.5/P5-U-T-NH-sd-SMP-hp
 delete mode 100644 tools/testing/selftests/rcutorture/configs/rcu/v3.5/PT1-nh
 delete mode 100644 tools/testing/selftests/rcutorture/configs/rcu/v3.5/PT2-NH
 delete mode 100644 tools/testing/selftests/rcutorture/configs/rcu/v3.5/ver_functions.sh
Merging uprobes/for-next (0326f5a94dde uprobes/core: Handle breakpoint and singlestep exceptions)
$ git merge uprobes/for-next
Already up-to-date.
Merging kvm/linux-next (cac7f2429872 Linux 3.18-rc2)
$ git merge kvm/linux-next
Already up-to-date.
Merging kvm-arm/next (2df36a5dd679 arm/arm64: KVM: Fix BE accesses to GICv2 EISR and ELRSR regs)
$ git merge kvm-arm/next
Already up-to-date.
Merging kvm-ppc/kvm-ppc-next (8d0eff638564 KVM: PPC: Pass enum to kvmppc_get_last_inst)
$ git merge kvm-ppc/kvm-ppc-next
Already up-to-date.
Merging oprofile/for-next (6ce4eac1f600 Linux 3.13-rc1)
$ git merge oprofile/for-next
Already up-to-date.
Merging fw-nohz/nohz/next (74876a98a87a printk: Wake up klogd using irq_work)
$ git merge fw-nohz/nohz/next
Already up-to-date.
Merging xen-tip/linux-next (63401a5dca18 Merge branch 'hypercall_cache_flush_v5' into xentip-linux-next-7)
$ git merge xen-tip/linux-next
Removing arch/arm/xen/mm32.c
Merge made by the 'recursive' strategy.
 arch/arm/include/asm/xen/page-coherent.h   |   5 +
 arch/arm/include/asm/xen/page.h            |   4 +
 arch/arm/xen/Makefile                      |   2 +-
 arch/arm/xen/enlighten.c                   |   5 -
 arch/arm/xen/mm.c                          | 160 +++++++++++++++++++++++
 arch/arm/xen/mm32.c                        | 202 -----------------------------
 arch/arm64/include/asm/xen/page-coherent.h |  25 ++--
 arch/x86/include/asm/xen/page.h            |   7 +
 drivers/xen/swiotlb-xen.c                  |   5 +-
 include/xen/interface/features.h           |   3 -
 include/xen/interface/grant_table.h        |  19 +++
 11 files changed, 213 insertions(+), 224 deletions(-)
 delete mode 100644 arch/arm/xen/mm32.c
Merging percpu/for-next (0a15cbdaefcd Merge branch 'for-3.18' into for-next)
$ git merge percpu/for-next
Already up-to-date!
Merge made by the 'recursive' strategy.
Merging workqueues/for-next (e09c2c295468 workqueue: apply __WQ_ORDERED to create_singlethread_workqueue())
$ git merge workqueues/for-next
Already up-to-date.
Merging drivers-x86/for-next (eabde0fa9670 toshiba_acpi: Adapt kbd_bl_timeout_store to the new kbd type)
$ git merge drivers-x86/for-next
Already up-to-date.
Merging chrome-platform/for-next (5502486a2077 platform/chrome: chromeos_laptop - Add a limit for deferred retries)
$ git merge chrome-platform/for-next
Already up-to-date.
Merging sysctl/master (4e474a00d7ff sysctl: protect poll() in entries that may go away)
$ git merge sysctl/master
Already up-to-date.
Merging regmap/for-next (46f6c620e8a1 Merge remote-tracking branches 'regmap/topic/cache' and 'regmap/topic/headers' into regmap-next)
$ git merge regmap/for-next
Merge made by the 'recursive' strategy.
 drivers/base/regmap/regcache-flat.c   |  2 +-
 drivers/base/regmap/regcache-lzo.c    |  2 +-
 drivers/base/regmap/regcache-rbtree.c |  4 +--
 drivers/base/regmap/regcache.c        | 63 +++++++++++++++++++----------------
 4 files changed, 38 insertions(+), 33 deletions(-)
Merging hsi/for-next (a26a42508157 HSI: remove deprecated IRQF_DISABLED)
$ git merge hsi/for-next
Merge made by the 'recursive' strategy.
 drivers/hsi/clients/nokia-modem.c | 2 +-
 1 file changed, 1 insertion(+), 1 deletion(-)
Merging leds/for-next (a4c84e6aafda leds: gpio: cleanup the leds-gpio driver)
$ git merge leds/for-next
Already up-to-date.
Merging ipmi/for-next (ef4a48c51321 Merge tag 'locks-v3.18-1' of git://git.samba.org/jlayton/linux)
$ git merge ipmi/for-next
Already up-to-date.
Merging driver-core/driver-core-next (cac7f2429872 Linux 3.18-rc2)
$ git merge driver-core/driver-core-next
Already up-to-date.
Merging tty/tty-next (cac7f2429872 Linux 3.18-rc2)
$ git merge tty/tty-next
Already up-to-date.
Merging usb/usb-next (cac7f2429872 Linux 3.18-rc2)
$ git merge usb/usb-next
Already up-to-date.
Merging usb-gadget/next (72a65a0d19c1 Revert "usb: gadget: composite: dequeue cdev->req before free its buffer")
$ git merge usb-gadget/next
Already up-to-date.
Merging usb-serial/usb-next (5f9f975b7984 USB: serial: keyspan_pda: fix Entrega company name spelling)
$ git merge usb-serial/usb-next
Merge made by the 'recursive' strategy.
 Documentation/usb/usb-serial.txt |  2 +-
 drivers/usb/serial/Kconfig       |  4 ++--
 drivers/usb/serial/keyspan_pda.c | 16 ++++++++--------
 3 files changed, 11 insertions(+), 11 deletions(-)
Merging staging/staging-next (c650ba7377ad Staging: lustre: llite: Simplify error handling)
$ git merge staging/staging-next
Auto-merging include/uapi/linux/android/binder.h
Auto-merging include/uapi/linux/Kbuild
Auto-merging drivers/staging/comedi/comedi_fops.c
Removing drivers/staging/bcm/vendorspecificextn.h
Removing drivers/staging/bcm/vendorspecificextn.c
Removing drivers/staging/bcm/target_params.h
Removing drivers/staging/bcm/sort.c
Removing drivers/staging/bcm/nvm.h
Removing drivers/staging/bcm/nvm.c
Removing drivers/staging/bcm/led_control.h
Removing drivers/staging/bcm/led_control.c
Removing drivers/staging/bcm/hostmibs.c
Removing drivers/staging/bcm/headers.h
Removing drivers/staging/bcm/cntrl_SignalingInterface.h
Removing drivers/staging/bcm/Typedefs.h
Removing drivers/staging/bcm/Transmit.c
Removing drivers/staging/bcm/TODO
Removing drivers/staging/bcm/Queue.h
Removing drivers/staging/bcm/Qos.c
Removing drivers/staging/bcm/Prototypes.h
Removing drivers/staging/bcm/Protocol.h
Removing drivers/staging/bcm/PHSModule.h
Removing drivers/staging/bcm/PHSModule.c
Removing drivers/staging/bcm/PHSDefines.h
Removing drivers/staging/bcm/Misc.c
Removing drivers/staging/bcm/Makefile
Removing drivers/staging/bcm/Macros.h
Removing drivers/staging/bcm/LeakyBucket.c
Removing drivers/staging/bcm/Kconfig
Removing drivers/staging/bcm/Ioctl.h
Removing drivers/staging/bcm/InterfaceTx.h
Removing drivers/staging/bcm/InterfaceTx.c
Removing drivers/staging/bcm/InterfaceRx.h
Removing drivers/staging/bcm/InterfaceRx.c
Removing drivers/staging/bcm/InterfaceMisc.h
Removing drivers/staging/bcm/InterfaceMisc.c
Removing drivers/staging/bcm/InterfaceMacros.h
Removing drivers/staging/bcm/InterfaceIsr.h
Removing drivers/staging/bcm/InterfaceIsr.c
Removing drivers/staging/bcm/InterfaceInit.h
Removing drivers/staging/bcm/InterfaceInit.c
Removing drivers/staging/bcm/InterfaceIdleMode.h
Removing drivers/staging/bcm/InterfaceIdleMode.c
Removing drivers/staging/bcm/InterfaceDld.c
Removing drivers/staging/bcm/InterfaceAdapter.h
Removing drivers/staging/bcm/IPv6ProtocolHdr.h
Removing drivers/staging/bcm/IPv6Protocol.c
Removing drivers/staging/bcm/HostMIBSInterface.h
Removing drivers/staging/bcm/HandleControlPacket.c
Removing drivers/staging/bcm/Debug.h
Removing drivers/staging/bcm/DDRInit.h
Removing drivers/staging/bcm/DDRInit.c
Removing drivers/staging/bcm/CmHost.h
Removing drivers/staging/bcm/CmHost.c
Removing drivers/staging/bcm/Bcmnet.c
Removing drivers/staging/bcm/Bcmchar.c
Removing drivers/staging/bcm/Adapter.h
Removing drivers/staging/android/binder.h
Auto-merging drivers/android/binder.c
Auto-merging MAINTAINERS
Merge made by the 'recursive' strategy.
 .gitignore                                         |    4 +
 MAINTAINERS                                        |    7 -
 drivers/Kconfig                                    |    2 +
 drivers/Makefile                                   |    1 +
 drivers/android/Kconfig                            |   37 +
 drivers/android/Makefile                           |    3 +
 drivers/{staging => }/android/binder.c             |    6 +-
 drivers/{staging => }/android/binder_trace.h       |    0
 drivers/staging/Kconfig                            |    4 +-
 drivers/staging/Makefile                           |    2 +-
 drivers/staging/android/Kconfig                    |   30 -
 drivers/staging/android/Makefile                   |    1 -
 drivers/staging/android/binder.h                   |   30 -
 drivers/staging/android/ion/ion.c                  |    2 +-
 drivers/staging/android/ion/ion_page_pool.c        |    2 +-
 drivers/staging/android/timed_gpio.c               |    7 +-
 drivers/staging/bcm/Adapter.h                      |  474 --
 drivers/staging/bcm/Bcmchar.c                      | 2652 -----------
 drivers/staging/bcm/Bcmnet.c                       |  240 -
 drivers/staging/bcm/CmHost.c                       | 2254 ----------
 drivers/staging/bcm/CmHost.h                       |   62 -
 drivers/staging/bcm/DDRInit.c                      | 1355 ------
 drivers/staging/bcm/DDRInit.h                      |    9 -
 drivers/staging/bcm/Debug.h                        |  242 -
 drivers/staging/bcm/HandleControlPacket.c          |  241 -
 drivers/staging/bcm/HostMIBSInterface.h            |  192 -
 drivers/staging/bcm/IPv6Protocol.c                 |  476 --
 drivers/staging/bcm/IPv6ProtocolHdr.h              |   85 -
 drivers/staging/bcm/InterfaceAdapter.h             |   79 -
 drivers/staging/bcm/InterfaceDld.c                 |  317 --
 drivers/staging/bcm/InterfaceIdleMode.c            |  274 --
 drivers/staging/bcm/InterfaceIdleMode.h            |   15 -
 drivers/staging/bcm/InterfaceInit.c                |  729 ---
 drivers/staging/bcm/InterfaceInit.h                |   26 -
 drivers/staging/bcm/InterfaceIsr.c                 |  190 -
 drivers/staging/bcm/InterfaceIsr.h                 |   15 -
 drivers/staging/bcm/InterfaceMacros.h              |   18 -
 drivers/staging/bcm/InterfaceMisc.c                |  247 --
 drivers/staging/bcm/InterfaceMisc.h                |   42 -
 drivers/staging/bcm/InterfaceRx.c                  |  289 --
 drivers/staging/bcm/InterfaceRx.h                  |    7 -
 drivers/staging/bcm/InterfaceTx.c                  |  213 -
 drivers/staging/bcm/InterfaceTx.h                  |    7 -
 drivers/staging/bcm/Ioctl.h                        |  226 -
 drivers/staging/bcm/Kconfig                        |    6 -
 drivers/staging/bcm/LeakyBucket.c                  |  364 --
 drivers/staging/bcm/Macros.h                       |  352 --
 drivers/staging/bcm/Makefile                       |   12 -
 drivers/staging/bcm/Misc.c                         | 1587 -------
 drivers/staging/bcm/PHSDefines.h                   |   94 -
 drivers/staging/bcm/PHSModule.c                    | 1703 -------
 drivers/staging/bcm/PHSModule.h                    |   59 -
 drivers/staging/bcm/Protocol.h                     |  128 -
 drivers/staging/bcm/Prototypes.h                   |  217 -
 drivers/staging/bcm/Qos.c                          | 1200 -----
 drivers/staging/bcm/Queue.h                        |   29 -
 drivers/staging/bcm/TODO                           |   26 -
 drivers/staging/bcm/Transmit.c                     |  271 --
 drivers/staging/bcm/Typedefs.h                     |   47 -
 drivers/staging/bcm/cntrl_SignalingInterface.h     |  311 --
 drivers/staging/bcm/headers.h                      |   78 -
 drivers/staging/bcm/hostmibs.c                     |  164 -
 drivers/staging/bcm/led_control.c                  |  952 ----
 drivers/staging/bcm/led_control.h                  |   84 -
 drivers/staging/bcm/nvm.c                          | 4661 --------------------
 drivers/staging/bcm/nvm.h                          |  286 --
 drivers/staging/bcm/sort.c                         |   52 -
 drivers/staging/bcm/target_params.h                |   57 -
 drivers/staging/bcm/vendorspecificextn.c           |  145 -
 drivers/staging/bcm/vendorspecificextn.h           |   18 -
 drivers/staging/clocking-wizard/Kconfig            |    9 +
 drivers/staging/clocking-wizard/Makefile           |    1 +
 drivers/staging/clocking-wizard/TODO               |   12 +
 .../clocking-wizard/clk-xlnx-clock-wizard.c        |  335 ++
 drivers/staging/clocking-wizard/dt-binding.txt     |   30 +
 drivers/staging/comedi/comedi_fops.c               |    5 +-
 drivers/staging/comedi/drivers.c                   |    3 +-
 .../comedi/drivers/addi-data/hwdrv_apci3120.c      |   15 +-
 .../comedi/drivers/addi-data/hwdrv_apci3200.c      |    3 +-
 drivers/staging/comedi/drivers/addi_apci_1032.c    |    2 +-
 drivers/staging/comedi/drivers/addi_apci_1564.c    |    2 +-
 drivers/staging/comedi/drivers/addi_apci_2032.c    |    8 +-
 drivers/staging/comedi/drivers/addi_apci_3xxx.c    |    2 +-
 drivers/staging/comedi/drivers/adl_pci9111.c       |    4 +-
 drivers/staging/comedi/drivers/adl_pci9118.c       |    2 +-
 drivers/staging/comedi/drivers/adv_pci1710.c       |   14 +-
 .../staging/comedi/drivers/amplc_dio200_common.c   |   10 +-
 .../staging/comedi/drivers/amplc_pc236_common.c    |    2 +-
 drivers/staging/comedi/drivers/amplc_pci224.c      |    6 +-
 drivers/staging/comedi/drivers/amplc_pci230.c      |   52 +-
 drivers/staging/comedi/drivers/cb_pcidas.c         |    4 +-
 drivers/staging/comedi/drivers/cb_pcidas64.c       |    4 +-
 drivers/staging/comedi/drivers/comedi_fc.h         |   17 -
 drivers/staging/comedi/drivers/comedi_parport.c    |    2 +-
 drivers/staging/comedi/drivers/comedi_test.c       |   23 +-
 drivers/staging/comedi/drivers/das16.c             |    4 +-
 drivers/staging/comedi/drivers/das16m1.c           |    2 +-
 drivers/staging/comedi/drivers/das1800.c           |    4 +-
 drivers/staging/comedi/drivers/das800.c            |    4 +-
 drivers/staging/comedi/drivers/dmm32at.c           |    3 +-
 drivers/staging/comedi/drivers/dt2814.c            |    2 +-
 drivers/staging/comedi/drivers/dt282x.c            |    4 +-
 drivers/staging/comedi/drivers/dt3000.c            |    2 +-
 drivers/staging/comedi/drivers/gsc_hpdi.c          |    2 +-
 drivers/staging/comedi/drivers/me4000.c            |    3 +-
 drivers/staging/comedi/drivers/mite.c              |    9 +-
 drivers/staging/comedi/drivers/ni_6527.c           |    2 +-
 drivers/staging/comedi/drivers/ni_65xx.c           |    2 +-
 drivers/staging/comedi/drivers/ni_660x.c           |    2 +-
 drivers/staging/comedi/drivers/ni_at_a2150.c       |    6 +-
 drivers/staging/comedi/drivers/ni_atmio16d.c       |    2 +-
 drivers/staging/comedi/drivers/ni_labpc_common.c   |    6 +-
 drivers/staging/comedi/drivers/ni_mio_common.c     |   22 +-
 drivers/staging/comedi/drivers/ni_pcidio.c         |    2 +-
 drivers/staging/comedi/drivers/ni_stc.h            |    2 +-
 drivers/staging/comedi/drivers/ni_tiocmd.c         |    3 +-
 drivers/staging/comedi/drivers/pcl711.c            |    6 +-
 drivers/staging/comedi/drivers/pcl726.c            |    2 +-
 drivers/staging/comedi/drivers/pcl812.c            |    8 +-
 drivers/staging/comedi/drivers/pcl816.c            |    6 +-
 drivers/staging/comedi/drivers/pcl818.c            |    4 +-
 drivers/staging/comedi/drivers/pcmmio.c            |   16 +-
 drivers/staging/comedi/drivers/pcmuio.c            |   16 +-
 drivers/staging/comedi/drivers/quatech_daqp_cs.c   |    2 +-
 drivers/staging/comedi/drivers/rtd520.c            |   56 +-
 drivers/staging/comedi/drivers/s626.c              |   18 +-
 drivers/staging/comedi/range.c                     |   36 +-
 drivers/staging/dgap/dgap.c                        |   62 +-
 drivers/staging/dgnc/dgnc_cls.c                    |   28 +-
 drivers/staging/dgnc/dgnc_driver.c                 |   20 +-
 drivers/staging/dgnc/dgnc_driver.h                 |   29 +-
 drivers/staging/dgnc/dgnc_neo.c                    |   28 +-
 drivers/staging/dgnc/dgnc_tty.c                    |  144 +-
 drivers/staging/dgnc/dgnc_tty.h                    |    2 -
 drivers/staging/emxx_udc/emxx_udc.c                |    3 +-
 drivers/staging/ft1000/ft1000-pcmcia/ft1000_hw.c   |   14 +-
 drivers/staging/ft1000/ft1000-usb/ft1000_debug.c   |   16 +-
 drivers/staging/gdm724x/gdm_lte.c                  |   10 +-
 drivers/staging/gdm724x/gdm_mux.h                  |    8 +-
 drivers/staging/gdm72xx/gdm_wimax.c                |    4 +-
 drivers/staging/gs_fpgaboot/gs_fpgaboot.c          |   32 +-
 drivers/staging/iio/Documentation/generic_buffer.c |    4 +
 .../staging/iio/Documentation/iio_event_monitor.c  |   32 +-
 drivers/staging/iio/Documentation/iio_utils.h      |    7 +
 drivers/staging/iio/Documentation/lsiio.c          |   20 +-
 drivers/staging/iio/accel/Kconfig                  |   39 +-
 drivers/staging/iio/adc/ad7192.c                   |    3 +-
 drivers/staging/iio/adc/ad7280a.c                  |    2 +-
 drivers/staging/iio/adc/ad7816.c                   |    3 +-
 drivers/staging/iio/adc/spear_adc.c                |    2 +-
 drivers/staging/iio/addac/Kconfig                  |    9 +
 drivers/staging/iio/addac/adt7316.h                |    3 +-
 drivers/staging/iio/gyro/Kconfig                   |    5 +-
 drivers/staging/iio/light/tsl2x7x_core.c           |    9 +-
 drivers/staging/iio/meter/Kconfig                  |   15 +
 drivers/staging/iio/trigger/Kconfig                |    5 +-
 .../staging/iio/trigger/iio-trig-periodic-rtc.c    |    3 +-
 drivers/staging/imx-drm/imx-drm-core.c             |    3 +-
 drivers/staging/imx-drm/imx-tve.c                  |    3 +-
 .../staging/lustre/lnet/klnds/o2iblnd/o2iblnd.c    |    5 +-
 drivers/staging/lustre/lnet/lnet/lib-md.c          |    2 +-
 drivers/staging/lustre/lnet/lnet/lib-move.c        |   16 +-
 drivers/staging/lustre/lnet/lnet/lo.c              |    8 +-
 drivers/staging/lustre/lnet/lnet/module.c          |   10 +-
 drivers/staging/lustre/lnet/lnet/router_proc.c     |   16 +-
 drivers/staging/lustre/lnet/selftest/brw_test.c    |    8 +-
 drivers/staging/lustre/lnet/selftest/ping_test.c   |    2 +-
 drivers/staging/lustre/lustre/include/dt_object.h  |    2 +-
 .../lustre/lustre/include/linux/lustre_compat25.h  |    8 +-
 drivers/staging/lustre/lustre/include/lu_object.h  |    4 +-
 drivers/staging/lustre/lustre/include/lustre_lib.h |    2 +-
 drivers/staging/lustre/lustre/include/lustre_net.h |    2 +-
 drivers/staging/lustre/lustre/include/obd_class.h  |    2 +-
 drivers/staging/lustre/lustre/ldlm/ldlm_pool.c     |    2 +-
 drivers/staging/lustre/lustre/ldlm/ldlm_resource.c |    8 +-
 drivers/staging/lustre/lustre/libcfs/debug.c       |    2 +-
 drivers/staging/lustre/lustre/libcfs/fail.c        |   24 +-
 drivers/staging/lustre/lustre/llite/dir.c          |   11 +-
 drivers/staging/lustre/lustre/llite/file.c         |    9 +-
 drivers/staging/lustre/lustre/llite/llite_lib.c    |   37 +-
 drivers/staging/lustre/lustre/llite/lloop.c        |    4 +-
 drivers/staging/lustre/lustre/llite/lproc_llite.c  |    4 +-
 drivers/staging/lustre/lustre/llite/namei.c        |    4 +-
 drivers/staging/lustre/lustre/llite/rw.c           |    2 +-
 drivers/staging/lustre/lustre/llite/rw26.c         |    6 +-
 drivers/staging/lustre/lustre/llite/statahead.c    |    2 +-
 drivers/staging/lustre/lustre/llite/xattr_cache.c  |    5 +-
 drivers/staging/lustre/lustre/lmv/lmv_obd.c        |    3 +-
 drivers/staging/lustre/lustre/lov/lov_obd.c        |    3 +-
 drivers/staging/lustre/lustre/lov/lov_pack.c       |    3 +-
 drivers/staging/lustre/lustre/mgc/mgc_request.c    |    8 +-
 drivers/staging/lustre/lustre/obdclass/dt_object.c |   15 +-
 drivers/staging/lustre/lustre/obdclass/llog_obd.c  |    2 +-
 .../staging/lustre/lustre/obdecho/echo_client.c    |  137 +-
 drivers/staging/lustre/lustre/osc/osc_cache.c      |    4 +-
 .../staging/lustre/lustre/osc/osc_cl_internal.h    |    2 +-
 drivers/staging/lustre/lustre/osc/osc_request.c    |    4 +-
 .../staging/lustre/lustre/ptlrpc/lproc_ptlrpc.c    |    5 +-
 drivers/staging/lustre/lustre/ptlrpc/pinger.c      |    4 +-
 drivers/staging/media/cxd2099/cxd2099.c            |    2 +-
 drivers/staging/media/davinci_vpfe/dm365_ipipe.h   |    4 +-
 .../staging/media/davinci_vpfe/dm365_ipipe_hw.c    |   62 +-
 .../staging/media/davinci_vpfe/dm365_ipipe_hw.h    |   58 +-
 drivers/staging/media/davinci_vpfe/dm365_ipipeif.h |    2 +-
 drivers/staging/media/davinci_vpfe/dm365_isif.c    |   10 +-
 drivers/staging/media/davinci_vpfe/dm365_isif.h    |    6 +-
 drivers/staging/media/davinci_vpfe/dm365_resizer.c |    2 +-
 drivers/staging/media/davinci_vpfe/dm365_resizer.h |    2 +-
 drivers/staging/media/lirc/lirc_imon.c             |   23 -
 drivers/staging/media/lirc/lirc_sasem.c            |    6 +-
 drivers/staging/media/omap24xx/omap24xxcam.c       |    6 +-
 drivers/staging/media/omap24xx/tcm825x.c           |    2 +-
 drivers/staging/media/omap4iss/iss.c               |    4 +-
 drivers/staging/media/omap4iss/iss_csi2.c          |    2 +-
 drivers/staging/octeon-usb/octeon-hcd.c            |   37 +-
 drivers/staging/octeon/ethernet-tx.c               |   11 +
 drivers/staging/octeon/ethernet.c                  |    2 +-
 drivers/staging/ozwpan/ozhcd.c                     |    6 +-
 drivers/staging/rtl8188eu/core/rtw_ap.c            |   17 +-
 drivers/staging/rtl8188eu/core/rtw_cmd.c           |    2 +-
 drivers/staging/rtl8188eu/core/rtw_efuse.c         |    2 +-
 drivers/staging/rtl8188eu/core/rtw_mlme.c          |    2 +-
 drivers/staging/rtl8188eu/hal/usb_halinit.c        |    2 +-
 drivers/staging/rtl8188eu/include/odm_debug.h      |   31 +-
 drivers/staging/rtl8188eu/os_dep/ioctl_linux.c     |   22 +-
 drivers/staging/rtl8188eu/os_dep/osdep_service.c   |    2 +-
 drivers/staging/rtl8192e/rtl8192e/r8192E_dev.c     |    4 +-
 drivers/staging/rtl8192e/rtllib_rx.c               |    4 -
 .../staging/rtl8192u/ieee80211/ieee80211_softmac.c |    8 +-
 drivers/staging/rtl8192u/ieee80211/ieee80211_wx.c  |    2 +-
 drivers/staging/rtl8192u/r8192U_dm.c               |   83 -
 drivers/staging/rtl8192u/r8192U_wx.c               |    6 -
 drivers/staging/rtl8192u/r819xU_firmware.c         |   20 +-
 drivers/staging/rtl8192u/r819xU_firmware.h         |    8 +-
 drivers/staging/rtl8192u/r819xU_phy.c              |    1 +
 drivers/staging/rtl8712/ieee80211.c                |   14 +-
 drivers/staging/rtl8712/osdep_service.h            |    8 +-
 drivers/staging/rtl8712/recv_linux.c               |    2 +-
 drivers/staging/rtl8712/rtl8712_efuse.c            |   40 +-
 drivers/staging/rtl8712/rtl871x_cmd.c              |   56 +-
 drivers/staging/rtl8712/rtl871x_io.c               |    6 +-
 drivers/staging/rtl8712/rtl871x_ioctl_linux.c      |    4 +-
 drivers/staging/rtl8712/rtl871x_ioctl_set.c        |   20 +-
 drivers/staging/rtl8712/rtl871x_mlme.c             |    4 +-
 drivers/staging/rtl8712/rtl871x_mp.c               |    4 +-
 drivers/staging/rtl8712/rtl871x_xmit.c             |    2 +-
 drivers/staging/rtl8712/usb_intf.c                 |   10 +-
 drivers/staging/rtl8712/usb_ops_linux.c            |    6 +-
 drivers/staging/rtl8723au/core/rtw_ap.c            |  159 +-
 drivers/staging/rtl8723au/core/rtw_cmd.c           |   81 +-
 drivers/staging/rtl8723au/core/rtw_efuse.c         |    7 +-
 drivers/staging/rtl8723au/core/rtw_ieee80211.c     |    4 +-
 drivers/staging/rtl8723au/core/rtw_led.c           |   84 +-
 drivers/staging/rtl8723au/core/rtw_mlme.c          |   63 +-
 drivers/staging/rtl8723au/core/rtw_mlme_ext.c      |   67 +-
 drivers/staging/rtl8723au/core/rtw_pwrctrl.c       |    8 +-
 drivers/staging/rtl8723au/core/rtw_recv.c          |   20 +-
 drivers/staging/rtl8723au/core/rtw_security.c      |   98 +-
 drivers/staging/rtl8723au/core/rtw_sreset.c        |    2 +-
 drivers/staging/rtl8723au/core/rtw_wlan_util.c     |   15 +-
 drivers/staging/rtl8723au/core/rtw_xmit.c          |   10 +-
 .../staging/rtl8723au/hal/HalDMOutSrc8723A_CE.c    |    2 +-
 drivers/staging/rtl8723au/hal/hal_com.c            |    4 +-
 .../staging/rtl8723au/hal/rtl8723a_bt-coexist.c    |   17 +-
 drivers/staging/rtl8723au/hal/rtl8723a_cmd.c       |    7 +-
 drivers/staging/rtl8723au/hal/rtl8723a_hal_init.c  |   18 +-
 drivers/staging/rtl8723au/hal/rtl8723a_phycfg.c    |    3 +-
 drivers/staging/rtl8723au/hal/usb_halinit.c        |    3 +-
 .../staging/rtl8723au/include/Hal8723UHWImg_CE.h   |    2 +-
 drivers/staging/rtl8723au/include/odm_debug.h      |   30 +-
 drivers/staging/rtl8723au/include/rtl8723a_dm.h    |    3 +-
 drivers/staging/rtl8723au/include/rtl8723a_recv.h  |    3 +-
 drivers/staging/rtl8723au/include/rtw_cmd.h        |    3 +-
 drivers/staging/rtl8723au/include/rtw_ht.h         |    3 +-
 drivers/staging/rtl8723au/include/rtw_mlme.h       |    2 +-
 drivers/staging/rtl8723au/include/rtw_mlme_ext.h   |    6 +-
 drivers/staging/rtl8723au/include/rtw_xmit.h       |   12 +-
 drivers/staging/rtl8723au/include/wlan_bssdef.h    |   21 +-
 drivers/staging/rtl8723au/os_dep/ioctl_cfg80211.c  |   20 +-
 drivers/staging/rtl8723au/os_dep/os_intfs.c        |    8 +-
 drivers/staging/rtl8723au/os_dep/usb_intf.c        |   27 +-
 drivers/staging/rtl8723au/os_dep/usb_ops_linux.c   |   23 -
 drivers/staging/rts5208/ms.c                       |    4 +-
 drivers/staging/rts5208/rtsx_chip.c                |  322 +-
 drivers/staging/rts5208/rtsx_scsi.c                |    3 +-
 drivers/staging/skein/skein_block.c                |  933 ++--
 drivers/staging/slicoss/slicoss.c                  |    5 +-
 drivers/staging/speakup/kobjects.c                 |    6 +-
 drivers/staging/speakup/main.c                     |    2 +-
 drivers/staging/speakup/speakup_dtlk.c             |    2 +-
 drivers/staging/speakup/speakup_keypc.c            |    2 +-
 drivers/staging/unisys/channels/channel.c          |  114 +-
 drivers/staging/unisys/channels/chanstub.c         |    8 +-
 drivers/staging/unisys/channels/chanstub.h         |    8 +-
 .../unisys/common-spar/include/channels/channel.h  |  505 +--
 .../common-spar/include/channels/channel_guid.h    |   27 +-
 .../include/channels/controlframework.h            |   43 +-
 .../include/channels/controlvmchannel.h            |  623 ++-
 .../common-spar/include/channels/diagchannel.h     |  168 +-
 .../common-spar/include/channels/iochannel.h       |  292 +-
 .../common-spar/include/channels/vbuschannel.h     |   80 +-
 .../unisys/common-spar/include/vbusdeviceinfo.h    |   37 +-
 .../unisys/common-spar/include/vmcallinterface.h   |   47 +-
 drivers/staging/unisys/include/timskmod.h          |   16 +-
 drivers/staging/unisys/include/uisqueue.h          |   75 +-
 drivers/staging/unisys/include/uisutils.h          |  159 +-
 drivers/staging/unisys/include/vbushelper.h        |   16 +-
 drivers/staging/unisys/uislib/uislib.c             |  489 +-
 drivers/staging/unisys/uislib/uisqueue.c           |    8 +-
 drivers/staging/unisys/uislib/uisutils.c           |  107 +-
 drivers/staging/unisys/virthba/virthba.c           |   74 +-
 drivers/staging/unisys/virtpci/virtpci.c           |   84 +-
 drivers/staging/unisys/virtpci/virtpci.h           |    2 +-
 .../unisys/visorchannel/visorchannel_funcs.c       |  197 +-
 drivers/staging/unisys/visorchipset/file.c         |    6 +-
 drivers/staging/unisys/visorchipset/parser.c       |   50 +-
 drivers/staging/unisys/visorchipset/testing.h      |    5 +-
 drivers/staging/unisys/visorchipset/visorchipset.h |   29 +-
 .../unisys/visorchipset/visorchipset_main.c        |  541 +--
 drivers/staging/unisys/visorutil/easyproc.c        |    6 +-
 drivers/staging/unisys/visorutil/procobjecttree.c  |   15 +-
 drivers/staging/unisys/visorutil/visorkmodutils.c  |   10 -
 drivers/staging/vme/devices/Kconfig                |    3 +
 drivers/staging/vme/devices/vme_pio2_gpio.c        |    4 +-
 drivers/staging/vt6655/baseband.c                  |   19 +-
 drivers/staging/vt6655/card.c                      |    2 +-
 drivers/staging/vt6655/datarate.h                  |    2 +-
 drivers/staging/vt6655/device.h                    |    8 +-
 drivers/staging/vt6655/device_main.c               |   44 +-
 drivers/staging/vt6655/dpc.c                       |    5 +-
 drivers/staging/vt6655/hostap.c                    |    3 +-
 drivers/staging/vt6655/hostap.h                    |    2 +-
 drivers/staging/vt6655/ioctl.c                     |   76 -
 drivers/staging/vt6655/iwctl.c                     |   13 +-
 drivers/staging/vt6655/key.c                       |    8 +-
 drivers/staging/vt6655/rxtx.c                      |  113 +-
 drivers/staging/vt6655/vntwifi.c                   |    6 +-
 drivers/staging/vt6655/wcmd.c                      |    3 +-
 drivers/staging/vt6655/wmgr.c                      |    5 +-
 drivers/staging/vt6655/wmgr.h                      |    2 +-
 drivers/staging/vt6655/wpa.h                       |    2 +-
 drivers/staging/vt6655/wpactl.c                    |    3 -
 drivers/staging/vt6655/wroute.c                    |    6 +-
 drivers/staging/vt6656/main_usb.c                  |   10 +-
 drivers/staging/wlan-ng/hfa384x.h                  |    3 +
 drivers/staging/wlan-ng/hfa384x_usb.c              |    6 +-
 drivers/staging/wlan-ng/p80211netdev.c             |    4 +-
 drivers/staging/wlan-ng/prism2fw.c                 |    6 +-
 drivers/staging/xgifb/vb_setmode.c                 |    2 +-
 drivers/staging/xgifb/vb_util.c                    |    5 +-
 include/uapi/linux/Kbuild                          |    1 +
 include/uapi/linux/android/Kbuild                  |    2 +
 .../uapi => include/uapi/linux/android}/binder.h   |    1 +
 353 files changed, 4058 insertions(+), 28711 deletions(-)
 create mode 100644 drivers/android/Kconfig
 create mode 100644 drivers/android/Makefile
 rename drivers/{staging => }/android/binder.c (99%)
 rename drivers/{staging => }/android/binder_trace.h (100%)
 delete mode 100644 drivers/staging/android/binder.h
 delete mode 100644 drivers/staging/bcm/Adapter.h
 delete mode 100644 drivers/staging/bcm/Bcmchar.c
 delete mode 100644 drivers/staging/bcm/Bcmnet.c
 delete mode 100644 drivers/staging/bcm/CmHost.c
 delete mode 100644 drivers/staging/bcm/CmHost.h
 delete mode 100644 drivers/staging/bcm/DDRInit.c
 delete mode 100644 drivers/staging/bcm/DDRInit.h
 delete mode 100644 drivers/staging/bcm/Debug.h
 delete mode 100644 drivers/staging/bcm/HandleControlPacket.c
 delete mode 100644 drivers/staging/bcm/HostMIBSInterface.h
 delete mode 100644 drivers/staging/bcm/IPv6Protocol.c
 delete mode 100644 drivers/staging/bcm/IPv6ProtocolHdr.h
 delete mode 100644 drivers/staging/bcm/InterfaceAdapter.h
 delete mode 100644 drivers/staging/bcm/InterfaceDld.c
 delete mode 100644 drivers/staging/bcm/InterfaceIdleMode.c
 delete mode 100644 drivers/staging/bcm/InterfaceIdleMode.h
 delete mode 100644 drivers/staging/bcm/InterfaceInit.c
 delete mode 100644 drivers/staging/bcm/InterfaceInit.h
 delete mode 100644 drivers/staging/bcm/InterfaceIsr.c
 delete mode 100644 drivers/staging/bcm/InterfaceIsr.h
 delete mode 100644 drivers/staging/bcm/InterfaceMacros.h
 delete mode 100644 drivers/staging/bcm/InterfaceMisc.c
 delete mode 100644 drivers/staging/bcm/InterfaceMisc.h
 delete mode 100644 drivers/staging/bcm/InterfaceRx.c
 delete mode 100644 drivers/staging/bcm/InterfaceRx.h
 delete mode 100644 drivers/staging/bcm/InterfaceTx.c
 delete mode 100644 drivers/staging/bcm/InterfaceTx.h
 delete mode 100644 drivers/staging/bcm/Ioctl.h
 delete mode 100644 drivers/staging/bcm/Kconfig
 delete mode 100644 drivers/staging/bcm/LeakyBucket.c
 delete mode 100644 drivers/staging/bcm/Macros.h
 delete mode 100644 drivers/staging/bcm/Makefile
 delete mode 100644 drivers/staging/bcm/Misc.c
 delete mode 100644 drivers/staging/bcm/PHSDefines.h
 delete mode 100644 drivers/staging/bcm/PHSModule.c
 delete mode 100644 drivers/staging/bcm/PHSModule.h
 delete mode 100644 drivers/staging/bcm/Protocol.h
 delete mode 100644 drivers/staging/bcm/Prototypes.h
 delete mode 100644 drivers/staging/bcm/Qos.c
 delete mode 100644 drivers/staging/bcm/Queue.h
 delete mode 100644 drivers/staging/bcm/TODO
 delete mode 100644 drivers/staging/bcm/Transmit.c
 delete mode 100644 drivers/staging/bcm/Typedefs.h
 delete mode 100644 drivers/staging/bcm/cntrl_SignalingInterface.h
 delete mode 100644 drivers/staging/bcm/headers.h
 delete mode 100644 drivers/staging/bcm/hostmibs.c
 delete mode 100644 drivers/staging/bcm/led_control.c
 delete mode 100644 drivers/staging/bcm/led_control.h
 delete mode 100644 drivers/staging/bcm/nvm.c
 delete mode 100644 drivers/staging/bcm/nvm.h
 delete mode 100644 drivers/staging/bcm/sort.c
 delete mode 100644 drivers/staging/bcm/target_params.h
 delete mode 100644 drivers/staging/bcm/vendorspecificextn.c
 delete mode 100644 drivers/staging/bcm/vendorspecificextn.h
 create mode 100644 drivers/staging/clocking-wizard/Kconfig
 create mode 100644 drivers/staging/clocking-wizard/Makefile
 create mode 100644 drivers/staging/clocking-wizard/TODO
 create mode 100644 drivers/staging/clocking-wizard/clk-xlnx-clock-wizard.c
 create mode 100644 drivers/staging/clocking-wizard/dt-binding.txt
 create mode 100644 include/uapi/linux/android/Kbuild
 rename {drivers/staging/android/uapi => include/uapi/linux/android}/binder.h (99%)
Merging char-misc/char-misc-next (cac7f2429872 Linux 3.18-rc2)
$ git merge char-misc/char-misc-next
Already up-to-date.
Merging cgroup/for-next (cea74465e27b cpuset: lock vs unlock typo)
$ git merge cgroup/for-next
Auto-merging kernel/cpuset.c
Merge made by the 'recursive' strategy.
 include/linux/cpuset.h |  37 +++--------
 kernel/cpuset.c        | 162 +++++++++++++++++--------------------------------
 mm/hugetlb.c           |   2 +-
 mm/oom_kill.c          |   2 +-
 mm/page_alloc.c        |   6 +-
 mm/slab.c              |   2 +-
 mm/slub.c              |   3 +-
 mm/vmscan.c            |   5 +-
 8 files changed, 75 insertions(+), 144 deletions(-)
Merging scsi/for-next (e166e75ff6e6 scsi_debug: error message should say scsi_host_alloc not scsi_register)
$ git merge scsi/for-next
Merge made by the 'recursive' strategy.
 Documentation/scsi/st.txt |  8 +++++---
 drivers/misc/enclosure.c  | 44 ++++++++++++++++++++++++++++++++++++++++----
 drivers/scsi/scsi_debug.c |  2 +-
 drivers/scsi/scsi_error.c | 10 ++++++++++
 drivers/scsi/scsi_ioctl.c | 20 +++++++++++++-------
 drivers/scsi/scsi_lib.c   |  2 +-
 drivers/scsi/scsi_scan.c  |  6 +++---
 drivers/scsi/scsicam.c    |  4 ++--
 drivers/scsi/sg.c         | 17 +++++++++++------
 drivers/scsi/st.c         | 16 +++++++++++++++-
 drivers/scsi/tmscsim.h    |  2 --
 include/scsi/scsi_eh.h    |  5 +++++
 include/scsi/sg.h         |  5 ++++-
 13 files changed, 110 insertions(+), 31 deletions(-)
Merging target-updates/for-next (cac7f2429872 Linux 3.18-rc2)
$ git merge target-updates/for-next
Already up-to-date.
Merging target-merge/for-next-merge (b28a960c42fc Linux 3.14-rc2)
$ git merge target-merge/for-next-merge
Already up-to-date.
Merging writeback/writeback-for-next (f9b0e058cbd0 writeback: Fix data corruption on NFS)
$ git merge writeback/writeback-for-next
Already up-to-date.
Merging hwspinlock/linux-next (8b37fcfc9b34 hwspinlock: add MAINTAINERS entries)
$ git merge hwspinlock/linux-next
Already up-to-date.
Merging pinctrl/for-next (b9f022c94ad5 Merge branch 'devel' into for-next)
$ git merge pinctrl/for-next
Auto-merging MAINTAINERS
Merge made by the 'recursive' strategy.
 .../devicetree/bindings/pinctrl/qcom,pmic-gpio.txt | 215 +++++
 .../devicetree/bindings/pinctrl/qcom,pmic-mpp.txt  | 162 ++++
 .../devicetree/bindings/pinctrl/ste,abx500.txt     | 184 ++--
 MAINTAINERS                                        |   3 +-
 arch/arm/boot/dts/ste-ccu8540-pinctrl.dtsi         |  64 +-
 arch/arm/boot/dts/ste-href-ab8500.dtsi             | 162 ++--
 arch/arm/boot/dts/ste-href-ab8505.dtsi             |  90 +-
 arch/arm/boot/dts/ste-href-family-pinctrl.dtsi     | 230 ++---
 arch/arm/boot/dts/ste-href-stuib.dtsi              |   4 +-
 arch/arm/boot/dts/ste-href-tvk1281618.dtsi         |  12 +-
 arch/arm/boot/dts/ste-hrefprev60.dtsi              |  20 +-
 arch/arm/boot/dts/ste-hrefv60plus.dtsi             |  42 +-
 arch/arm/boot/dts/ste-nomadik-s8815.dts            |   8 +-
 arch/arm/boot/dts/ste-nomadik-stn8815.dtsi         |  32 +-
 arch/arm/boot/dts/ste-snowball.dts                 |  36 +-
 drivers/pinctrl/freescale/pinctrl-imx.c            |  72 ++
 drivers/pinctrl/nomadik/pinctrl-abx500.c           |  33 +-
 drivers/pinctrl/nomadik/pinctrl-nomadik-stn8815.c  |   4 +-
 drivers/pinctrl/nomadik/pinctrl-nomadik.c          |  18 +-
 drivers/pinctrl/pinconf-generic.c                  |  65 +-
 drivers/pinctrl/pinctrl-at91.c                     |   4 +-
 drivers/pinctrl/pinctrl-at91.h                     |  66 ++
 drivers/pinctrl/pinctrl-baytrail.c                 |  15 +-
 drivers/pinctrl/pinctrl-st.c                       |   2 +-
 drivers/pinctrl/pinctrl-tb10x.c                    |   8 +-
 drivers/pinctrl/pinctrl-tegra-xusb.c               |  19 +-
 drivers/pinctrl/qcom/Kconfig                       |  13 +
 drivers/pinctrl/qcom/Makefile                      |   2 +
 drivers/pinctrl/qcom/pinctrl-spmi-gpio.c           | 933 ++++++++++++++++++++
 drivers/pinctrl/qcom/pinctrl-spmi-mpp.c            | 949 +++++++++++++++++++++
 include/dt-bindings/pinctrl/qcom,pmic-gpio.h       | 142 +++
 include/dt-bindings/pinctrl/qcom,pmic-mpp.h        |  44 +
 32 files changed, 3117 insertions(+), 536 deletions(-)
 create mode 100644 Documentation/devicetree/bindings/pinctrl/qcom,pmic-gpio.txt
 create mode 100644 Documentation/devicetree/bindings/pinctrl/qcom,pmic-mpp.txt
 create mode 100644 drivers/pinctrl/pinctrl-at91.h
 create mode 100644 drivers/pinctrl/qcom/pinctrl-spmi-gpio.c
 create mode 100644 drivers/pinctrl/qcom/pinctrl-spmi-mpp.c
 create mode 100644 include/dt-bindings/pinctrl/qcom,pmic-gpio.h
 create mode 100644 include/dt-bindings/pinctrl/qcom,pmic-mpp.h
Merging vhost/linux-next (970379f59d81 vhost: move memory pointer to VQs)
$ git merge vhost/linux-next
Resolved 'drivers/vhost/net.c' using previous resolution.
Auto-merging drivers/vhost/net.c
CONFLICT (content): Merge conflict in drivers/vhost/net.c
Automatic merge failed; fix conflicts and then commit the result.
$ git commit -v -a
[master 8e43f5107e85] Merge remote-tracking branch 'vhost/linux-next'
$ git diff -M --stat --summary HEAD^..
Merging remoteproc/for-next (9a3c4145af32 Linux 3.16-rc6)
$ git merge remoteproc/for-next
Already up-to-date.
Merging rpmsg/for-next (397944df3290 rpmsg: fix kconfig dependencies for VIRTIO)
$ git merge rpmsg/for-next
Already up-to-date.
Merging gpio/for-next (e3a2e8789312 gpio: rename gpio_lock_as_irq to gpiochip_lock_as_irq)
$ git merge gpio/for-next
Auto-merging drivers/pinctrl/pinctrl-at91.c
Auto-merging drivers/gpio/gpiolib.c
Auto-merging drivers/gpio/gpiolib-acpi.c
Merge made by the 'recursive' strategy.
 .../devicetree/bindings/gpio/gpio-74xx-mmio.txt    |  30 +++
 .../devicetree/bindings/gpio/gpio-vf610.txt        |  55 ++++
 Documentation/gpio/driver.txt                      |   4 +-
 drivers/gpio/Kconfig                               |  23 ++
 drivers/gpio/Makefile                              |   2 +
 drivers/gpio/gpio-74xx-mmio.c                      | 170 ++++++++++++
 drivers/gpio/gpio-amd8111.c                        |   1 +
 drivers/gpio/gpio-bcm-kona.c                       |   4 +-
 drivers/gpio/gpio-cs5535.c                         |  11 +-
 drivers/gpio/gpio-dwapb.c                          |   4 +-
 drivers/gpio/gpio-em.c                             |   4 +-
 drivers/gpio/gpio-grgpio.c                         |   1 +
 drivers/gpio/gpio-mcp23s08.c                       |   4 +-
 drivers/gpio/gpio-omap.c                           |   2 +-
 drivers/gpio/gpio-stp-xway.c                       |   8 +-
 drivers/gpio/gpio-tb10x.c                          |   7 +-
 drivers/gpio/gpio-tegra.c                          |   4 +-
 drivers/gpio/gpio-vf610.c                          | 295 +++++++++++++++++++++
 drivers/gpio/gpio-vr41xx.c                         |   4 +-
 drivers/gpio/gpiolib-acpi.c                        |   6 +-
 drivers/gpio/gpiolib-sysfs.c                       |   4 +-
 drivers/gpio/gpiolib.c                             |  16 +-
 drivers/pinctrl/pinctrl-at91.c                     |   4 +-
 drivers/pinctrl/samsung/pinctrl-exynos.c           |   4 +-
 drivers/pinctrl/sunxi/pinctrl-sunxi.c              |   6 +-
 include/linux/gpio.h                               |   7 +-
 include/linux/gpio/driver.h                        |   4 +-
 27 files changed, 624 insertions(+), 60 deletions(-)
 create mode 100644 Documentation/devicetree/bindings/gpio/gpio-74xx-mmio.txt
 create mode 100644 Documentation/devicetree/bindings/gpio/gpio-vf610.txt
 create mode 100644 drivers/gpio/gpio-74xx-mmio.c
 create mode 100644 drivers/gpio/gpio-vf610.c
Merging dma-mapping/dma-mapping-next (dda02fd6278d mm, cma: make parameters order consistent in func declaration and definition)
$ git merge dma-mapping/dma-mapping-next
Merge made by the 'recursive' strategy.
 include/linux/cma.h |  8 +++----
 mm/cma.c            | 68 ++++++++++++++++++++++++++++++++++-------------------
 2 files changed, 48 insertions(+), 28 deletions(-)
Merging pwm/for-next (e2e08970100d pwm: atmel: Fix calculation of prescale value)
$ git merge pwm/for-next
Already up-to-date.
Merging dma-buf/for-next (101e31050bf1 dma-buf/fence: Fix one more kerneldoc warning)
$ git merge dma-buf/for-next
Merge made by the 'recursive' strategy.
Merging userns/for-next (a1998908ba46 nfs: fix kernel warning when removing proc entry)
$ git merge userns/for-next
Resolved 'fs/nfs/client.c' using previous resolution.
Auto-merging fs/nfs/client.c
CONFLICT (content): Merge conflict in fs/nfs/client.c
Auto-merging fs/namespace.c
Automatic merge failed; fix conflicts and then commit the result.
$ git commit -v -a
[master dc5feaaf519a] Merge remote-tracking branch 'userns/for-next'
$ git diff -M --stat --summary HEAD^..
 fs/namespace.c                                     |  9 ++++
 .../selftests/mount/unprivileged-remount-test.c    | 51 ++++++++++++----------
 2 files changed, 36 insertions(+), 24 deletions(-)
Merging ktest/for-next (d832d743385d ktest: Don't bother with bisect good or bad on replay)
$ git merge ktest/for-next
Already up-to-date.
Merging signal/for-next (20b4fb485227 Merge branch 'for-linus' of git://git.kernel.org/pub/scm/linux/kernel/git/viro/vfs)
$ git merge signal/for-next
Already up-to-date.
Merging clk/clk-next (98d147f50eb0 clk: pxa clocks build system fix)
$ git merge clk/clk-next
Already up-to-date.
Merging random/dev (7185ad2672a7 crypto: memzero_explicit - make sure to clear out sensitive data)
$ git merge random/dev
Already up-to-date.
Merging lzo-update/lzo-update (42b775abafaf lib/lzo: huge LZO decompression speedup on ARM by using unaligned access)
$ git merge lzo-update/lzo-update
Auto-merging lib/lzo/lzo1x_decompress_safe.c
Merge made by the 'recursive' strategy.
 lib/lzo/lzo1x_decompress_safe.c | 4 ++++
 lib/lzo/lzodefs.h               | 6 ++++++
 2 files changed, 10 insertions(+)
Merging aio/master (668044a5d632 aio: Make it possible to remap aio ring)
$ git merge aio/master
Auto-merging mm/mremap.c
Auto-merging include/linux/fs.h
Auto-merging fs/aio.c
Merge made by the 'recursive' strategy.
 fs/aio.c           | 25 +++++++++++++++++++++++++
 include/linux/fs.h |  1 +
 mm/mremap.c        |  3 ++-
 3 files changed, 28 insertions(+), 1 deletion(-)
Merging llvmlinux/for-next (ec25a590c29c arm: LLVMLinux: Use global stack register variable for percpu)
$ git merge llvmlinux/for-next
Merge made by the 'recursive' strategy.
 arch/arm/include/asm/percpu.h      | 4 ++--
 arch/arm/include/asm/ptrace.h      | 5 ++---
 arch/arm/include/asm/thread_info.h | 9 +++++++--
 arch/arm/kernel/return_address.c   | 3 +--
 arch/arm/kernel/stacktrace.c       | 4 +---
 arch/arm/kernel/unwind.c           | 3 +--
 6 files changed, 14 insertions(+), 14 deletions(-)
Merging documentation/for-next (0415447aa3b4 Documentation: fix broken v4l-utils URL)
$ git merge documentation/for-next
Already up-to-date.
Merging kselftest/next (49296470830a selftests/timers: change test to use ksft framework)
$ git merge kselftest/next
Merge made by the 'recursive' strategy.
 .../selftests/breakpoints/breakpoint_test.c        | 10 ++--
 tools/testing/selftests/ipc/msgque.c               | 26 ++++-----
 tools/testing/selftests/kcmp/kcmp_test.c           | 27 +++++++---
 tools/testing/selftests/kselftest.h                | 62 ++++++++++++++++++++++
 tools/testing/selftests/timers/posix_timers.c      | 14 ++---
 5 files changed, 110 insertions(+), 29 deletions(-)
 create mode 100644 tools/testing/selftests/kselftest.h
Merging y2038/y2038 (c826ead1e7ce ALSA: es1968: Replace timeval with ktime_t)
$ git merge y2038/y2038
Auto-merging kernel/cpuset.c
Merge made by the 'recursive' strategy.
 include/linux/timekeeping.h |  1 +
 kernel/cpuset.c             | 12 ++++++++----
 kernel/time/timekeeping.c   | 25 +++++++++++++++++++++++++
 sound/pci/es1968.c          | 15 ++++++---------
 4 files changed, 40 insertions(+), 13 deletions(-)
Merging akpm-current/current (5203c520019e ipc-msg-increase-msgmni-remove-scaling-checkpatch-fixes)
$ git merge --no-ff akpm-current/current
Resolved 'kernel/cpuset.c' using previous resolution.
Resolved 'mm/cma.c' using previous resolution.
Resolved 'mm/slab.c' using previous resolution.
Resolved 'mm/slub.c' using previous resolution.
Auto-merging mm/vmscan.c
Auto-merging mm/slub.c
CONFLICT (content): Merge conflict in mm/slub.c
Auto-merging mm/slab.c
CONFLICT (content): Merge conflict in mm/slab.c
Auto-merging mm/page_alloc.c
Auto-merging mm/memory.c
Auto-merging mm/huge_memory.c
Auto-merging mm/cma.c
CONFLICT (content): Merge conflict in mm/cma.c
Auto-merging kernel/time/posix-timers.c
Auto-merging kernel/sysctl.c
Removing kernel/res_counter.c
Auto-merging kernel/gcov/Kconfig
Auto-merging kernel/debug/debug_core.c
Auto-merging kernel/cpuset.c
CONFLICT (content): Merge conflict in kernel/cpuset.c
Auto-merging kernel/Makefile
Removing ipc/ipcns_notifier.c
Auto-merging init/Kconfig
Auto-merging include/net/sock.h
Auto-merging include/linux/string.h
Removing include/linux/res_counter.h
Auto-merging include/linux/mm.h
Auto-merging include/linux/cma.h
Auto-merging fs/open.c
Auto-merging fs/cifs/smb2pdu.h
Auto-merging fs/cifs/smb2pdu.c
Auto-merging fs/cifs/smb2ops.c
Auto-merging drivers/rtc/Kconfig
Auto-merging arch/x86/Kconfig
Auto-merging arch/microblaze/Kconfig
Auto-merging arch/arm64/Kconfig
Removing Documentation/cgroups/resource_counter.txt
Automatic merge failed; fix conflicts and then commit the result.
$ git commit -v -a
[master 76af8e73e8f0] Merge branch 'akpm-current/current'
$ git diff -M --stat --summary HEAD^..
 Documentation/cgroups/hugetlb.txt                  |    2 +-
 Documentation/cgroups/memory.txt                   |   21 +-
 Documentation/cgroups/resource_counter.txt         |  197 ---
 Documentation/devicetree/bindings/rtc/rtc-omap.txt |    9 +-
 Documentation/filesystems/vfat.txt                 |   10 +
 Documentation/leds/leds-class.txt                  |    3 -
 Documentation/printk-formats.txt                   |    6 +
 Documentation/sysctl/kernel.txt                    |   10 +-
 arch/arm/Kconfig                                   |    1 +
 arch/arm/boot/dts/am335x-boneblack.dts             |    4 +
 arch/arm/boot/dts/am33xx.dtsi                      |    2 +-
 arch/arm64/Kconfig                                 |    1 +
 arch/ia64/kernel/perfmon.c                         |    2 +-
 arch/microblaze/Kconfig                            |    1 +
 arch/powerpc/Kconfig                               |    1 +
 arch/powerpc/platforms/cell/spufs/inode.c          |    4 +-
 arch/s390/Kconfig                                  |    1 +
 arch/sh/Kconfig                                    |    1 +
 arch/x86/Kconfig                                   |    1 +
 block/bio.c                                        |   54 +-
 block/genhd.c                                      |    2 +-
 drivers/base/Kconfig                               |    8 +-
 drivers/base/dma-contiguous.c                      |    3 +-
 drivers/block/zram/zram_drv.c                      |   70 +-
 drivers/input/Kconfig                              |    9 +
 drivers/input/Makefile                             |    3 +
 drivers/input/input.c                              |    6 +
 drivers/input/leds.c                               |  276 ++++
 drivers/leds/Kconfig                               |    3 -
 drivers/misc/ti-st/st_core.c                       |    2 +-
 drivers/of/of_reserved_mem.c                       |   14 +-
 drivers/rtc/Kconfig                                |    2 +-
 drivers/rtc/interface.c                            |    8 +
 drivers/rtc/rtc-bq32k.c                            |    2 +-
 drivers/rtc/rtc-omap.c                             |  540 +++---
 drivers/rtc/rtc-pm8xxx.c                           |  222 ++-
 drivers/rtc/rtc-s3c.c                              |   14 +-
 drivers/tty/Kconfig                                |    4 +
 drivers/tty/vt/keyboard.c                          |  110 +-
 drivers/video/backlight/backlight.c                |    2 -
 fs/affs/affs.h                                     |    2 +
 fs/affs/amigaffs.c                                 |   28 +-
 fs/affs/file.c                                     |   54 +-
 fs/befs/linuxvfs.c                                 |    4 -
 fs/binfmt_misc.c                                   |  391 +++--
 fs/cifs/cifsacl.c                                  |    2 +-
 fs/cifs/cifssmb.c                                  |   20 +-
 fs/cifs/file.c                                     |    4 +-
 fs/cifs/sess.c                                     |    2 +-
 fs/cifs/smb2file.c                                 |    4 +-
 fs/cifs/smb2misc.c                                 |   38 +-
 fs/cifs/smb2ops.c                                  |    2 +-
 fs/cifs/smb2pdu.c                                  |    2 +-
 fs/cifs/smb2pdu.h                                  |   28 +-
 fs/ext4/fsync.c                                    |    5 +-
 fs/fat/cache.c                                     |   38 +-
 fs/fat/fat.h                                       |    4 +
 fs/fat/file.c                                      |   65 +
 fs/fat/inode.c                                     |   65 +-
 fs/file.c                                          |    2 +-
 fs/hfsplus/catalog.c                               |   89 +-
 fs/hfsplus/dir.c                                   |   11 +-
 fs/hfsplus/hfsplus_fs.h                            |    4 +-
 fs/hfsplus/super.c                                 |    4 +-
 fs/mpage.c                                         |   23 +-
 fs/ncpfs/ioctl.c                                   |    1 -
 fs/notify/inode_mark.c                             |   17 +-
 fs/ocfs2/alloc.c                                   |   28 +-
 fs/ocfs2/alloc.h                                   |    2 +-
 fs/ocfs2/aops.c                                    |  268 ++-
 fs/ocfs2/cluster/heartbeat.c                       |    4 +-
 fs/ocfs2/dir.c                                     |    2 +-
 fs/ocfs2/dlm/dlmast.c                              |    6 +-
 fs/ocfs2/dlm/dlmmaster.c                           |   22 +-
 fs/ocfs2/dlm/dlmrecovery.c                         |   18 +-
 fs/ocfs2/dlm/dlmthread.c                           |   10 +
 fs/ocfs2/file.c                                    |  106 +-
 fs/ocfs2/file.h                                    |    9 +
 fs/ocfs2/inode.c                                   |   13 +-
 fs/ocfs2/journal.c                                 |  131 +-
 fs/ocfs2/journal.h                                 |    5 +
 fs/ocfs2/namei.c                                   |  167 +-
 fs/ocfs2/namei.h                                   |   20 +-
 fs/ocfs2/ocfs2.h                                   |    5 +
 fs/ocfs2/slot_map.c                                |    2 +-
 fs/ocfs2/super.c                                   |    4 +-
 fs/ocfs2/xattr.c                                   |    2 +-
 fs/open.c                                          |   11 +
 fs/proc/generic.c                                  |  171 +-
 fs/proc/internal.h                                 |   11 +-
 fs/proc/meminfo.c                                  |   15 +-
 fs/proc/proc_net.c                                 |    1 +
 fs/proc/root.c                                     |    1 +
 include/linux/cgroup.h                             |   26 +
 include/linux/cma.h                                |    1 +
 include/linux/compaction.h                         |   10 +-
 include/linux/crc64_ecma.h                         |   56 +
 include/linux/fault-inject.h                       |   17 +-
 include/linux/file.h                               |    1 -
 include/linux/gfp.h                                |    4 +-
 include/linux/hugetlb.h                            |    3 +-
 include/linux/hugetlb_cgroup.h                     |    1 -
 include/linux/input.h                              |   21 +
 include/linux/ipc_namespace.h                      |   20 -
 include/linux/khugepaged.h                         |   17 +-
 include/linux/memcontrol.h                         |   63 +-
 include/linux/mm.h                                 |    1 -
 include/linux/of_reserved_mem.h                    |    9 +-
 include/linux/page_cgroup.h                        |   12 -
 include/linux/page_counter.h                       |   51 +
 include/linux/percpu-refcount.h                    |   47 +-
 include/linux/ratelimit.h                          |   12 +-
 include/linux/res_counter.h                        |  223 ---
 include/linux/string.h                             |    1 +
 include/net/sock.h                                 |   26 +-
 include/uapi/linux/msg.h                           |   28 +-
 include/uapi/linux/sem.h                           |   18 +-
 init/Kconfig                                       |   28 +-
 init/main.c                                        |    4 +-
 ipc/Makefile                                       |    2 +-
 ipc/ipc_sysctl.c                                   |   93 +-
 ipc/ipcns_notifier.c                               |   92 --
 ipc/msg.c                                          |   36 +-
 ipc/namespace.c                                    |   22 -
 ipc/sem.c                                          |   13 +-
 ipc/util.c                                         |   40 -
 kernel/Makefile                                    |    1 -
 kernel/debug/debug_core.c                          |    9 +-
 kernel/debug/kdb/kdb_debugger.c                    |    4 +
 kernel/debug/kdb/kdb_main.c                        |    4 +-
 kernel/gcov/Kconfig                                |    5 +-
 kernel/kexec.c                                     |    2 +-
 kernel/kmod.c                                      |  111 +-
 kernel/res_counter.c                               |  211 ---
 kernel/sysctl.c                                    |    6 +-
 kernel/time/posix-timers.c                         |   57 +-
 lib/Kconfig                                        |    7 +
 lib/Makefile                                       |    1 +
 lib/bitmap.c                                       |    8 +-
 lib/crc64_ecma.c                                   |  341 ++++
 lib/decompress_bunzip2.c                           |    2 +-
 lib/fault-inject.c                                 |   21 +-
 lib/show_mem.c                                     |    6 +
 lib/vsprintf.c                                     |   20 +-
 mm/Makefile                                        |    1 +
 mm/cma.c                                           |    8 +-
 mm/compaction.c                                    |   92 +-
 mm/huge_memory.c                                   |   15 +-
 mm/hugetlb_cgroup.c                                |  103 +-
 mm/internal.h                                      |    7 +-
 mm/memcontrol.c                                    | 1735 ++++++--------------
 mm/memory-failure.c                                |    4 +-
 mm/memory.c                                        |    8 +
 mm/memory_hotplug.c                                |    9 +-
 mm/mmap.c                                          |    8 +-
 mm/page-writeback.c                                |   43 +-
 mm/page_alloc.c                                    |  127 +-
 mm/page_cgroup.c                                   |    1 +
 mm/page_counter.c                                  |  192 +++
 mm/page_isolation.c                                |    2 +-
 mm/rmap.c                                          |   88 +-
 mm/slab.c                                          |   12 +-
 mm/slab_common.c                                   |   10 -
 mm/slub.c                                          |   13 +-
 mm/util.c                                          |   30 +
 mm/vmalloc.c                                       |    3 +-
 mm/vmscan.c                                        |   18 +-
 mm/zbud.c                                          |    2 +-
 mm/zsmalloc.c                                      |   80 +-
 net/ipv4/tcp_memcontrol.c                          |   87 +-
 scripts/checkpatch.pl                              |   75 +-
 security/smack/smack_lsm.c                         |   13 +-
 usr/Kconfig                                        |   24 +-
 173 files changed, 4538 insertions(+), 3660 deletions(-)
 delete mode 100644 Documentation/cgroups/resource_counter.txt
 create mode 100644 drivers/input/leds.c
 create mode 100644 include/linux/crc64_ecma.h
 create mode 100644 include/linux/page_counter.h
 delete mode 100644 include/linux/res_counter.h
 delete mode 100644 ipc/ipcns_notifier.c
 delete mode 100644 kernel/res_counter.c
 create mode 100644 lib/crc64_ecma.c
 create mode 100644 mm/page_counter.c
$ git am -3 ../patches/0001-mm-cma-include-linux-io.h-for-phys_to_virt.patch
Applying: mm/cma: include linux/io.h for phys_to_virt()
$ git reset HEAD^
Unstaged changes after reset:
M	mm/cma.c
$ git add -A .
$ git commit -v -a --amend
[master 4f22fcde5079] Merge branch 'akpm-current/current'
 Date: Wed Oct 29 14:05:48 2014 +1100
$ git clone -s -l -n -q . ../rebase-tmp
$ cd ../rebase-tmp
$ git checkout -b akpm remotes/origin/akpm/master
Switched to a new branch 'akpm'
$ git rebase --onto master remotes/origin/akpm/master-base
First, rewinding head to replay your work on top of it...
Applying: drivers/gpio/gpio-zevio.c: fix build
Applying: mm: replace remap_file_pages() syscall with emulation
Applying: drivers/w1/w1_int.c: call put_device if device_register fails
Applying: mm: add strictlimit knob
$ cd ../next
$ git fetch -f ../rebase-tmp akpm:akpm/master
From ../rebase-tmp
 + 9d03e8f539bb...d22b8953f59b akpm       -> akpm/master  (forced update)
$ rm -rf ../rebase-tmp
Merging akpm/master (d22b8953f59b mm: add strictlimit knob)
$ git merge --no-ff akpm/master
Removing mm/fremap.c
Merge made by the 'recursive' strategy.
 Documentation/ABI/testing/sysfs-class-bdi |   8 +
 Documentation/vm/remap_file_pages.txt     |   7 +-
 drivers/gpio/gpio-zevio.c                 |   4 +
 drivers/w1/w1_int.c                       |   3 +-
 include/linux/fs.h                        |   8 +-
 mm/Makefile                               |   2 +-
 mm/backing-dev.c                          |  35 ++++
 mm/fremap.c                               | 283 ------------------------------
 mm/mmap.c                                 |  69 ++++++++
 mm/nommu.c                                |   8 -
 10 files changed, 127 insertions(+), 300 deletions(-)
 delete mode 100644 mm/fremap.c
